Creating new Ultralytics Settings v0.0.6 file ✅ 
View Ultralytics Settings with 'yolo settings' or at '/root/.config/Ultralytics/settings.json'
Update Settings with 'yolo settings key=value', i.e. 'yolo settings runs_dir=path/to/dir'. For help see https://docs.ultralytics.com/quickstart/#ultralytics-settings.
Loading models/yolo11n-cls_trt10.engine for TensorRT inference...
[07/07/2026-08:51:10] [TRT] [I] Loaded engine size: 11 MiB
[07/07/2026-08:51:10] [TRT] [W] Using an engine plan file across different models of devices is not recommended and is likely to affect performance or even cause errors.
[07/07/2026-08:51:10] [TRT] [I] [MemUsageChange] TensorRT-managed allocation in IExecutionContext creation: CPU +0, GPU +2, now: CPU 0, GPU 12 (MiB)

image 1/100 /mnt/yolo/data/classify_src/ILSVRC2012_val_00006561.jpg: 224x224 parachute 1.00, balloon 0.00, umbrella 0.00, airship 0.00, quill 0.00, 4.7ms
image 2/100 /mnt/yolo/data/classify_src/ILSVRC2012_val_00010460.jpg: 224x224 balloon 0.70, parachute 0.27, pinwheel 0.01, umbrella 0.01, jigsaw_puzzle 0.00, 4.7ms
image 3/100 /mnt/yolo/data/classify_src/n01440764_10852.jpg: 224x224 tench 1.00, coho 0.00, barracouta 0.00, terrapin 0.00, bolete 0.00, 4.6ms
image 4/100 /mnt/yolo/data/classify_src/n01440764_11400.jpg: 224x224 tench 0.99, barracouta 0.01, coho 0.00, gar 0.00, sturgeon 0.00, 4.6ms
image 5/100 /mnt/yolo/data/classify_src/n01440764_11972.jpg: 224x224 tench 1.00, barracouta 0.00, coho 0.00, sturgeon 0.00, bolete 0.00, 4.6ms
image 6/100 /mnt/yolo/data/classify_src/n01440764_12100.jpg: 224x224 tench 1.00, barracouta 0.00, coho 0.00, bullfrog 0.00, puffer 0.00, 4.5ms
image 7/100 /mnt/yolo/data/classify_src/n01440764_12291.jpg: 224x224 tench 1.00, terrapin 0.00, barracouta 0.00, platypus 0.00, electric_ray 0.00, 4.5ms
image 8/100 /mnt/yolo/data/classify_src/n01440764_13581.jpg: 224x224 tench 0.95, barracouta 0.05, coho 0.00, sturgeon 0.00, gar 0.00, 4.6ms
image 9/100 /mnt/yolo/data/classify_src/n01440764_3070.jpg: 224x224 tench 1.00, barracouta 0.00, coho 0.00, eel 0.00, Dungeness_crab 0.00, 4.7ms
image 10/100 /mnt/yolo/data/classify_src/n01440764_4490.jpg: 224x224 tench 0.47, bullfrog 0.13, common_iguana 0.10, alligator_lizard 0.03, tailed_frog 0.03, 4.6ms
image 11/100 /mnt/yolo/data/classify_src/n01440764_7272.jpg: 224x224 tench 0.70, sturgeon 0.12, coho 0.08, barracouta 0.04, common_iguana 0.01, 4.6ms
image 12/100 /mnt/yolo/data/classify_src/n01440764_7411.jpg: 224x224 tench 0.91, barracouta 0.05, slug 0.01, coho 0.01, gar 0.01, 4.6ms
image 13/100 /mnt/yolo/data/classify_src/n01440764_7772.jpg: 224x224 tench 0.99, barracouta 0.01, gar 0.00, coho 0.00, sturgeon 0.00, 4.7ms
image 14/100 /mnt/yolo/data/classify_src/n01440764_7982.jpg: 224x224 tench 0.99, platypus 0.01, barracouta 0.00, coho 0.00, sturgeon 0.00, 4.8ms
image 15/100 /mnt/yolo/data/classify_src/n01440764_8302.jpg: 224x224 tench 1.00, barracouta 0.00, gar 0.00, coho 0.00, sturgeon 0.00, 4.6ms
image 16/100 /mnt/yolo/data/classify_src/n01440764_8601.jpg: 224x224 tench 0.96, barracouta 0.02, coho 0.01, gar 0.00, armadillo 0.00, 4.8ms
image 17/100 /mnt/yolo/data/classify_src/n01440764_8610.jpg: 224x224 tench 0.15, acorn 0.13, koala 0.11, gar 0.06, three-toed_sloth 0.04, 4.5ms
image 18/100 /mnt/yolo/data/classify_src/n01440764_9890.jpg: 224x224 tench 1.00, coho 0.00, barracouta 0.00, goldfish 0.00, sturgeon 0.00, 4.7ms
image 19/100 /mnt/yolo/data/classify_src/n02979186_10232.jpg: 224x224 cassette_player 0.58, tape_player 0.30, CD_player 0.06, radio 0.03, laptop 0.01, 4.6ms
image 20/100 /mnt/yolo/data/classify_src/n02979186_10612.jpg: 224x224 cassette 0.24, cassette_player 0.16, switch 0.15, tape_player 0.09, loudspeaker 0.08, 4.6ms
image 21/100 /mnt/yolo/data/classify_src/n02979186_1171.jpg: 224x224 cassette_player 0.69, CD_player 0.09, soccer_ball 0.06, tape_player 0.05, reel 0.04, 4.7ms
image 22/100 /mnt/yolo/data/classify_src/n02979186_13740.jpg: 224x224 jersey 0.58, cowboy_hat 0.08, boa_constrictor 0.03, apron 0.02, tub 0.02, 4.7ms
image 23/100 /mnt/yolo/data/classify_src/n02979186_14771.jpg: 224x224 tape_player 0.28, microwave 0.15, cassette_player 0.13, entertainment_center 0.09, radio 0.09, 4.6ms
image 24/100 /mnt/yolo/data/classify_src/n02979186_15511.jpg: 224x224 iPod 0.43, cassette 0.15, cassette_player 0.14, tape_player 0.12, sewing_machine 0.02, 4.7ms
image 25/100 /mnt/yolo/data/classify_src/n02979186_18572.jpg: 224x224 cassette_player 0.93, iron 0.03, tape_player 0.03, printer 0.00, pencil_sharpener 0.00, 4.7ms
image 26/100 /mnt/yolo/data/classify_src/n02979186_1932.jpg: 224x224 switch 0.19, iPod 0.13, cassette 0.11, tape_player 0.11, hard_disc 0.10, 5.1ms
image 27/100 /mnt/yolo/data/classify_src/n02979186_22882.jpg: 224x224 CD_player 0.51, tape_player 0.21, cassette_player 0.17, cellular_telephone 0.05, radio 0.02, 4.7ms
image 28/100 /mnt/yolo/data/classify_src/n02979186_280.jpg: 224x224 cassette_player 0.76, tape_player 0.13, cassette 0.10, radio 0.01, stove 0.00, 4.6ms
image 29/100 /mnt/yolo/data/classify_src/n02979186_4230.jpg: 224x224 CD_player 0.44, cassette_player 0.13, cash_machine 0.11, radio 0.09, pay-phone 0.07, 4.6ms
image 30/100 /mnt/yolo/data/classify_src/n02979186_5460.jpg: 224x224 tape_player 0.17, radio 0.15, hand-held_computer 0.14, digital_clock 0.12, cassette_player 0.09, 5.5ms
image 31/100 /mnt/yolo/data/classify_src/n02979186_5781.jpg: 224x224 radio 0.40, printer 0.18, cassette_player 0.09, projector 0.09, tape_player 0.06, 4.8ms
image 32/100 /mnt/yolo/data/classify_src/n02979186_7531.jpg: 224x224 tape_player 0.59, cassette_player 0.23, CD_player 0.16, radio 0.01, cassette 0.00, 4.9ms
image 33/100 /mnt/yolo/data/classify_src/n02979186_7820.jpg: 224x224 cassette_player 0.85, tape_player 0.07, CD_player 0.05, loudspeaker 0.01, cassette 0.00, 4.8ms
image 34/100 /mnt/yolo/data/classify_src/n03000684_10860.jpg: 224x224 toyshop 0.16, torch 0.07, ocarina 0.04, scale 0.03, stage 0.03, 4.7ms
image 35/100 /mnt/yolo/data/classify_src/n03000684_11861.jpg: 224x224 chain_saw 1.00, can_opener 0.00, lawn_mower 0.00, ski 0.00, loupe 0.00, 4.6ms
image 36/100 /mnt/yolo/data/classify_src/n03000684_14502.jpg: 224x224 chain_saw 1.00, lumbermill 0.00, hatchet 0.00, rifle 0.00, rotisserie 0.00, 4.6ms
image 37/100 /mnt/yolo/data/classify_src/n03000684_15202.jpg: 224x224 chain_saw 0.88, Dutch_oven 0.02, lumbermill 0.02, hatchet 0.01, barrow 0.01, 4.7ms
image 38/100 /mnt/yolo/data/classify_src/n03000684_15300.jpg: 224x224 chain_saw 0.95, chain_mail 0.02, typewriter_keyboard 0.00, cowboy_boot 0.00, panpipe 0.00, 5.4ms
image 39/100 /mnt/yolo/data/classify_src/n03000684_16481.jpg: 224x224 chain_saw 0.72, can_opener 0.13, revolver 0.05, espresso_maker 0.03, plane 0.03, 4.7ms
image 40/100 /mnt/yolo/data/classify_src/n03000684_17140.jpg: 224x224 lawn_mower 0.72, chain_saw 0.14, croquet_ball 0.04, barrow 0.02, soccer_ball 0.01, 4.6ms
image 41/100 /mnt/yolo/data/classify_src/n03000684_18521.jpg: 224x224 chain_saw 0.98, power_drill 0.01, whistle 0.00, thresher 0.00, nipple 0.00, 4.5ms
image 42/100 /mnt/yolo/data/classify_src/n03000684_18590.jpg: 224x224 chain_saw 1.00, can_opener 0.00, power_drill 0.00, muzzle 0.00, lawn_mower 0.00, 5.8ms
image 43/100 /mnt/yolo/data/classify_src/n03000684_2060.jpg: 224x224 chain_saw 0.99, goldfish 0.00, oil_filter 0.00, moving_van 0.00, lifeboat 0.00, 4.5ms
image 44/100 /mnt/yolo/data/classify_src/n03000684_272.jpg: 224x224 chain_saw 0.66, assault_rifle 0.04, rifle 0.03, reel 0.02, torch 0.01, 4.6ms
image 45/100 /mnt/yolo/data/classify_src/n03000684_2820.jpg: 224x224 chain_saw 0.96, tractor 0.00, barrow 0.00, reel 0.00, oxcart 0.00, 4.5ms
image 46/100 /mnt/yolo/data/classify_src/n03000684_28702.jpg: 224x224 chain_saw 0.97, hatchet 0.00, power_drill 0.00, hammer 0.00, gar 0.00, 4.6ms
image 47/100 /mnt/yolo/data/classify_src/n03000684_6142.jpg: 224x224 chain_saw 0.95, mountain_bike 0.02, stretcher 0.01, suspension_bridge 0.01, cliff 0.00, 4.6ms
image 48/100 /mnt/yolo/data/classify_src/n03000684_6992.jpg: 224x224 jersey 0.58, sweatshirt 0.13, cowboy_hat 0.04, chain_saw 0.03, breastplate 0.02, 4.6ms
image 49/100 /mnt/yolo/data/classify_src/n03000684_8831.jpg: 224x224 chain_saw 0.86, violin 0.03, plunger 0.01, banjo 0.01, power_drill 0.01, 4.6ms
image 50/100 /mnt/yolo/data/classify_src/n03028079_1.jpg: 224x224 church 0.97, barn 0.02, beacon 0.00, bell_cote 0.00, monastery 0.00, 4.9ms
image 51/100 /mnt/yolo/data/classify_src/n03028079_10020.jpg: 224x224 church 0.28, triumphal_arch 0.18, castle 0.16, palace 0.12, monastery 0.03, 4.6ms
image 52/100 /mnt/yolo/data/classify_src/n03028079_10241.jpg: 224x224 church 0.70, bell_cote 0.22, monastery 0.04, cinema 0.02, picket_fence 0.00, 5.7ms
image 53/100 /mnt/yolo/data/classify_src/n03028079_10511.jpg: 224x224 church 0.50, palace 0.10, vault 0.05, monastery 0.04, triumphal_arch 0.04, 5.1ms
image 54/100 /mnt/yolo/data/classify_src/n03028079_13331.jpg: 224x224 vault 0.28, altar 0.27, organ 0.26, church 0.11, dome 0.02, 4.7ms
image 55/100 /mnt/yolo/data/classify_src/n03028079_14310.jpg: 224x224 monastery 0.44, church 0.29, bell_cote 0.26, beacon 0.00, palace 0.00, 4.7ms
image 56/100 /mnt/yolo/data/classify_src/n03028079_15102.jpg: 224x224 church 0.63, golf_ball 0.06, rugby_ball 0.06, soccer_ball 0.03, space_shuttle 0.02, 4.9ms
image 57/100 /mnt/yolo/data/classify_src/n03028079_15961.jpg: 224x224 palace 0.36, altar 0.26, church 0.16, vault 0.10, monastery 0.05, 4.8ms
image 58/100 /mnt/yolo/data/classify_src/n03028079_16660.jpg: 224x224 church 0.70, beacon 0.16, monastery 0.05, castle 0.03, bell_cote 0.01, 4.9ms
image 59/100 /mnt/yolo/data/classify_src/n03028079_17351.jpg: 224x224 altar 0.46, church 0.27, vault 0.17, dome 0.05, organ 0.03, 4.9ms
image 60/100 /mnt/yolo/data/classify_src/n03028079_17432.jpg: 224x224 bell_cote 0.42, church 0.07, cinema 0.04, airliner 0.04, liner 0.03, 4.6ms
image 61/100 /mnt/yolo/data/classify_src/n03028079_26390.jpg: 224x224 church 0.95, monastery 0.02, dome 0.01, palace 0.00, castle 0.00, 4.6ms
image 62/100 /mnt/yolo/data/classify_src/n03028079_3600.jpg: 224x224 church 0.43, castle 0.39, bell_cote 0.10, monastery 0.03, barn 0.02, 4.6ms
image 63/100 /mnt/yolo/data/classify_src/n03028079_39321.jpg: 224x224 church 0.52, tile_roof 0.14, prison 0.03, monastery 0.03, castle 0.03, 4.6ms
image 64/100 /mnt/yolo/data/classify_src/n03028079_6292.jpg: 224x224 bookshop 0.09, pop_bottle 0.05, quill 0.05, bannister 0.05, grocery_store 0.05, 4.6ms
image 65/100 /mnt/yolo/data/classify_src/n03425413_10251.jpg: 224x224 gas_pump 0.51, dial_telephone 0.16, wall_clock 0.10, analog_clock 0.05, scale 0.03, 4.6ms
image 66/100 /mnt/yolo/data/classify_src/n03425413_1242.jpg: 224x224 gas_pump 0.98, parking_meter 0.00, scale 0.00, totem_pole 0.00, turnstile 0.00, 4.7ms
image 67/100 /mnt/yolo/data/classify_src/n03425413_13581.jpg: 224x224 gas_pump 0.81, mailbox 0.18, ashcan 0.01, cash_machine 0.00, safe 0.00, 4.8ms
image 68/100 /mnt/yolo/data/classify_src/n03425413_14650.jpg: 224x224 gas_pump 1.00, refrigerator 0.00, barber_chair 0.00, washer 0.00, turnstile 0.00, 4.6ms
image 69/100 /mnt/yolo/data/classify_src/n03425413_17072.jpg: 224x224 gas_pump 0.79, ashcan 0.05, scale 0.02, mailbox 0.02, brass 0.01, 4.6ms
image 70/100 /mnt/yolo/data/classify_src/n03425413_17980.jpg: 224x224 gas_pump 1.00, mailbox 0.00, pay-phone 0.00, parking_meter 0.00, ashcan 0.00, 4.6ms
image 71/100 /mnt/yolo/data/classify_src/n03425413_19282.jpg: 224x224 gas_pump 0.47, chain_saw 0.04, jinrikisha 0.03, cowboy_hat 0.03, barrow 0.03, 4.6ms
image 72/100 /mnt/yolo/data/classify_src/n03425413_19580.jpg: 224x224 gas_pump 1.00, scale 0.00, pay-phone 0.00, mailbox 0.00, barrow 0.00, 4.7ms
image 73/100 /mnt/yolo/data/classify_src/n03425413_20711.jpg: 224x224 cash_machine 0.31, gas_pump 0.20, vending_machine 0.11, monitor 0.09, desktop_computer 0.05, 4.5ms
image 74/100 /mnt/yolo/data/classify_src/n03425413_27010.jpg: 224x224 gas_pump 1.00, pay-phone 0.00, vending_machine 0.00, cash_machine 0.00, parking_meter 0.00, 4.6ms
image 75/100 /mnt/yolo/data/classify_src/n03425413_4792.jpg: 224x224 gas_pump 0.99, parking_meter 0.00, vending_machine 0.00, cash_machine 0.00, pay-phone 0.00, 4.7ms
image 76/100 /mnt/yolo/data/classify_src/n03425413_732.jpg: 224x224 gas_pump 0.99, pay-phone 0.00, screen 0.00, television 0.00, tripod 0.00, 4.6ms
image 77/100 /mnt/yolo/data/classify_src/n03425413_8801.jpg: 224x224 gas_pump 0.89, pay-phone 0.06, bow 0.02, stethoscope 0.00, punching_bag 0.00, 4.6ms
image 78/100 /mnt/yolo/data/classify_src/n03888257_11081.jpg: 224x224 parachute 1.00, umbrella 0.00, balloon 0.00, seashore 0.00, catamaran 0.00, 4.7ms
image 79/100 /mnt/yolo/data/classify_src/n03888257_11580.jpg: 224x224 parachute 0.75, warplane 0.15, wing 0.08, space_shuttle 0.00, maypole 0.00, 4.9ms
image 80/100 /mnt/yolo/data/classify_src/n03888257_15382.jpg: 224x224 parachute 0.95, balloon 0.05, umbrella 0.00, airship 0.00, flagpole 0.00, 4.6ms
image 81/100 /mnt/yolo/data/classify_src/n03888257_16081.jpg: 224x224 parachute 1.00, balloon 0.00, umbrella 0.00, plastic_bag 0.00, flagpole 0.00, 4.6ms
image 82/100 /mnt/yolo/data/classify_src/n03888257_17421.jpg: 224x224 parachute 0.97, flagpole 0.02, wing 0.01, umbrella 0.00, spoonbill 0.00, 4.7ms
image 83/100 /mnt/yolo/data/classify_src/n03888257_17641.jpg: 224x224 parachute 0.99, balloon 0.01, airship 0.00, water_bottle 0.00, spotlight 0.00, 4.8ms
image 84/100 /mnt/yolo/data/classify_src/n03888257_18031.jpg: 224x224 seashore 0.46, sandbar 0.37, lakeside 0.03, breakwater 0.02, swimming_trunks 0.01, 4.8ms
image 85/100 /mnt/yolo/data/classify_src/n03888257_18360.jpg: 224x224 parachute 0.83, ski 0.04, bow 0.01, hook 0.01, umbrella 0.01, 4.8ms
image 86/100 /mnt/yolo/data/classify_src/n03888257_19702.jpg: 224x224 parachute 1.00, airship 0.00, white_stork 0.00, kite 0.00, wing 0.00, 4.6ms
image 87/100 /mnt/yolo/data/classify_src/n03888257_19830.jpg: 224x224 parachute 1.00, vulture 0.00, bald_eagle 0.00, kite 0.00, white_stork 0.00, 4.5ms
image 88/100 /mnt/yolo/data/classify_src/n03888257_20151.jpg: 224x224 parachute 0.99, flagpole 0.00, balloon 0.00, conch 0.00, umbrella 0.00, 4.6ms
image 89/100 /mnt/yolo/data/classify_src/n03888257_20572.jpg: 224x224 parachute 1.00, balloon 0.00, umbrella 0.00, quill 0.00, lacewing 0.00, 4.6ms
image 90/100 /mnt/yolo/data/classify_src/n03888257_22972.jpg: 224x224 parachute 1.00, flagpole 0.00, balloon 0.00, swing 0.00, umbrella 0.00, 4.6ms
image 91/100 /mnt/yolo/data/classify_src/n03888257_33931.jpg: 224x224 parachute 0.96, airship 0.04, umbrella 0.00, balloon 0.00, Band_Aid 0.00, 4.7ms
image 92/100 /mnt/yolo/data/classify_src/n03888257_35621.jpg: 224x224 parachute 1.00, wing 0.00, flagpole 0.00, warplane 0.00, ski 0.00, 4.6ms
image 93/100 /mnt/yolo/data/classify_src/n03888257_35800.jpg: 224x224 parachute 1.00, balloon 0.00, airship 0.00, flagpole 0.00, umbrella 0.00, 4.6ms
image 94/100 /mnt/yolo/data/classify_src/n03888257_38501.jpg: 224x224 parachute 0.72, airliner 0.07, racer 0.06, umbrella 0.04, sports_car 0.02, 4.6ms
image 95/100 /mnt/yolo/data/classify_src/n03888257_3932.jpg: 224x224 parachute 0.96, wing 0.03, warplane 0.01, airliner 0.00, ski 0.00, 4.6ms
image 96/100 /mnt/yolo/data/classify_src/n03888257_41260.jpg: 224x224 parachute 1.00, balloon 0.00, umbrella 0.00, flagpole 0.00, quill 0.00, 4.6ms
image 97/100 /mnt/yolo/data/classify_src/n03888257_4561.jpg: 224x224 parachute 1.00, balloon 0.00, umbrella 0.00, lampshade 0.00, flagpole 0.00, 4.7ms
image 98/100 /mnt/yolo/data/classify_src/n03888257_50622.jpg: 224x224 parachute 1.00, balloon 0.00, umbrella 0.00, hook 0.00, airship 0.00, 4.5ms
image 99/100 /mnt/yolo/data/classify_src/n03888257_5722.jpg: 224x224 parachute 0.99, airship 0.01, balloon 0.00, croquet_ball 0.00, radio_telescope 0.00, 4.6ms
image 100/100 /mnt/yolo/data/classify_src/n03888257_6541.jpg: 224x224 parachute 0.99, balloon 0.01, umbrella 0.00, airship 0.00, volleyball 0.00, 4.7ms
Speed: 7.3ms preprocess, 4.7ms inference, 0.3ms postprocess per image at shape (1, 3, 224, 224)
Results saved to [1m/ultralytics/runs/classify/runs/cls_2[0m
