--- [Scoring for yolo-cls-1 (Model: yolo-cls)] ---
16:53:46.131 [Scored] gpu-orin2 -> Penalty: .762833 (P:5506, T:50, CS:27160, CurrentPods:0/5)
16:53:49.339 [Scored] gpu-orin3 -> Penalty: .674179 (P:4534, T:50, CS:24397, CurrentPods:0/5)
16:53:52.360 [Scored] gpuorin4-desktop -> Penalty: .328517 (P:3945, T:50, CS:3516, CurrentPods:0/5)
16:53:55.192 [Scored] gpuorin5-desktop -> Penalty: .376486 (P:5160, T:50, CS:2835, CurrentPods:0/5)
   -> [Candidate Pool In] gpu-orin3 (Diff: .345662)
   -> [Candidate Pool In] gpuorin4-desktop (Diff: 0)
   -> [Candidate Pool In] gpuorin5-desktop (Diff: .047969)
16:53:55.251 🎯 [Tie-Breaking] 후보군 3대 중 RR 인덱스 0 지정 -> Node [gpu-orin3] 선발!
>>> Final Decision: gpu-orin3
--- [Scoring for yolo-det-1 (Model: yolo-det)] ---
16:54:03.288 [Scored] gpu-orin2 -> Penalty: 1.798244 (P:5467, T:50, CS:26805, CurrentPods:0/5)
16:54:06.294 [Scored] gpu-orin3 -> Penalty: 1.685577 (P:5160, T:50, CS:24660, CurrentPods:1/5)
16:54:09.333 [Scored] gpuorin4-desktop -> Penalty: .810278 (P:3985, T:50, CS:4175, CurrentPods:0/5)
16:54:12.186 [Scored] gpuorin5-desktop -> Penalty: 1.023395 (P:5240, T:50, CS:6103, CurrentPods:0/5)
   -> [Candidate Pool In] gpuorin4-desktop (Diff: 0)
   -> [Candidate Pool In] gpuorin5-desktop (Diff: .213117)
16:54:12.243 🎯 [Tie-Breaking] 후보군 2대 중 RR 인덱스 0 지정 -> Node [gpuorin4-desktop] 선발!
>>> Final Decision: gpuorin4-desktop
--- [Scoring for yolo-seg-1 (Model: yolo-seg)] ---
16:54:20.338 [Scored] gpu-orin2 -> Penalty: 1.464078 (P:5506, T:50, CS:29322, CurrentPods:0/5)
16:54:23.291 [Scored] gpu-orin3 -> Penalty: 1.321787 (P:5008, T:50, CS:25807, CurrentPods:1/5)
16:54:26.253 [Scored] gpuorin4-desktop -> Penalty: .658405 (P:4607, T:50, CS:3354, CurrentPods:1/5)
16:54:29.114 [Scored] gpuorin5-desktop -> Penalty: .771526 (P:5200, T:50, CS:5526, CurrentPods:0/5)
   -> [Candidate Pool In] gpuorin4-desktop (Diff: 0)
   -> [Candidate Pool In] gpuorin5-desktop (Diff: .113121)
16:54:29.173 🎯 [Tie-Breaking] 후보군 2대 중 RR 인덱스 0 지정 -> Node [gpuorin4-desktop] 선발!
>>> Final Decision: gpuorin4-desktop
--- [Scoring for yolo-obb-1 (Model: yolo-obb)] ---
16:54:37.317 [Scored] gpu-orin2 -> Penalty: 2.462089 (P:5427, T:50, CS:28160, CurrentPods:0/5)
16:54:40.509 [Scored] gpu-orin3 -> Penalty: 2.158380 (P:4501, T:50, CS:24801, CurrentPods:1/5)
16:54:43.523 [Scored] gpuorin4-desktop -> Penalty: 1.211354 (P:5023, T:50, CS:3560, CurrentPods:2/5)
16:54:46.435 [Scored] gpuorin5-desktop -> Penalty: 1.293172 (P:5160, T:50, CS:4820, CurrentPods:0/5)
   -> [Candidate Pool In] gpuorin4-desktop (Diff: 0)
   -> [Candidate Pool In] gpuorin5-desktop (Diff: .081818)
16:54:46.493 🎯 [Tie-Breaking] 후보군 2대 중 RR 인덱스 0 지정 -> Node [gpuorin4-desktop] 선발!
>>> Final Decision: gpuorin4-desktop
--- [Scoring for yolo-pos-1 (Model: yolo-pos)] ---
16:54:54.558 [Scored] gpu-orin2 -> Penalty: 1.707247 (P:5506, T:50, CS:27116, CurrentPods:0/5)
16:54:57.700 [Scored] gpu-orin3 -> Penalty: 1.568120 (P:4574, T:50, CS:25973, CurrentPods:1/5)
16:55:00.643 [Scored] gpuorin4-desktop -> Penalty: 1.016379 (P:6608, T:50, CS:3345, CurrentPods:3/5)
16:55:03.519 [Scored] gpuorin5-desktop -> Penalty: .898961 (P:5280, T:50, CS:4090, CurrentPods:0/5)
   -> [Candidate Pool In] gpuorin4-desktop (Diff: .117418)
   -> [Candidate Pool In] gpuorin5-desktop (Diff: 0)
16:55:03.570 🎯 [Tie-Breaking] 후보군 2대 중 RR 인덱스 0 지정 -> Node [gpuorin4-desktop] 선발!
>>> Final Decision: gpuorin4-desktop
--- [Scoring for yolo-cls-2 (Model: yolo-cls)] ---
16:55:11.445 [Scored] gpu-orin2 -> Penalty: .784552 (P:5537, T:50, CS:28491, CurrentPods:0/5)
16:55:14.570 [Scored] gpu-orin3 -> Penalty: .644198 (P:4461, T:50, CS:22655, CurrentPods:1/5)
16:55:17.611 [Scored] gpuorin4-desktop -> Penalty: .443240 (P:5931, T:50, CS:4792, CurrentPods:4/5)
16:55:20.483 [Scored] gpuorin5-desktop -> Penalty: .381030 (P:5160, T:50, CS:3134, CurrentPods:0/5)
   -> [Candidate Pool In] gpu-orin3 (Diff: .263168)
   -> [Candidate Pool In] gpuorin4-desktop (Diff: .062210)
   -> [Candidate Pool In] gpuorin5-desktop (Diff: 0)
16:55:20.542 🎯 [Tie-Breaking] 후보군 3대 중 RR 인덱스 0 지정 -> Node [gpu-orin3] 선발!
>>> Final Decision: gpu-orin3
--- [Scoring for yolo-det-2 (Model: yolo-det)] ---
16:55:28.685 [Scored] gpu-orin2 -> Penalty: 1.769113 (P:5427, T:50, CS:26126, CurrentPods:0/5)
16:55:31.667 [Scored] gpu-orin3 -> Penalty: 1.748666 (P:5280, T:50, CS:26025, CurrentPods:2/5)
16:55:34.620 [Scored] gpuorin4-desktop -> Penalty: 1.125747 (P:6090, T:50, CS:6248, CurrentPods:4/5)
16:55:37.493 [Scored] gpuorin5-desktop -> Penalty: .898359 (P:5200, T:50, CS:2773, CurrentPods:0/5)
   -> [Candidate Pool In] gpuorin4-desktop (Diff: .227388)
   -> [Candidate Pool In] gpuorin5-desktop (Diff: 0)
16:55:37.552 🎯 [Tie-Breaking] 후보군 2대 중 RR 인덱스 0 지정 -> Node [gpuorin4-desktop] 선발!
>>> Final Decision: gpuorin4-desktop
--- [Scoring for yolo-seg-2 (Model: yolo-seg)] ---
16:55:46.666 [Scored] gpu-orin2 -> Penalty: 1.433483 (P:5576, T:50, CS:28007, CurrentPods:0/5)
16:55:49.692 [Scored] gpu-orin3 -> Penalty: 1.294463 (P:5008, T:50, CS:24830, CurrentPods:2/5)
[Filter] gpuorin4-desktop Skip (Capacity Saturated: 5/5 Pods)
16:55:52.614 [Scored] gpuorin5-desktop -> Penalty: .764768 (P:5120, T:50, CS:5537, CurrentPods:0/5)
   -> [Candidate Pool In] gpuorin5-desktop (Diff: 0)
16:55:52.659 🎯 [Tie-Breaking] 후보군 1대 중 RR 인덱스 0 지정 -> Node [gpuorin5-desktop] 선발!
>>> Final Decision: gpuorin5-desktop
--- [Scoring for yolo-obb-2 (Model: yolo-obb)] ---
16:56:00.482 [Scored] gpu-orin2 -> Penalty: 2.470026 (P:5467, T:50, CS:28198, CurrentPods:0/5)
16:56:03.861 [Scored] gpu-orin3 -> Penalty: 2.277611 (P:4461, T:50, CS:27394, CurrentPods:2/5)
[Filter] gpuorin4-desktop Skip (Capacity Saturated: 5/5 Pods)
16:56:06.760 [Scored] gpuorin5-desktop -> Penalty: 1.539339 (P:6040, T:50, CS:7134, CurrentPods:1/5)
   -> [Candidate Pool In] gpuorin5-desktop (Diff: 0)
16:56:06.805 🎯 [Tie-Breaking] 후보군 1대 중 RR 인덱스 0 지정 -> Node [gpuorin5-desktop] 선발!
>>> Final Decision: gpuorin5-desktop
--- [Scoring for yolo-pos-2 (Model: yolo-pos)] ---
16:56:14.613 [Scored] gpu-orin2 -> Penalty: 1.672162 (P:5497, T:50, CS:26114, CurrentPods:0/5)
16:56:17.715 [Scored] gpu-orin3 -> Penalty: 1.602287 (P:4501, T:50, CS:27207, CurrentPods:2/5)
[Filter] gpuorin4-desktop Skip (Capacity Saturated: 5/5 Pods)
16:56:20.570 [Scored] gpuorin5-desktop -> Penalty: 1.095568 (P:7348, T:50, CS:3334, CurrentPods:2/5)
   -> [Candidate Pool In] gpuorin5-desktop (Diff: 0)
16:56:20.615 🎯 [Tie-Breaking] 후보군 1대 중 RR 인덱스 0 지정 -> Node [gpuorin5-desktop] 선발!
>>> Final Decision: gpuorin5-desktop
