Creating new Ultralytics Settings v0.0.6 file ✅ 
View Ultralytics Settings with 'yolo settings' or at '/root/.config/Ultralytics/settings.json'
Update Settings with 'yolo settings key=value', i.e. 'yolo settings runs_dir=path/to/dir'. For help see https://docs.ultralytics.com/quickstart/#ultralytics-settings.
Loading models/yolo11n-seg.engine for TensorRT inference...
[07/01/2026-07:23:26] [TRT] [I] Loaded engine size: 13 MiB
[07/01/2026-07:23:26] [TRT] [I] [MemUsageChange] TensorRT-managed allocation in IExecutionContext creation: CPU +0, GPU +23, now: CPU 0, GPU 34 (MiB)

image 1/100 /mnt/yolo/data/coco_src/000000002923.jpg: 640x640 2 birds, 27.2ms
image 2/100 /mnt/yolo/data/coco_src/000000004495.jpg: 640x640 1 chair, 1 couch, 1 tv, 27.4ms
image 3/100 /mnt/yolo/data/coco_src/000000005037.jpg: 640x640 1 person, 3 cars, 1 bus, 27.6ms
image 4/100 /mnt/yolo/data/coco_src/000000022892.jpg: 640x640 1 cat, 2 dogs, 25.7ms
image 5/100 /mnt/yolo/data/coco_src/000000022935.jpg: 640x640 3 persons, 1 sports ball, 42.9ms
image 6/100 /mnt/yolo/data/coco_src/000000023937.jpg: 640x640 1 car, 4 sheeps, 1 cow, 25.2ms
image 7/100 /mnt/yolo/data/coco_src/000000033109.jpg: 640x640 1 person, 5 cars, 2 buss, 27.2ms
image 8/100 /mnt/yolo/data/coco_src/000000036936.jpg: 640x640 2 persons, 7 cups, 1 bowl, 1 couch, 2 dining tables, 1 tv, 27.2ms
image 9/100 /mnt/yolo/data/coco_src/000000058111.jpg: 640x640 1 cat, 1 sink, 27.4ms
image 10/100 /mnt/yolo/data/coco_src/000000079031.jpg: 640x640 1 person, 1 surfboard, 27.2ms
image 11/100 /mnt/yolo/data/coco_src/000000085478.jpg: 640x640 2 bears, 64.0ms
image 12/100 /mnt/yolo/data/coco_src/000000088432.jpg: 640x640 1 car, 2 trucks, 4 traffic lights, 1 fire hydrant, 27.4ms
image 13/100 /mnt/yolo/data/coco_src/000000097679.jpg: 640x640 2 cars, 26.5ms
image 14/100 /mnt/yolo/data/coco_src/000000100489.jpg: 640x640 1 bird, 27.4ms
image 15/100 /mnt/yolo/data/coco_src/000000106389.jpg: 640x640 1 cat, 1 couch, 1 bed, 6 books, 27.4ms
image 16/100 /mnt/yolo/data/coco_src/000000115118.jpg: 640x640 1 train, 27.3ms
image 17/100 /mnt/yolo/data/coco_src/000000127955.jpg: 640x640 2 bears, 27.3ms
image 18/100 /mnt/yolo/data/coco_src/000000135890.jpg: 640x640 1 person, 2 clocks, 37.5ms
image 19/100 /mnt/yolo/data/coco_src/000000137106.jpg: 640x640 1 person, 1 bed, 30.5ms
image 20/100 /mnt/yolo/data/coco_src/000000138856.jpg: 640x640 1 sandwich, 1 cake, 1 oven, 23.9ms
image 21/100 /mnt/yolo/data/coco_src/000000148957.jpg: 640x640 6 donuts, 27.2ms
image 22/100 /mnt/yolo/data/coco_src/000000152740.jpg: 640x640 17 cows, 27.4ms
image 23/100 /mnt/yolo/data/coco_src/000000154644.jpg: 640x640 1 person, 50.2ms
image 24/100 /mnt/yolo/data/coco_src/000000158744.jpg: 640x640 1 person, 2 cars, 1 potted plant, 1 clock, 25.0ms
image 25/100 /mnt/yolo/data/coco_src/000000171050.jpg: 640x640 1 fire hydrant, 27.3ms
image 26/100 /mnt/yolo/data/coco_src/000000182417.jpg: 640x640 2 cups, 2 spoons, 1 bowl, 1 sandwich, 1 dining table, 27.2ms
image 27/100 /mnt/yolo/data/coco_src/000000187055.jpg: 640x640 2 persons, 2 sports balls, 3 tennis rackets, 27.4ms
image 28/100 /mnt/yolo/data/coco_src/000000190307.jpg: 640x640 1 person, 27.3ms
image 29/100 /mnt/yolo/data/coco_src/000000192904.jpg: 640x640 4 cups, 1 donut, 1 dining table, 27.3ms
image 30/100 /mnt/yolo/data/coco_src/000000213547.jpg: 640x640 2 persons, 1 horse, 1 refrigerator, 21.0ms
image 31/100 /mnt/yolo/data/coco_src/000000216419.jpg: 640x640 1 clock, 21.0ms
image 32/100 /mnt/yolo/data/coco_src/000000229997.jpg: 640x640 5 birds, 1 bear, 27.2ms
image 33/100 /mnt/yolo/data/coco_src/000000235836.jpg: 640x640 1 person, 1 backpack, 3 sports balls, 1 chair, 27.2ms
image 34/100 /mnt/yolo/data/coco_src/000000239627.jpg: 640x640 2 bottles, 1 spoon, 1 sink, 27.3ms
image 35/100 /mnt/yolo/data/coco_src/000000244592.jpg: 640x640 3 zebras, 27.4ms
image 36/100 /mnt/yolo/data/coco_src/000000252219.jpg: 640x640 3 persons, 2 traffic lights, 1 backpack, 1 umbrella, 27.4ms
image 37/100 /mnt/yolo/data/coco_src/000000257896.jpg: 640x640 1 person, 1 tie, 21.0ms
image 38/100 /mnt/yolo/data/coco_src/000000261036.jpg: 640x640 4 persons, 2 frisbees, 27.3ms
image 39/100 /mnt/yolo/data/coco_src/000000261796.jpg: 640x640 (no detections), 27.5ms
image 40/100 /mnt/yolo/data/coco_src/000000263644.jpg: 640x640 3 beds, 27.2ms
image 41/100 /mnt/yolo/data/coco_src/000000267300.jpg: 640x640 2 dogs, 1 banana, 1 potted plant, 29.2ms
image 42/100 /mnt/yolo/data/coco_src/000000269632.jpg: 640x640 2 persons, 3 cars, 1 bus, 16.3ms
image 43/100 /mnt/yolo/data/coco_src/000000271116.jpg: 640x640 9 persons, 1 tie, 1 cup, 2 chairs, 1 dining table, 1 cell phone, 20.9ms
image 44/100 /mnt/yolo/data/coco_src/000000272136.jpg: 640x640 1 train, 27.7ms
image 45/100 /mnt/yolo/data/coco_src/000000286182.jpg: 640x640 1 person, 2 bottles, 1 cup, 1 spoon, 6 bowls, 2 chairs, 1 dining table, 13.6ms
image 46/100 /mnt/yolo/data/coco_src/000000286422.jpg: 640x640 1 person, 2 boats, 1 dog, 27.3ms
image 47/100 /mnt/yolo/data/coco_src/000000292060.jpg: 640x640 1 bottle, 1 spoon, 1 microwave, 1 oven, 1 sink, 27.3ms
image 48/100 /mnt/yolo/data/coco_src/000000294831.jpg: 640x640 1 person, 1 cup, 1 pizza, 1 dining table, 1 laptop, 27.3ms
image 49/100 /mnt/yolo/data/coco_src/000000302452.jpg: 640x640 8 persons, 1 giraffe, 33.1ms
image 50/100 /mnt/yolo/data/coco_src/000000314541.jpg: 640x640 1 bench, 22.6ms
image 51/100 /mnt/yolo/data/coco_src/000000318138.jpg: 640x640 3 persons, 3 remotes, 27.2ms
image 52/100 /mnt/yolo/data/coco_src/000000319721.jpg: 640x640 2 persons, 1 horse, 27.4ms
image 53/100 /mnt/yolo/data/coco_src/000000320743.jpg: 640x640 9 persons, 11 elephants, 27.5ms
image 54/100 /mnt/yolo/data/coco_src/000000326082.jpg: 640x640 4 chairs, 2 couchs, 1 dining table, 1 clock, 39.9ms
image 55/100 /mnt/yolo/data/coco_src/000000329827.jpg: 640x640 2 persons, 1 skis, 22.4ms
image 56/100 /mnt/yolo/data/coco_src/000000336265.jpg: 640x640 1 person, 1 frisbee, 27.1ms
image 57/100 /mnt/yolo/data/coco_src/000000340175.jpg: 640x640 2 chairs, 2 couchs, 1 potted plant, 1 book, 27.2ms
image 58/100 /mnt/yolo/data/coco_src/000000357459.jpg: 640x640 1 person, 1 dog, 1 frisbee, 27.3ms
image 59/100 /mnt/yolo/data/coco_src/000000369751.jpg: 640x640 1 person, 3 cars, 1 stop sign, 4 parking meters, 27.2ms
image 60/100 /mnt/yolo/data/coco_src/000000371529.jpg: 640x640 1 person, 2 potted plants, 2 toilets, 27.6ms
image 61/100 /mnt/yolo/data/coco_src/000000383842.jpg: 640x640 12 persons, 1 handbag, 1 tie, 1 laptop, 3 remotes, 45.3ms
image 62/100 /mnt/yolo/data/coco_src/000000384513.jpg: 640x640 1 horse, 27.3ms
image 63/100 /mnt/yolo/data/coco_src/000000389933.jpg: 640x640 1 dog, 1 couch, 27.4ms
image 64/100 /mnt/yolo/data/coco_src/000000393115.jpg: 640x640 1 person, 3 skateboards, 27.3ms
image 65/100 /mnt/yolo/data/coco_src/000000394611.jpg: 640x640 2 giraffes, 27.2ms
image 66/100 /mnt/yolo/data/coco_src/000000402118.jpg: 640x640 1 person, 2 snowboards, 27.4ms
image 67/100 /mnt/yolo/data/coco_src/000000404805.jpg: 640x640 1 person, 53.1ms
image 68/100 /mnt/yolo/data/coco_src/000000405432.jpg: 640x640 1 bowl, 1 dining table, 1 cell phone, 26.3ms
image 69/100 /mnt/yolo/data/coco_src/000000407943.jpg: 640x640 2 persons, 27.1ms
image 70/100 /mnt/yolo/data/coco_src/000000410510.jpg: 640x640 1 person, 1 sports ball, 1 tennis racket, 39.0ms
image 71/100 /mnt/yolo/data/coco_src/000000413395.jpg: 640x640 1 person, 2 cats, 1 bed, 21.0ms
image 72/100 /mnt/yolo/data/coco_src/000000423971.jpg: 640x640 1 bottle, 1 toilet, 40.8ms
image 73/100 /mnt/yolo/data/coco_src/000000426268.jpg: 640x640 1 person, 1 car, 1 train, 31.2ms
image 74/100 /mnt/yolo/data/coco_src/000000438226.jpg: 640x640 1 wine glass, 1 fork, 2 sandwichs, 1 dining table, 20.9ms
image 75/100 /mnt/yolo/data/coco_src/000000442822.jpg: 640x640 7 boats, 33.4ms
image 76/100 /mnt/yolo/data/coco_src/000000459195.jpg: 640x640 3 persons, 2 frisbees, 20.8ms
image 77/100 /mnt/yolo/data/coco_src/000000462576.jpg: 640x640 2 cups, 2 bowls, 1 orange, 1 dining table, 20.9ms
image 78/100 /mnt/yolo/data/coco_src/000000463730.jpg: 640x640 9 persons, 1 car, 1 bus, 1 truck, 37.6ms
image 79/100 /mnt/yolo/data/coco_src/000000465822.jpg: 640x640 13 persons, 1 bottle, 5 chairs, 3 laptops, 1 clock, 42.0ms
image 80/100 /mnt/yolo/data/coco_src/000000466986.jpg: 640x640 2 persons, 1 bowl, 1 tv, 38.2ms
image 81/100 /mnt/yolo/data/coco_src/000000468965.jpg: 640x640 11 persons, 2 kites, 18.4ms
image 82/100 /mnt/yolo/data/coco_src/000000469174.jpg: 640x640 1 airplane, 1 kite, 36.1ms
image 83/100 /mnt/yolo/data/coco_src/000000472298.jpg: 640x640 2 persons, 1 boat, 1 dog, 12.0ms
image 84/100 /mnt/yolo/data/coco_src/000000475484.jpg: 640x640 4 persons, 5 cars, 3 traffic lights, 22.9ms
image 85/100 /mnt/yolo/data/coco_src/000000475779.jpg: 640x640 1 elephant, 17.0ms
image 86/100 /mnt/yolo/data/coco_src/000000479126.jpg: 640x640 2 persons, 4 chairs, 1 laptop, 21.3ms
image 87/100 /mnt/yolo/data/coco_src/000000488736.jpg: 640x640 2 clocks, 14.7ms
image 88/100 /mnt/yolo/data/coco_src/000000491613.jpg: 640x640 1 zebra, 14.7ms
image 89/100 /mnt/yolo/data/coco_src/000000491757.jpg: 640x640 1 cat, 1 bed, 23.0ms
image 90/100 /mnt/yolo/data/coco_src/000000493334.jpg: 640x640 1 cake, 1 cell phone, 29.1ms
image 91/100 /mnt/yolo/data/coco_src/000000500716.jpg: 640x640 1 person, 17.1ms
image 92/100 /mnt/yolo/data/coco_src/000000504589.jpg: 640x640 2 persons, 1 frisbee, 89.7ms
image 93/100 /mnt/yolo/data/coco_src/000000511599.jpg: 640x640 13 persons, 5 boats, 1 surfboard, 38.5ms
image 94/100 /mnt/yolo/data/coco_src/000000514979.jpg: 640x640 2 elephants, 58.1ms
image 95/100 /mnt/yolo/data/coco_src/000000519569.jpg: 640x640 1 bottle, 3 chairs, 1 oven, 1 vase, 17.6ms
image 96/100 /mnt/yolo/data/coco_src/000000525083.jpg: 640x640 2 chairs, 1 dining table, 1 microwave, 1 refrigerator, 30.0ms
image 97/100 /mnt/yolo/data/coco_src/000000552902.jpg: 640x640 1 zebra, 12.5ms
image 98/100 /mnt/yolo/data/coco_src/000000565597.jpg: 640x640 3 pizzas, 35.2ms
image 99/100 /mnt/yolo/data/coco_src/000000566042.jpg: 640x640 5 giraffes, 18.7ms
image 100/100 /mnt/yolo/data/coco_src/000000574425.jpg: 640x640 1 car, 2 trucks, 15.6ms
Speed: 4.7ms preprocess, 28.5ms inference, 22.9ms postprocess per image at shape (1, 3, 640, 640)
Results saved to [1m/mnt/yolo/runs/seg_224[0m
