Creating new Ultralytics Settings v0.0.6 file ✅ 
View Ultralytics Settings with 'yolo settings' or at '/root/.config/Ultralytics/settings.json'
Update Settings with 'yolo settings key=value', i.e. 'yolo settings runs_dir=path/to/dir'. For help see https://docs.ultralytics.com/quickstart/#ultralytics-settings.
Loading models/yolo11n-obb_trt10.engine for TensorRT inference...
[07/07/2026-05:42:28] [TRT] [I] Loaded engine size: 12 MiB
[07/07/2026-05:42:28] [TRT] [W] Using an engine plan file across different models of devices is not recommended and is likely to affect performance or even cause errors.
[07/07/2026-05:42:28] [TRT] [I] [MemUsageChange] TensorRT-managed allocation in IExecutionContext creation: CPU +0, GPU +50, now: CPU 0, GPU 60 (MiB)

image 1/100 /mnt/yolo/data/dota_src/images/P0027.jpg: 1024x1024 29 harbors, 61.8ms
image 2/100 /mnt/yolo/data/dota_src/images/P0047.jpg: 1024x1024 3 baseball diamonds, 1 ground track field, 1 soccer ball field, 53.7ms
image 3/100 /mnt/yolo/data/dota_src/images/P0056.jpg: 1024x1024 7 large vehicles, 8 small vehicles, 55.4ms
image 4/100 /mnt/yolo/data/dota_src/images/P0060.jpg: 1024x1024 145 swimming pools, 61.2ms
image 5/100 /mnt/yolo/data/dota_src/images/P0075.jpg: 1024x1024 1 roundabout, 1 swimming pool, 63.2ms
image 6/100 /mnt/yolo/data/dota_src/images/P0079.jpg: 1024x1024 2 small vehicles, 1 roundabout, 1 swimming pool, 32.0ms
image 7/100 /mnt/yolo/data/dota_src/images/P0168.jpg: 1024x1024 33 planes, 8 helicopters, 1 roundabout, 61.1ms
image 8/100 /mnt/yolo/data/dota_src/images/P0170.jpg: 1024x1024 27 planes, 4 large vehicles, 26 small vehicles, 56.6ms
image 9/100 /mnt/yolo/data/dota_src/images/P0175.jpg: 1024x1024 10 tennis courts, 2 small vehicles, 57.8ms
image 10/100 /mnt/yolo/data/dota_src/images/P0206.jpg: 1024x1024 10 tennis courts, 1 small vehicle, 61.5ms
image 11/100 /mnt/yolo/data/dota_src/images/P0237.jpg: 1024x1024 8 tennis courts, 12 small vehicles, 38.9ms
image 12/100 /mnt/yolo/data/dota_src/images/P0246.jpg: 1024x1024 25 large vehicles, 9 small vehicles, 38.9ms
image 13/100 /mnt/yolo/data/dota_src/images/P0257.jpg: 1024x1024 31 planes, 1 large vehicle, 50.6ms
image 14/100 /mnt/yolo/data/dota_src/images/P0261.jpg: 1024x1024 (no detections), 50.3ms
image 15/100 /mnt/yolo/data/dota_src/images/P0309.jpg: 1024x1024 7 harbors, 39.0ms
image 16/100 /mnt/yolo/data/dota_src/images/P0347.jpg: 1024x1024 1 ship, 8 harbors, 2 small vehicles, 59.1ms
image 17/100 /mnt/yolo/data/dota_src/images/P0348.jpg: 1024x1024 1 ship, 5 harbors, 51.4ms
image 18/100 /mnt/yolo/data/dota_src/images/P0352.jpg: 1024x1024 2 baseball diamonds, 5 tennis courts, 9 small vehicles, 50.0ms
image 19/100 /mnt/yolo/data/dota_src/images/P0396.jpg: 1024x1024 7 tennis courts, 43.4ms
image 20/100 /mnt/yolo/data/dota_src/images/P0414.jpg: 1024x1024 6 ships, 8 harbors, 12 small vehicles, 44.5ms
image 21/100 /mnt/yolo/data/dota_src/images/P0486.jpg: 1024x1024 26 large vehicles, 42 small vehicles, 44.2ms
image 22/100 /mnt/yolo/data/dota_src/images/P0499.jpg: 1024x1024 6 tennis courts, 6 small vehicles, 49.0ms
image 23/100 /mnt/yolo/data/dota_src/images/P0550.jpg: 1024x1024 6 ships, 11 harbors, 51.2ms
image 24/100 /mnt/yolo/data/dota_src/images/P0579.jpg: 1024x1024 1 ship, 8 harbors, 51.2ms
image 25/100 /mnt/yolo/data/dota_src/images/P0604.jpg: 1024x1024 11 harbors, 7 small vehicles, 1 swimming pool, 47.4ms
image 26/100 /mnt/yolo/data/dota_src/images/P0712.jpg: 1024x1024 36 large vehicles, 22 small vehicles, 44.2ms
image 27/100 /mnt/yolo/data/dota_src/images/P0795.jpg: 1024x1024 290 ships, 9 harbors, 1 swimming pool, 49.5ms
image 28/100 /mnt/yolo/data/dota_src/images/P0801.jpg: 1024x1024 291 ships, 9 harbors, 54.2ms
image 29/100 /mnt/yolo/data/dota_src/images/P0815.jpg: 1024x1024 1 baseball diamond, 6 tennis courts, 1 soccer ball field, 65.9ms
image 30/100 /mnt/yolo/data/dota_src/images/P0953.jpg: 1024x1024 11 harbors, 1 swimming pool, 60.7ms
image 31/100 /mnt/yolo/data/dota_src/images/P0964.jpg: 1024x1024 13 harbors, 1 small vehicle, 1 swimming pool, 61.7ms
image 32/100 /mnt/yolo/data/dota_src/images/P0977.jpg: 1024x1024 14 harbors, 4 small vehicles, 51.2ms
image 33/100 /mnt/yolo/data/dota_src/images/P1007.jpg: 1024x1024 50 harbors, 55.0ms
image 34/100 /mnt/yolo/data/dota_src/images/P1051.jpg: 1024x1024 8 tennis courts, 1 large vehicle, 99 small vehicles, 67.2ms
image 35/100 /mnt/yolo/data/dota_src/images/P1099.jpg: 1024x1024 7 tennis courts, 4 small vehicles, 2 swimming pools, 51.6ms
image 36/100 /mnt/yolo/data/dota_src/images/P1101.jpg: 1024x1024 6 tennis courts, 2 small vehicles, 61.9ms
image 37/100 /mnt/yolo/data/dota_src/images/P1134.jpg: 1024x1024 2 planes, 50.8ms
image 38/100 /mnt/yolo/data/dota_src/images/P1178.jpg: 1024x1024 11 planes, 2 storage tanks, 1 helicopter, 61.5ms
image 39/100 /mnt/yolo/data/dota_src/images/P1189.jpg: 1024x1024 9 tennis courts, 2 basketball courts, 65.2ms
image 40/100 /mnt/yolo/data/dota_src/images/P1212.jpg: 1024x1024 1 ship, 54.6ms
image 41/100 /mnt/yolo/data/dota_src/images/P1219.jpg: 1024x1024 (no detections), 56.5ms
image 42/100 /mnt/yolo/data/dota_src/images/P1234.jpg: 1024x1024 11 ships, 56 storage tanks, 3 bridges, 55.9ms
image 43/100 /mnt/yolo/data/dota_src/images/P1240.jpg: 1024x1024 5 ground track fields, 8 bridges, 1 roundabout, 59.9ms
image 44/100 /mnt/yolo/data/dota_src/images/P1246.jpg: 1024x1024 3 ships, 2 bridges, 64.6ms
image 45/100 /mnt/yolo/data/dota_src/images/P1257.jpg: 1024x1024 3 ground track fields, 2 bridges, 56.2ms
image 46/100 /mnt/yolo/data/dota_src/images/P1268.jpg: 1024x1024 5 ships, 6 bridges, 63.5ms
image 47/100 /mnt/yolo/data/dota_src/images/P1275.jpg: 1024x1024 29 ships, 1 harbor, 54.2ms
image 48/100 /mnt/yolo/data/dota_src/images/P1278.jpg: 1024x1024 1 ship, 1 harbor, 55.6ms
image 49/100 /mnt/yolo/data/dota_src/images/P1283.jpg: 1024x1024 1 harbor, 65.5ms
image 50/100 /mnt/yolo/data/dota_src/images/P1315.jpg: 1024x1024 7 bridges, 56.4ms
image 51/100 /mnt/yolo/data/dota_src/images/P1323.jpg: 1024x1024 10 bridges, 67.2ms
image 52/100 /mnt/yolo/data/dota_src/images/P1356.jpg: 1024x1024 5 ships, 4 bridges, 58.5ms
image 53/100 /mnt/yolo/data/dota_src/images/P1373.jpg: 1024x1024 42 planes, 15 storage tanks, 4 ground track fields, 1 soccer ball field, 63.8ms
image 54/100 /mnt/yolo/data/dota_src/images/P1376.jpg: 1024x1024 20 planes, 63.8ms
image 55/100 /mnt/yolo/data/dota_src/images/P1377.jpg: 1024x1024 1 tennis court, 1 roundabout, 3 soccer ball fields, 28 swimming pools, 39.8ms
image 56/100 /mnt/yolo/data/dota_src/images/P1432.jpg: 1024x1024 1 basketball court, 4 ground track fields, 2 soccer ball fields, 84.3ms
image 57/100 /mnt/yolo/data/dota_src/images/P1471.jpg: 1024x1024 3 basketball courts, 2 ground track fields, 1 soccer ball field, 73.2ms
image 58/100 /mnt/yolo/data/dota_src/images/P1474.jpg: 1024x1024 23 planes, 64.3ms
image 59/100 /mnt/yolo/data/dota_src/images/P1492.jpg: 1024x1024 5 planes, 45.0ms
image 60/100 /mnt/yolo/data/dota_src/images/P1541.jpg: 1024x1024 (no detections), 75.7ms
image 61/100 /mnt/yolo/data/dota_src/images/P1557.jpg: 1024x1024 (no detections), 61.0ms
image 62/100 /mnt/yolo/data/dota_src/images/P1584.jpg: 1024x1024 8 baseball diamonds, 3 ground track fields, 1 soccer ball field, 59.9ms
image 63/100 /mnt/yolo/data/dota_src/images/P1596.jpg: 1024x1024 1 ground track field, 71.9ms
image 64/100 /mnt/yolo/data/dota_src/images/P1610.jpg: 1024x1024 1 baseball diamond, 2 bridges, 72.9ms
image 65/100 /mnt/yolo/data/dota_src/images/P1623.jpg: 1024x1024 (no detections), 74.8ms
image 66/100 /mnt/yolo/data/dota_src/images/P1647.jpg: 1024x1024 9 storage tanks, 4 baseball diamonds, 1 ground track field, 3 bridges, 54.6ms
image 67/100 /mnt/yolo/data/dota_src/images/P1650.jpg: 1024x1024 6 baseball diamonds, 1 ground track field, 64.4ms
image 68/100 /mnt/yolo/data/dota_src/images/P1679.jpg: 1024x1024 (no detections), 66.9ms
image 69/100 /mnt/yolo/data/dota_src/images/P1700.jpg: 1024x1024 (no detections), 42.2ms
image 70/100 /mnt/yolo/data/dota_src/images/P1720.jpg: 1024x1024 2 roundabouts, 35.4ms
image 71/100 /mnt/yolo/data/dota_src/images/P1732.jpg: 1024x1024 4 baseball diamonds, 3 ground track fields, 1 bridge, 55.2ms
image 72/100 /mnt/yolo/data/dota_src/images/P1752.jpg: 1024x1024 1 ground track field, 2 bridges, 43.2ms
image 73/100 /mnt/yolo/data/dota_src/images/P1763.jpg: 1024x1024 (no detections), 45.4ms
image 74/100 /mnt/yolo/data/dota_src/images/P1786.jpg: 1024x1024 25 tennis courts, 1 ground track field, 4 harbors, 2 small vehicles, 2 soccer ball fields, 40.2ms
image 75/100 /mnt/yolo/data/dota_src/images/P1787.jpg: 1024x1024 30 large vehicles, 14 small vehicles, 51.3ms
image 76/100 /mnt/yolo/data/dota_src/images/P1838.jpg: 1024x1024 26 large vehicles, 12 small vehicles, 48.0ms
image 77/100 /mnt/yolo/data/dota_src/images/P1860.jpg: 1024x1024 1 ship, 12 large vehicles, 14 small vehicles, 50.8ms
image 78/100 /mnt/yolo/data/dota_src/images/P1924.jpg: 1024x1024 30 large vehicles, 15 small vehicles, 50.2ms
image 79/100 /mnt/yolo/data/dota_src/images/P1958.jpg: 1024x1024 53 large vehicles, 10 small vehicles, 49.4ms
image 80/100 /mnt/yolo/data/dota_src/images/P1982.jpg: 1024x1024 94 large vehicles, 44 small vehicles, 43.6ms
image 81/100 /mnt/yolo/data/dota_src/images/P2003.jpg: 1024x1024 36 large vehicles, 58 small vehicles, 61.2ms
image 82/100 /mnt/yolo/data/dota_src/images/P2121.jpg: 1024x1024 1 baseball diamond, 8 tennis courts, 1 ground track field, 2 soccer ball fields, 55.6ms
image 83/100 /mnt/yolo/data/dota_src/images/P2124.jpg: 1024x1024 178 large vehicles, 3 small vehicles, 58.5ms
image 84/100 /mnt/yolo/data/dota_src/images/P2152.jpg: 1024x1024 1 large vehicle, 15 small vehicles, 1 swimming pool, 66.0ms
image 85/100 /mnt/yolo/data/dota_src/images/P2155.jpg: 1024x1024 60 large vehicles, 19 small vehicles, 60.1ms
image 86/100 /mnt/yolo/data/dota_src/images/P2194.jpg: 1024x1024 3 baseball diamonds, 9 tennis courts, 1 basketball court, 1 ground track field, 1 large vehicle, 3 soccer ball fields, 54.2ms
image 87/100 /mnt/yolo/data/dota_src/images/P2218.jpg: 1024x1024 12 planes, 66.5ms
image 88/100 /mnt/yolo/data/dota_src/images/P2220.jpg: 1024x1024 7 planes, 66.8ms
image 89/100 /mnt/yolo/data/dota_src/images/P2241.jpg: 1024x1024 3 baseball diamonds, 9 tennis courts, 3 large vehicles, 1 swimming pool, 65.1ms
image 90/100 /mnt/yolo/data/dota_src/images/P2285.jpg: 1024x1024 85 ships, 58.5ms
image 91/100 /mnt/yolo/data/dota_src/images/P2322.jpg: 1024x1024 5 ships, 62.6ms
image 92/100 /mnt/yolo/data/dota_src/images/P2337.jpg: 1024x1024 1 ship, 24 storage tanks, 2 bridges, 48.8ms
image 93/100 /mnt/yolo/data/dota_src/images/P2413.jpg: 1024x1024 2 roundabouts, 65.9ms
image 94/100 /mnt/yolo/data/dota_src/images/P2477.jpg: 1024x1024 2 roundabouts, 60.3ms
image 95/100 /mnt/yolo/data/dota_src/images/P2478.jpg: 1024x1024 2 roundabouts, 64.8ms
image 96/100 /mnt/yolo/data/dota_src/images/P2502.jpg: 1024x1024 5 ground track fields, 1 roundabout, 4 soccer ball fields, 65.6ms
image 97/100 /mnt/yolo/data/dota_src/images/P2539.jpg: 1024x1024 2 roundabouts, 1 soccer ball field, 60.3ms
image 98/100 /mnt/yolo/data/dota_src/images/P2577.jpg: 1024x1024 7 tennis courts, 66.3ms
image 99/100 /mnt/yolo/data/dota_src/images/P2689.jpg: 1024x1024 30 planes, 4 storage tanks, 1 bridge, 1 roundabout, 64.1ms
image 100/100 /mnt/yolo/data/dota_src/images/P2709.jpg: 1024x1024 7 ships, 94 storage tanks, 1 large vehicle, 67.2ms
Speed: 24.1ms preprocess, 56.7ms inference, 10.3ms postprocess per image at shape (1, 3, 1024, 1024)
Results saved to [1m/ultralytics/runs/obb/runs/obb_1[0m
