Creating new Ultralytics Settings v0.0.6 file ✅ 
View Ultralytics Settings with 'yolo settings' or at '/root/.config/Ultralytics/settings.json'
Update Settings with 'yolo settings key=value', i.e. 'yolo settings runs_dir=path/to/dir'. For help see https://docs.ultralytics.com/quickstart/#ultralytics-settings.
Loading models/yolo11n-pose_trt10.engine for TensorRT inference...
[07/07/2026-06:14:35] [TRT] [I] Loaded engine size: 13 MiB
[07/07/2026-06:14:35] [TRT] [W] Using an engine plan file across different models of devices is not recommended and is likely to affect performance or even cause errors.
[07/07/2026-06:14:35] [TRT] [I] [MemUsageChange] TensorRT-managed allocation in IExecutionContext creation: CPU +0, GPU +20, now: CPU 0, GPU 31 (MiB)

image 1/100 /mnt/yolo/data/coco_src/000000002923.jpg: 640x640 (no detections), 29.7ms
image 2/100 /mnt/yolo/data/coco_src/000000004495.jpg: 640x640 (no detections), 45.6ms
image 3/100 /mnt/yolo/data/coco_src/000000005037.jpg: 640x640 2 persons, 12.0ms
image 4/100 /mnt/yolo/data/coco_src/000000022892.jpg: 640x640 1 person, 29.4ms
image 5/100 /mnt/yolo/data/coco_src/000000022935.jpg: 640x640 2 persons, 32.8ms
image 6/100 /mnt/yolo/data/coco_src/000000023937.jpg: 640x640 (no detections), 28.8ms
image 7/100 /mnt/yolo/data/coco_src/000000033109.jpg: 640x640 (no detections), 28.9ms
image 8/100 /mnt/yolo/data/coco_src/000000036936.jpg: 640x640 2 persons, 29.1ms
image 9/100 /mnt/yolo/data/coco_src/000000058111.jpg: 640x640 (no detections), 28.9ms
image 10/100 /mnt/yolo/data/coco_src/000000079031.jpg: 640x640 1 person, 29.2ms
image 11/100 /mnt/yolo/data/coco_src/000000085478.jpg: 640x640 (no detections), 29.2ms
image 12/100 /mnt/yolo/data/coco_src/000000088432.jpg: 640x640 (no detections), 28.6ms
image 13/100 /mnt/yolo/data/coco_src/000000097679.jpg: 640x640 (no detections), 29.5ms
image 14/100 /mnt/yolo/data/coco_src/000000100489.jpg: 640x640 (no detections), 28.9ms
image 15/100 /mnt/yolo/data/coco_src/000000106389.jpg: 640x640 (no detections), 28.8ms
image 16/100 /mnt/yolo/data/coco_src/000000115118.jpg: 640x640 (no detections), 29.3ms
image 17/100 /mnt/yolo/data/coco_src/000000127955.jpg: 640x640 1 person, 28.9ms
image 18/100 /mnt/yolo/data/coco_src/000000135890.jpg: 640x640 (no detections), 28.9ms
image 19/100 /mnt/yolo/data/coco_src/000000137106.jpg: 640x640 2 persons, 29.3ms
image 20/100 /mnt/yolo/data/coco_src/000000138856.jpg: 640x640 (no detections), 28.8ms
image 21/100 /mnt/yolo/data/coco_src/000000148957.jpg: 640x640 (no detections), 29.0ms
image 22/100 /mnt/yolo/data/coco_src/000000152740.jpg: 640x640 (no detections), 11.5ms
image 23/100 /mnt/yolo/data/coco_src/000000154644.jpg: 640x640 2 persons, 11.5ms
image 24/100 /mnt/yolo/data/coco_src/000000158744.jpg: 640x640 1 person, 28.9ms
image 25/100 /mnt/yolo/data/coco_src/000000171050.jpg: 640x640 (no detections), 28.8ms
image 26/100 /mnt/yolo/data/coco_src/000000182417.jpg: 640x640 (no detections), 28.7ms
image 27/100 /mnt/yolo/data/coco_src/000000187055.jpg: 640x640 3 persons, 29.1ms
image 28/100 /mnt/yolo/data/coco_src/000000190307.jpg: 640x640 1 person, 28.8ms
image 29/100 /mnt/yolo/data/coco_src/000000192904.jpg: 640x640 1 person, 28.7ms
image 30/100 /mnt/yolo/data/coco_src/000000213547.jpg: 640x640 2 persons, 28.8ms
image 31/100 /mnt/yolo/data/coco_src/000000216419.jpg: 640x640 (no detections), 28.8ms
image 32/100 /mnt/yolo/data/coco_src/000000229997.jpg: 640x640 (no detections), 28.9ms
image 33/100 /mnt/yolo/data/coco_src/000000235836.jpg: 640x640 1 person, 28.7ms
image 34/100 /mnt/yolo/data/coco_src/000000239627.jpg: 640x640 (no detections), 29.0ms
image 35/100 /mnt/yolo/data/coco_src/000000244592.jpg: 640x640 (no detections), 29.3ms
image 36/100 /mnt/yolo/data/coco_src/000000252219.jpg: 640x640 3 persons, 11.6ms
image 37/100 /mnt/yolo/data/coco_src/000000257896.jpg: 640x640 1 person, 29.2ms
image 38/100 /mnt/yolo/data/coco_src/000000261036.jpg: 640x640 3 persons, 29.0ms
image 39/100 /mnt/yolo/data/coco_src/000000261796.jpg: 640x640 (no detections), 28.8ms
image 40/100 /mnt/yolo/data/coco_src/000000263644.jpg: 640x640 (no detections), 11.6ms
image 41/100 /mnt/yolo/data/coco_src/000000267300.jpg: 640x640 (no detections), 11.5ms
image 42/100 /mnt/yolo/data/coco_src/000000269632.jpg: 640x640 2 persons, 28.8ms
image 43/100 /mnt/yolo/data/coco_src/000000271116.jpg: 640x640 5 persons, 29.1ms
image 44/100 /mnt/yolo/data/coco_src/000000272136.jpg: 640x640 (no detections), 28.8ms
image 45/100 /mnt/yolo/data/coco_src/000000286182.jpg: 640x640 1 person, 28.9ms
image 46/100 /mnt/yolo/data/coco_src/000000286422.jpg: 640x640 1 person, 28.9ms
image 47/100 /mnt/yolo/data/coco_src/000000292060.jpg: 640x640 (no detections), 29.0ms
image 48/100 /mnt/yolo/data/coco_src/000000294831.jpg: 640x640 1 person, 29.1ms
image 49/100 /mnt/yolo/data/coco_src/000000302452.jpg: 640x640 9 persons, 28.9ms
image 50/100 /mnt/yolo/data/coco_src/000000314541.jpg: 640x640 (no detections), 28.9ms
image 51/100 /mnt/yolo/data/coco_src/000000318138.jpg: 640x640 3 persons, 11.6ms
image 52/100 /mnt/yolo/data/coco_src/000000319721.jpg: 640x640 3 persons, 29.2ms
image 53/100 /mnt/yolo/data/coco_src/000000320743.jpg: 640x640 7 persons, 28.9ms
image 54/100 /mnt/yolo/data/coco_src/000000326082.jpg: 640x640 (no detections), 28.8ms
image 55/100 /mnt/yolo/data/coco_src/000000329827.jpg: 640x640 1 person, 29.2ms
image 56/100 /mnt/yolo/data/coco_src/000000336265.jpg: 640x640 1 person, 28.9ms
image 57/100 /mnt/yolo/data/coco_src/000000340175.jpg: 640x640 (no detections), 29.3ms
image 58/100 /mnt/yolo/data/coco_src/000000357459.jpg: 640x640 (no detections), 29.0ms
image 59/100 /mnt/yolo/data/coco_src/000000369751.jpg: 640x640 (no detections), 29.4ms
image 60/100 /mnt/yolo/data/coco_src/000000371529.jpg: 640x640 1 person, 11.5ms
image 61/100 /mnt/yolo/data/coco_src/000000383842.jpg: 640x640 7 persons, 28.7ms
image 62/100 /mnt/yolo/data/coco_src/000000384513.jpg: 640x640 (no detections), 29.1ms
image 63/100 /mnt/yolo/data/coco_src/000000389933.jpg: 640x640 (no detections), 29.1ms
image 64/100 /mnt/yolo/data/coco_src/000000393115.jpg: 640x640 (no detections), 29.0ms
image 65/100 /mnt/yolo/data/coco_src/000000394611.jpg: 640x640 (no detections), 29.2ms
image 66/100 /mnt/yolo/data/coco_src/000000402118.jpg: 640x640 1 person, 28.9ms
image 67/100 /mnt/yolo/data/coco_src/000000404805.jpg: 640x640 1 person, 28.9ms
image 68/100 /mnt/yolo/data/coco_src/000000405432.jpg: 640x640 (no detections), 28.8ms
image 69/100 /mnt/yolo/data/coco_src/000000407943.jpg: 640x640 2 persons, 29.0ms
image 70/100 /mnt/yolo/data/coco_src/000000410510.jpg: 640x640 1 person, 28.8ms
image 71/100 /mnt/yolo/data/coco_src/000000413395.jpg: 640x640 1 person, 29.1ms
image 72/100 /mnt/yolo/data/coco_src/000000423971.jpg: 640x640 (no detections), 28.8ms
image 73/100 /mnt/yolo/data/coco_src/000000426268.jpg: 640x640 1 person, 28.6ms
image 74/100 /mnt/yolo/data/coco_src/000000438226.jpg: 640x640 (no detections), 28.8ms
image 75/100 /mnt/yolo/data/coco_src/000000442822.jpg: 640x640 (no detections), 28.7ms
image 76/100 /mnt/yolo/data/coco_src/000000459195.jpg: 640x640 3 persons, 29.1ms
image 77/100 /mnt/yolo/data/coco_src/000000462576.jpg: 640x640 (no detections), 29.3ms
image 78/100 /mnt/yolo/data/coco_src/000000463730.jpg: 640x640 4 persons, 29.0ms
image 79/100 /mnt/yolo/data/coco_src/000000465822.jpg: 640x640 13 persons, 28.8ms
image 80/100 /mnt/yolo/data/coco_src/000000466986.jpg: 640x640 3 persons, 29.1ms
image 81/100 /mnt/yolo/data/coco_src/000000468965.jpg: 640x640 6 persons, 28.7ms
image 82/100 /mnt/yolo/data/coco_src/000000469174.jpg: 640x640 (no detections), 29.3ms
image 83/100 /mnt/yolo/data/coco_src/000000472298.jpg: 640x640 2 persons, 29.2ms
image 84/100 /mnt/yolo/data/coco_src/000000475484.jpg: 640x640 (no detections), 29.1ms
image 85/100 /mnt/yolo/data/coco_src/000000475779.jpg: 640x640 (no detections), 29.0ms
image 86/100 /mnt/yolo/data/coco_src/000000479126.jpg: 640x640 2 persons, 28.8ms
image 87/100 /mnt/yolo/data/coco_src/000000488736.jpg: 640x640 (no detections), 28.9ms
image 88/100 /mnt/yolo/data/coco_src/000000491613.jpg: 640x640 (no detections), 28.8ms
image 89/100 /mnt/yolo/data/coco_src/000000491757.jpg: 640x640 (no detections), 29.1ms
image 90/100 /mnt/yolo/data/coco_src/000000493334.jpg: 640x640 (no detections), 28.8ms
image 91/100 /mnt/yolo/data/coco_src/000000500716.jpg: 640x640 1 person, 29.7ms
image 92/100 /mnt/yolo/data/coco_src/000000504589.jpg: 640x640 2 persons, 29.5ms
image 93/100 /mnt/yolo/data/coco_src/000000511599.jpg: 640x640 4 persons, 29.0ms
image 94/100 /mnt/yolo/data/coco_src/000000514979.jpg: 640x640 2 persons, 28.8ms
image 95/100 /mnt/yolo/data/coco_src/000000519569.jpg: 640x640 (no detections), 29.0ms
image 96/100 /mnt/yolo/data/coco_src/000000525083.jpg: 640x640 (no detections), 29.0ms
image 97/100 /mnt/yolo/data/coco_src/000000552902.jpg: 640x640 (no detections), 28.9ms
image 98/100 /mnt/yolo/data/coco_src/000000565597.jpg: 640x640 (no detections), 29.0ms
image 99/100 /mnt/yolo/data/coco_src/000000566042.jpg: 640x640 (no detections), 28.7ms
image 100/100 /mnt/yolo/data/coco_src/000000574425.jpg: 640x640 (no detections), 28.7ms
Speed: 5.7ms preprocess, 27.8ms inference, 7.1ms postprocess per image at shape (1, 3, 640, 640)
Results saved to [1m/ultralytics/runs/pose/runs/pos_2[0m
