Creating new Ultralytics Settings v0.0.6 file ✅ 
View Ultralytics Settings with 'yolo settings' or at '/root/.config/Ultralytics/settings.json'
Update Settings with 'yolo settings key=value', i.e. 'yolo settings runs_dir=path/to/dir'. For help see https://docs.ultralytics.com/quickstart/#ultralytics-settings.
Loading models/yolo11n-obb_640_trt10.engine for TensorRT inference...
[07/14/2026-09:06:07] [TRT] [I] Loaded engine size: 12 MiB
[07/14/2026-09:06:07] [TRT] [W] Using an engine plan file across different models of devices is not recommended and is likely to affect performance or even cause errors.
[07/14/2026-09:06:07] [TRT] [I] [MemUsageChange] TensorRT-managed allocation in IExecutionContext creation: CPU +0, GPU +18, now: CPU 0, GPU 28 (MiB)

image 1/100 /mnt/yolo/data/dota_src/images/P0027.jpg: 640x640 21 harbors, 28.0ms
image 2/100 /mnt/yolo/data/dota_src/images/P0047.jpg: 640x640 3 baseball diamonds, 1 ground track field, 1 soccer ball field, 28.3ms
image 3/100 /mnt/yolo/data/dota_src/images/P0056.jpg: 640x640 7 large vehicles, 3 small vehicles, 27.9ms
image 4/100 /mnt/yolo/data/dota_src/images/P0060.jpg: 640x640 124 swimming pools, 27.1ms
image 5/100 /mnt/yolo/data/dota_src/images/P0075.jpg: 640x640 1 roundabout, 1 swimming pool, 27.1ms
image 6/100 /mnt/yolo/data/dota_src/images/P0079.jpg: 640x640 2 small vehicles, 2 roundabouts, 1 swimming pool, 27.2ms
image 7/100 /mnt/yolo/data/dota_src/images/P0168.jpg: 640x640 34 planes, 1 swimming pool, 27.5ms
image 8/100 /mnt/yolo/data/dota_src/images/P0170.jpg: 640x640 27 planes, 2 large vehicles, 23 small vehicles, 31.6ms
image 9/100 /mnt/yolo/data/dota_src/images/P0175.jpg: 640x640 10 tennis courts, 1 small vehicle, 30.3ms
image 10/100 /mnt/yolo/data/dota_src/images/P0206.jpg: 640x640 10 tennis courts, 27.3ms
image 11/100 /mnt/yolo/data/dota_src/images/P0237.jpg: 640x640 8 tennis courts, 11 small vehicles, 27.3ms
image 12/100 /mnt/yolo/data/dota_src/images/P0246.jpg: 640x640 1 ship, 24 large vehicles, 9 small vehicles, 27.2ms
image 13/100 /mnt/yolo/data/dota_src/images/P0257.jpg: 640x640 32 planes, 27.3ms
image 14/100 /mnt/yolo/data/dota_src/images/P0261.jpg: 640x640 1 ship, 27.4ms
image 15/100 /mnt/yolo/data/dota_src/images/P0309.jpg: 640x640 7 harbors, 27.5ms
image 16/100 /mnt/yolo/data/dota_src/images/P0347.jpg: 640x640 8 harbors, 1 small vehicle, 27.1ms
image 17/100 /mnt/yolo/data/dota_src/images/P0348.jpg: 640x640 1 ship, 5 harbors, 27.6ms
image 18/100 /mnt/yolo/data/dota_src/images/P0352.jpg: 640x640 2 baseball diamonds, 5 tennis courts, 1 basketball court, 3 small vehicles, 27.2ms
image 19/100 /mnt/yolo/data/dota_src/images/P0396.jpg: 640x640 7 tennis courts, 27.1ms
image 20/100 /mnt/yolo/data/dota_src/images/P0414.jpg: 640x640 5 ships, 7 harbors, 9 small vehicles, 27.1ms
image 21/100 /mnt/yolo/data/dota_src/images/P0486.jpg: 640x640 26 large vehicles, 43 small vehicles, 27.3ms
image 22/100 /mnt/yolo/data/dota_src/images/P0499.jpg: 640x640 6 tennis courts, 8 small vehicles, 1 soccer ball field, 27.5ms
image 23/100 /mnt/yolo/data/dota_src/images/P0550.jpg: 640x640 5 ships, 12 harbors, 27.1ms
image 24/100 /mnt/yolo/data/dota_src/images/P0579.jpg: 640x640 8 harbors, 1 small vehicle, 27.4ms
image 25/100 /mnt/yolo/data/dota_src/images/P0604.jpg: 640x640 12 harbors, 27.3ms
image 26/100 /mnt/yolo/data/dota_src/images/P0712.jpg: 640x640 39 large vehicles, 21 small vehicles, 27.2ms
image 27/100 /mnt/yolo/data/dota_src/images/P0795.jpg: 640x640 286 ships, 10 harbors, 1 swimming pool, 27.3ms
image 28/100 /mnt/yolo/data/dota_src/images/P0801.jpg: 640x640 290 ships, 10 harbors, 27.4ms
image 29/100 /mnt/yolo/data/dota_src/images/P0815.jpg: 640x640 1 baseball diamond, 6 tennis courts, 1 ground track field, 27.9ms
image 30/100 /mnt/yolo/data/dota_src/images/P0953.jpg: 640x640 11 harbors, 27.0ms
image 31/100 /mnt/yolo/data/dota_src/images/P0964.jpg: 640x640 13 harbors, 1 swimming pool, 27.4ms
image 32/100 /mnt/yolo/data/dota_src/images/P0977.jpg: 640x640 14 harbors, 1 small vehicle, 27.2ms
image 33/100 /mnt/yolo/data/dota_src/images/P1007.jpg: 640x640 24 harbors, 30.5ms
image 34/100 /mnt/yolo/data/dota_src/images/P1051.jpg: 640x640 8 tennis courts, 1 large vehicle, 98 small vehicles, 27.2ms
image 35/100 /mnt/yolo/data/dota_src/images/P1099.jpg: 640x640 7 tennis courts, 3 small vehicles, 2 swimming pools, 34.3ms
image 36/100 /mnt/yolo/data/dota_src/images/P1101.jpg: 640x640 6 tennis courts, 1 small vehicle, 22.3ms
image 37/100 /mnt/yolo/data/dota_src/images/P1134.jpg: 640x640 2 planes, 27.4ms
image 38/100 /mnt/yolo/data/dota_src/images/P1178.jpg: 640x640 12 planes, 1 storage tank, 40.3ms
image 39/100 /mnt/yolo/data/dota_src/images/P1189.jpg: 640x640 9 tennis courts, 2 basketball courts, 27.1ms
image 40/100 /mnt/yolo/data/dota_src/images/P1212.jpg: 640x640 (no detections), 29.0ms
image 41/100 /mnt/yolo/data/dota_src/images/P1219.jpg: 640x640 (no detections), 27.2ms
image 42/100 /mnt/yolo/data/dota_src/images/P1234.jpg: 640x640 4 ships, 40 storage tanks, 2 bridges, 44.5ms
image 43/100 /mnt/yolo/data/dota_src/images/P1240.jpg: 640x640 2 ground track fields, 6 bridges, 27.2ms
image 44/100 /mnt/yolo/data/dota_src/images/P1246.jpg: 640x640 1 ship, 1 bridge, 43.1ms
image 45/100 /mnt/yolo/data/dota_src/images/P1257.jpg: 640x640 2 ships, 2 ground track fields, 41.3ms
image 46/100 /mnt/yolo/data/dota_src/images/P1268.jpg: 640x640 4 ships, 3 bridges, 52.1ms
image 47/100 /mnt/yolo/data/dota_src/images/P1275.jpg: 640x640 1 ship, 1 harbor, 43.4ms
image 48/100 /mnt/yolo/data/dota_src/images/P1278.jpg: 640x640 (no detections), 42.4ms
image 49/100 /mnt/yolo/data/dota_src/images/P1283.jpg: 640x640 (no detections), 43.9ms
image 50/100 /mnt/yolo/data/dota_src/images/P1315.jpg: 640x640 1 ground track field, 1 bridge, 40.0ms
image 51/100 /mnt/yolo/data/dota_src/images/P1323.jpg: 640x640 5 bridges, 48.9ms
image 52/100 /mnt/yolo/data/dota_src/images/P1356.jpg: 640x640 (no detections), 47.8ms
image 53/100 /mnt/yolo/data/dota_src/images/P1373.jpg: 640x640 13 planes, 5 storage tanks, 1 ground track field, 44.3ms
image 54/100 /mnt/yolo/data/dota_src/images/P1376.jpg: 640x640 19 planes, 27.2ms
image 55/100 /mnt/yolo/data/dota_src/images/P1377.jpg: 640x640 1 tennis court, 2 roundabouts, 1 soccer ball field, 1 swimming pool, 27.2ms
image 56/100 /mnt/yolo/data/dota_src/images/P1432.jpg: 640x640 2 ground track fields, 27.1ms
image 57/100 /mnt/yolo/data/dota_src/images/P1471.jpg: 640x640 2 ground track fields, 1 large vehicle, 2 soccer ball fields, 27.2ms
image 58/100 /mnt/yolo/data/dota_src/images/P1474.jpg: 640x640 16 planes, 27.1ms
image 59/100 /mnt/yolo/data/dota_src/images/P1492.jpg: 640x640 5 planes, 27.9ms
image 60/100 /mnt/yolo/data/dota_src/images/P1541.jpg: 640x640 (no detections), 28.0ms
image 61/100 /mnt/yolo/data/dota_src/images/P1557.jpg: 640x640 (no detections), 28.2ms
image 62/100 /mnt/yolo/data/dota_src/images/P1584.jpg: 640x640 1 baseball diamond, 2 ground track fields, 27.2ms
image 63/100 /mnt/yolo/data/dota_src/images/P1596.jpg: 640x640 (no detections), 27.6ms
image 64/100 /mnt/yolo/data/dota_src/images/P1610.jpg: 640x640 2 bridges, 36.5ms
image 65/100 /mnt/yolo/data/dota_src/images/P1623.jpg: 640x640 (no detections), 42.1ms
image 66/100 /mnt/yolo/data/dota_src/images/P1647.jpg: 640x640 5 storage tanks, 1 baseball diamond, 2 bridges, 27.4ms
image 67/100 /mnt/yolo/data/dota_src/images/P1650.jpg: 640x640 1 baseball diamond, 2 ground track fields, 27.1ms
image 68/100 /mnt/yolo/data/dota_src/images/P1679.jpg: 640x640 (no detections), 27.2ms
image 69/100 /mnt/yolo/data/dota_src/images/P1700.jpg: 640x640 (no detections), 32.7ms
image 70/100 /mnt/yolo/data/dota_src/images/P1720.jpg: 640x640 (no detections), 27.4ms
image 71/100 /mnt/yolo/data/dota_src/images/P1732.jpg: 640x640 1 ground track field, 1 bridge, 27.4ms
image 72/100 /mnt/yolo/data/dota_src/images/P1752.jpg: 640x640 2 bridges, 44.5ms
image 73/100 /mnt/yolo/data/dota_src/images/P1763.jpg: 640x640 (no detections), 27.1ms
image 74/100 /mnt/yolo/data/dota_src/images/P1786.jpg: 640x640 9 tennis courts, 1 ground track field, 1 harbor, 1 soccer ball field, 39.9ms
image 75/100 /mnt/yolo/data/dota_src/images/P1787.jpg: 640x640 28 large vehicles, 15 small vehicles, 38.4ms
image 76/100 /mnt/yolo/data/dota_src/images/P1838.jpg: 640x640 28 large vehicles, 10 small vehicles, 34.2ms
image 77/100 /mnt/yolo/data/dota_src/images/P1860.jpg: 640x640 13 large vehicles, 11 small vehicles, 27.2ms
image 78/100 /mnt/yolo/data/dota_src/images/P1924.jpg: 640x640 30 large vehicles, 17 small vehicles, 29.7ms
image 79/100 /mnt/yolo/data/dota_src/images/P1958.jpg: 640x640 1 baseball diamond, 55 large vehicles, 21 small vehicles, 27.2ms
image 80/100 /mnt/yolo/data/dota_src/images/P1982.jpg: 640x640 94 large vehicles, 42 small vehicles, 27.3ms
image 81/100 /mnt/yolo/data/dota_src/images/P2003.jpg: 640x640 36 large vehicles, 50 small vehicles, 27.2ms
image 82/100 /mnt/yolo/data/dota_src/images/P2121.jpg: 640x640 1 baseball diamond, 8 tennis courts, 1 ground track field, 1 soccer ball field, 38.2ms
image 83/100 /mnt/yolo/data/dota_src/images/P2124.jpg: 640x640 193 large vehicles, 11 small vehicles, 36.1ms
image 84/100 /mnt/yolo/data/dota_src/images/P2152.jpg: 640x640 3 small vehicles, 1 swimming pool, 27.5ms
image 85/100 /mnt/yolo/data/dota_src/images/P2155.jpg: 640x640 59 large vehicles, 32 small vehicles, 27.2ms
image 86/100 /mnt/yolo/data/dota_src/images/P2194.jpg: 640x640 3 baseball diamonds, 9 tennis courts, 1 ground track field, 3 soccer ball fields, 27.2ms
image 87/100 /mnt/yolo/data/dota_src/images/P2218.jpg: 640x640 12 planes, 31.5ms
image 88/100 /mnt/yolo/data/dota_src/images/P2220.jpg: 640x640 8 planes, 30.3ms
image 89/100 /mnt/yolo/data/dota_src/images/P2241.jpg: 640x640 3 baseball diamonds, 8 tennis courts, 1 swimming pool, 29.9ms
image 90/100 /mnt/yolo/data/dota_src/images/P2285.jpg: 640x640 49 ships, 1 harbor, 27.1ms
image 91/100 /mnt/yolo/data/dota_src/images/P2322.jpg: 640x640 3 ships, 27.1ms
image 92/100 /mnt/yolo/data/dota_src/images/P2337.jpg: 640x640 24 storage tanks, 27.3ms
image 93/100 /mnt/yolo/data/dota_src/images/P2413.jpg: 640x640 1 roundabout, 29.9ms
image 94/100 /mnt/yolo/data/dota_src/images/P2477.jpg: 640x640 1 roundabout, 27.1ms
image 95/100 /mnt/yolo/data/dota_src/images/P2478.jpg: 640x640 1 roundabout, 27.3ms
image 96/100 /mnt/yolo/data/dota_src/images/P2502.jpg: 640x640 4 ground track fields, 27.1ms
image 97/100 /mnt/yolo/data/dota_src/images/P2539.jpg: 640x640 1 roundabout, 27.2ms
image 98/100 /mnt/yolo/data/dota_src/images/P2577.jpg: 640x640 7 tennis courts, 27.1ms
image 99/100 /mnt/yolo/data/dota_src/images/P2689.jpg: 640x640 19 planes, 1 bridge, 27.2ms
image 100/100 /mnt/yolo/data/dota_src/images/P2709.jpg: 640x640 5 ships, 96 storage tanks, 27.3ms
Speed: 11.9ms preprocess, 30.6ms inference, 13.4ms postprocess per image at shape (1, 3, 640, 640)
Results saved to [1m/ultralytics/runs/obb/runs/obb[0m
