Creating new Ultralytics Settings v0.0.6 file ✅ 
View Ultralytics Settings with 'yolo settings' or at '/root/.config/Ultralytics/settings.json'
Update Settings with 'yolo settings key=value', i.e. 'yolo settings runs_dir=path/to/dir'. For help see https://docs.ultralytics.com/quickstart/#ultralytics-settings.
WARNING ⚠️ Unable to automatically guess model task, assuming 'task=detect'. Explicitly define task for your model, i.e. 'task=detect', 'segment', 'classify','pose' or 'obb'.
Loading models/yolo11n_trt10.engine for TensorRT inference...
[07/07/2026-07:24:03] [TRT] [I] Loaded engine size: 12 MiB
[07/07/2026-07:24:03] [TRT] [W] Using an engine plan file across different models of devices is not recommended and is likely to affect performance or even cause errors.
[07/07/2026-07:24:03] [TRT] [I] [MemUsageChange] TensorRT-managed allocation in IExecutionContext creation: CPU +0, GPU +19, now: CPU 0, GPU 29 (MiB)

image 1/100 /mnt/yolo/data/coco_src/000000002923.jpg: 640x640 1 kite, 28.9ms
image 2/100 /mnt/yolo/data/coco_src/000000004495.jpg: 640x640 1 chair, 1 couch, 1 tv, 29.5ms
image 3/100 /mnt/yolo/data/coco_src/000000005037.jpg: 640x640 6 persons, 1 car, 1 bus, 1 traffic light, 28.9ms
image 4/100 /mnt/yolo/data/coco_src/000000022892.jpg: 640x640 2 dogs, 29.5ms
image 5/100 /mnt/yolo/data/coco_src/000000022935.jpg: 640x640 3 persons, 1 sports ball, 28.9ms
image 6/100 /mnt/yolo/data/coco_src/000000023937.jpg: 640x640 1 bird, 3 sheeps, 1 cow, 29.3ms
image 7/100 /mnt/yolo/data/coco_src/000000033109.jpg: 640x640 5 cars, 1 bus, 2 trucks, 29.0ms
image 8/100 /mnt/yolo/data/coco_src/000000036936.jpg: 640x640 3 persons, 5 cups, 1 bowl, 1 couch, 1 potted plant, 2 dining tables, 1 tv, 1 remote, 11.2ms
image 9/100 /mnt/yolo/data/coco_src/000000058111.jpg: 640x640 1 cat, 1 sink, 29.4ms
image 10/100 /mnt/yolo/data/coco_src/000000079031.jpg: 640x640 1 person, 1 surfboard, 29.1ms
image 11/100 /mnt/yolo/data/coco_src/000000085478.jpg: 640x640 2 bears, 28.8ms
image 12/100 /mnt/yolo/data/coco_src/000000088432.jpg: 640x640 1 car, 3 trucks, 2 traffic lights, 1 fire hydrant, 29.1ms
image 13/100 /mnt/yolo/data/coco_src/000000097679.jpg: 640x640 2 cars, 1 surfboard, 28.9ms
image 14/100 /mnt/yolo/data/coco_src/000000100489.jpg: 640x640 1 bird, 28.8ms
image 15/100 /mnt/yolo/data/coco_src/000000106389.jpg: 640x640 1 cat, 1 couch, 5 books, 29.0ms
image 16/100 /mnt/yolo/data/coco_src/000000115118.jpg: 640x640 1 train, 29.1ms
image 17/100 /mnt/yolo/data/coco_src/000000127955.jpg: 640x640 2 bears, 28.8ms
image 18/100 /mnt/yolo/data/coco_src/000000135890.jpg: 640x640 6 persons, 2 clocks, 29.0ms
image 19/100 /mnt/yolo/data/coco_src/000000137106.jpg: 640x640 1 person, 2 beds, 29.1ms
image 20/100 /mnt/yolo/data/coco_src/000000138856.jpg: 640x640 1 bowl, 1 cake, 1 oven, 30.0ms
image 21/100 /mnt/yolo/data/coco_src/000000148957.jpg: 640x640 6 donuts, 29.1ms
image 22/100 /mnt/yolo/data/coco_src/000000152740.jpg: 640x640 19 cows, 29.1ms
image 23/100 /mnt/yolo/data/coco_src/000000154644.jpg: 640x640 2 persons, 1 cell phone, 29.0ms
image 24/100 /mnt/yolo/data/coco_src/000000158744.jpg: 640x640 1 person, 2 cars, 1 suitcase, 1 clock, 29.0ms
image 25/100 /mnt/yolo/data/coco_src/000000171050.jpg: 640x640 1 fire hydrant, 11.2ms
image 26/100 /mnt/yolo/data/coco_src/000000182417.jpg: 640x640 1 bottle, 2 spoons, 1 bowl, 1 sandwich, 1 dining table, 29.0ms
image 27/100 /mnt/yolo/data/coco_src/000000187055.jpg: 640x640 2 persons, 1 sports ball, 2 tennis rackets, 28.9ms
image 28/100 /mnt/yolo/data/coco_src/000000190307.jpg: 640x640 1 person, 1 surfboard, 29.1ms
image 29/100 /mnt/yolo/data/coco_src/000000192904.jpg: 640x640 3 cups, 1 donut, 1 dining table, 29.2ms
image 30/100 /mnt/yolo/data/coco_src/000000213547.jpg: 640x640 2 persons, 1 bottle, 1 refrigerator, 28.9ms
image 31/100 /mnt/yolo/data/coco_src/000000216419.jpg: 640x640 1 clock, 29.2ms
image 32/100 /mnt/yolo/data/coco_src/000000229997.jpg: 640x640 5 birds, 1 bear, 29.0ms
image 33/100 /mnt/yolo/data/coco_src/000000235836.jpg: 640x640 1 person, 4 sports balls, 3 chairs, 30.1ms
image 34/100 /mnt/yolo/data/coco_src/000000239627.jpg: 640x640 2 bottles, 1 cup, 2 sinks, 28.7ms
image 35/100 /mnt/yolo/data/coco_src/000000244592.jpg: 640x640 3 zebras, 29.7ms
image 36/100 /mnt/yolo/data/coco_src/000000252219.jpg: 640x640 3 persons, 1 umbrella, 28.7ms
image 37/100 /mnt/yolo/data/coco_src/000000257896.jpg: 640x640 1 person, 2 ties, 28.9ms
image 38/100 /mnt/yolo/data/coco_src/000000261036.jpg: 640x640 4 persons, 2 frisbees, 1 sports ball, 28.8ms
image 39/100 /mnt/yolo/data/coco_src/000000261796.jpg: 640x640 (no detections), 28.8ms
image 40/100 /mnt/yolo/data/coco_src/000000263644.jpg: 640x640 2 beds, 29.2ms
image 41/100 /mnt/yolo/data/coco_src/000000267300.jpg: 640x640 1 dog, 1 donut, 1 couch, 1 potted plant, 1 dining table, 30.1ms
image 42/100 /mnt/yolo/data/coco_src/000000269632.jpg: 640x640 2 persons, 3 cars, 1 bus, 29.1ms
image 43/100 /mnt/yolo/data/coco_src/000000271116.jpg: 640x640 7 persons, 1 tie, 2 wine glasss, 1 cup, 2 chairs, 1 dining table, 2 cell phones, 28.9ms
image 44/100 /mnt/yolo/data/coco_src/000000272136.jpg: 640x640 1 person, 1 airplane, 29.7ms
image 45/100 /mnt/yolo/data/coco_src/000000286182.jpg: 640x640 1 person, 2 bottles, 1 cup, 6 bowls, 1 chair, 1 dining table, 28.7ms
image 46/100 /mnt/yolo/data/coco_src/000000286422.jpg: 640x640 1 person, 2 boats, 1 dog, 29.1ms
image 47/100 /mnt/yolo/data/coco_src/000000292060.jpg: 640x640 1 bottle, 4 knifes, 1 microwave, 1 oven, 2 sinks, 1 refrigerator, 28.9ms
image 48/100 /mnt/yolo/data/coco_src/000000294831.jpg: 640x640 1 person, 1 pizza, 1 chair, 1 dining table, 1 laptop, 28.8ms
image 49/100 /mnt/yolo/data/coco_src/000000302452.jpg: 640x640 8 persons, 1 giraffe, 29.5ms
image 50/100 /mnt/yolo/data/coco_src/000000314541.jpg: 640x640 1 bench, 11.2ms
image 51/100 /mnt/yolo/data/coco_src/000000318138.jpg: 640x640 3 persons, 4 remotes, 28.7ms
image 52/100 /mnt/yolo/data/coco_src/000000319721.jpg: 640x640 3 persons, 1 horse, 28.9ms
image 53/100 /mnt/yolo/data/coco_src/000000320743.jpg: 640x640 9 persons, 14 elephants, 11.5ms
image 54/100 /mnt/yolo/data/coco_src/000000326082.jpg: 640x640 3 chairs, 2 couchs, 1 dining table, 1 tv, 1 clock, 28.4ms
image 55/100 /mnt/yolo/data/coco_src/000000329827.jpg: 640x640 2 persons, 1 skis, 29.2ms
image 56/100 /mnt/yolo/data/coco_src/000000336265.jpg: 640x640 1 person, 1 frisbee, 29.0ms
image 57/100 /mnt/yolo/data/coco_src/000000340175.jpg: 640x640 2 chairs, 1 couch, 1 potted plant, 1 dining table, 29.1ms
image 58/100 /mnt/yolo/data/coco_src/000000357459.jpg: 640x640 1 person, 1 dog, 1 frisbee, 29.5ms
image 59/100 /mnt/yolo/data/coco_src/000000369751.jpg: 640x640 1 person, 2 cars, 1 stop sign, 3 parking meters, 29.4ms
image 60/100 /mnt/yolo/data/coco_src/000000371529.jpg: 640x640 1 person, 1 potted plant, 2 toilets, 29.6ms
image 61/100 /mnt/yolo/data/coco_src/000000383842.jpg: 640x640 10 persons, 1 handbag, 3 ties, 1 laptop, 1 remote, 1 keyboard, 29.0ms
image 62/100 /mnt/yolo/data/coco_src/000000384513.jpg: 640x640 1 horse, 29.2ms
image 63/100 /mnt/yolo/data/coco_src/000000389933.jpg: 640x640 1 dog, 1 couch, 29.3ms
image 64/100 /mnt/yolo/data/coco_src/000000393115.jpg: 640x640 1 person, 1 sports ball, 1 skateboard, 29.1ms
image 65/100 /mnt/yolo/data/coco_src/000000394611.jpg: 640x640 2 giraffes, 29.6ms
image 66/100 /mnt/yolo/data/coco_src/000000402118.jpg: 640x640 1 person, 1 snowboard, 29.3ms
image 67/100 /mnt/yolo/data/coco_src/000000404805.jpg: 640x640 1 person, 1 surfboard, 29.0ms
image 68/100 /mnt/yolo/data/coco_src/000000405432.jpg: 640x640 1 dining table, 1 cell phone, 29.4ms
image 69/100 /mnt/yolo/data/coco_src/000000407943.jpg: 640x640 2 persons, 1 umbrella, 30.2ms
image 70/100 /mnt/yolo/data/coco_src/000000410510.jpg: 640x640 1 person, 1 tennis racket, 1 tv, 29.5ms
image 71/100 /mnt/yolo/data/coco_src/000000413395.jpg: 640x640 3 cats, 1 wine glass, 1 couch, 11.3ms
image 72/100 /mnt/yolo/data/coco_src/000000423971.jpg: 640x640 1 bottle, 1 toilet, 29.0ms
image 73/100 /mnt/yolo/data/coco_src/000000426268.jpg: 640x640 1 person, 1 car, 1 train, 28.9ms
image 74/100 /mnt/yolo/data/coco_src/000000438226.jpg: 640x640 1 wine glass, 1 fork, 1 knife, 2 sandwichs, 1 dining table, 29.1ms
image 75/100 /mnt/yolo/data/coco_src/000000442822.jpg: 640x640 9 boats, 29.2ms
image 76/100 /mnt/yolo/data/coco_src/000000459195.jpg: 640x640 3 persons, 2 frisbees, 28.9ms
image 77/100 /mnt/yolo/data/coco_src/000000462576.jpg: 640x640 1 cup, 2 bowls, 1 orange, 1 dining table, 29.3ms
image 78/100 /mnt/yolo/data/coco_src/000000463730.jpg: 640x640 10 persons, 1 car, 2 buss, 1 truck, 29.3ms
image 79/100 /mnt/yolo/data/coco_src/000000465822.jpg: 640x640 12 persons, 1 bottle, 6 chairs, 3 laptops, 1 clock, 29.5ms
image 80/100 /mnt/yolo/data/coco_src/000000466986.jpg: 640x640 2 persons, 1 bowl, 1 tv, 1 microwave, 11.2ms
image 81/100 /mnt/yolo/data/coco_src/000000468965.jpg: 640x640 10 persons, 2 kites, 28.9ms
image 82/100 /mnt/yolo/data/coco_src/000000469174.jpg: 640x640 1 airplane, 1 kite, 28.8ms
image 83/100 /mnt/yolo/data/coco_src/000000472298.jpg: 640x640 2 persons, 1 boat, 29.2ms
image 84/100 /mnt/yolo/data/coco_src/000000475484.jpg: 640x640 3 persons, 3 cars, 3 traffic lights, 29.1ms
image 85/100 /mnt/yolo/data/coco_src/000000475779.jpg: 640x640 1 elephant, 29.1ms
image 86/100 /mnt/yolo/data/coco_src/000000479126.jpg: 640x640 2 persons, 3 chairs, 1 laptop, 29.7ms
image 87/100 /mnt/yolo/data/coco_src/000000488736.jpg: 640x640 2 clocks, 29.1ms
image 88/100 /mnt/yolo/data/coco_src/000000491613.jpg: 640x640 1 zebra, 28.8ms
image 89/100 /mnt/yolo/data/coco_src/000000491757.jpg: 640x640 1 cat, 1 bed, 29.6ms
image 90/100 /mnt/yolo/data/coco_src/000000493334.jpg: 640x640 1 person, 1 cake, 1 cell phone, 29.2ms
image 91/100 /mnt/yolo/data/coco_src/000000500716.jpg: 640x640 1 cat, 29.1ms
image 92/100 /mnt/yolo/data/coco_src/000000504589.jpg: 640x640 2 persons, 1 frisbee, 29.0ms
image 93/100 /mnt/yolo/data/coco_src/000000511599.jpg: 640x640 8 persons, 6 boats, 1 backpack, 29.7ms
image 94/100 /mnt/yolo/data/coco_src/000000514979.jpg: 640x640 2 elephants, 30.7ms
image 95/100 /mnt/yolo/data/coco_src/000000519569.jpg: 640x640 1 bottle, 3 chairs, 1 potted plant, 1 microwave, 1 vase, 29.9ms
image 96/100 /mnt/yolo/data/coco_src/000000525083.jpg: 640x640 2 chairs, 1 dining table, 1 microwave, 1 refrigerator, 29.3ms
image 97/100 /mnt/yolo/data/coco_src/000000552902.jpg: 640x640 1 zebra, 29.9ms
image 98/100 /mnt/yolo/data/coco_src/000000565597.jpg: 640x640 3 pizzas, 29.4ms
image 99/100 /mnt/yolo/data/coco_src/000000566042.jpg: 640x640 5 giraffes, 29.0ms
image 100/100 /mnt/yolo/data/coco_src/000000574425.jpg: 640x640 1 person, 1 car, 1 bus, 1 truck, 28.9ms
Speed: 6.2ms preprocess, 28.1ms inference, 6.5ms postprocess per image at shape (1, 3, 640, 640)
Results saved to [1m/ultralytics/runs/detect/runs/det_1[0m
