I0714 09:18:37.889722       1 cache.go:1363] There are <0> Jobs, <1> Queues and <5> Nodes in total for scheduling.
I0714 09:18:37.889922       1 session.go:190] Open Session 42388694-3ba1-422e-b01d-1c216c90bde0 with <0> Job and <1> Queues
I0714 09:18:37.891751       1 enqueue.go:79] Try to enqueue PodGroup to 0 Queues
I0714 09:18:37.891826       1 allocate.go:64] Try to allocate resource to 0 Queues
I0714 09:18:37.892059       1 session.go:244] Close Session 42388694-3ba1-422e-b01d-1c216c90bde0
I0714 09:18:38.894116       1 cache.go:1363] There are <0> Jobs, <1> Queues and <5> Nodes in total for scheduling.
I0714 09:18:38.894281       1 session.go:190] Open Session 65632b05-80f5-4529-a16f-189ff8158204 with <0> Job and <1> Queues
I0714 09:18:38.896081       1 enqueue.go:79] Try to enqueue PodGroup to 0 Queues
I0714 09:18:38.896147       1 allocate.go:64] Try to allocate resource to 0 Queues
I0714 09:18:38.896384       1 session.go:244] Close Session 65632b05-80f5-4529-a16f-189ff8158204
I0714 09:18:39.898815       1 cache.go:1363] There are <0> Jobs, <1> Queues and <5> Nodes in total for scheduling.
I0714 09:18:39.898978       1 session.go:190] Open Session df6392f1-2c1d-4a05-91c3-ed980b262fa2 with <0> Job and <1> Queues
I0714 09:18:39.900821       1 enqueue.go:79] Try to enqueue PodGroup to 0 Queues
I0714 09:18:39.900886       1 allocate.go:64] Try to allocate resource to 0 Queues
I0714 09:18:39.901085       1 session.go:244] Close Session df6392f1-2c1d-4a05-91c3-ed980b262fa2
I0714 09:18:40.903762       1 cache.go:1363] There are <0> Jobs, <1> Queues and <5> Nodes in total for scheduling.
I0714 09:18:40.903911       1 session.go:190] Open Session 03922ec3-3b53-4c62-a51f-c5263493e7d3 with <0> Job and <1> Queues
I0714 09:18:40.905728       1 enqueue.go:79] Try to enqueue PodGroup to 0 Queues
I0714 09:18:40.905794       1 allocate.go:64] Try to allocate resource to 0 Queues
I0714 09:18:40.906012       1 session.go:244] Close Session 03922ec3-3b53-4c62-a51f-c5263493e7d3
I0714 09:18:41.908745       1 cache.go:1363] There are <0> Jobs, <1> Queues and <5> Nodes in total for scheduling.
I0714 09:18:41.908878       1 session.go:190] Open Session 6046354f-8c3f-4f6a-9711-703485625faa with <0> Job and <1> Queues
I0714 09:18:41.910495       1 enqueue.go:79] Try to enqueue PodGroup to 0 Queues
I0714 09:18:41.910561       1 allocate.go:64] Try to allocate resource to 0 Queues
I0714 09:18:41.910761       1 session.go:244] Close Session 6046354f-8c3f-4f6a-9711-703485625faa
I0714 09:18:42.913023       1 cache.go:1363] There are <0> Jobs, <1> Queues and <5> Nodes in total for scheduling.
I0714 09:18:42.913186       1 session.go:190] Open Session 120b6dbd-ebae-4291-8853-61b4cf6f69c5 with <0> Job and <1> Queues
I0714 09:18:42.914980       1 enqueue.go:79] Try to enqueue PodGroup to 0 Queues
I0714 09:18:42.915053       1 allocate.go:64] Try to allocate resource to 0 Queues
I0714 09:18:42.915254       1 session.go:244] Close Session 120b6dbd-ebae-4291-8853-61b4cf6f69c5
I0714 09:18:43.917473       1 cache.go:1363] There are <0> Jobs, <1> Queues and <5> Nodes in total for scheduling.
I0714 09:18:43.917642       1 session.go:190] Open Session 3615a1a7-9080-4d8e-bd6b-661e8903cca3 with <0> Job and <1> Queues
I0714 09:18:43.919329       1 enqueue.go:79] Try to enqueue PodGroup to 0 Queues
I0714 09:18:43.919390       1 allocate.go:64] Try to allocate resource to 0 Queues
I0714 09:18:43.919597       1 session.go:244] Close Session 3615a1a7-9080-4d8e-bd6b-661e8903cca3
I0714 09:18:44.922182       1 cache.go:1363] There are <0> Jobs, <1> Queues and <5> Nodes in total for scheduling.
I0714 09:18:44.922338       1 session.go:190] Open Session 2c652586-a83d-4a10-a4c2-e547e97d5eb1 with <0> Job and <1> Queues
I0714 09:18:44.924168       1 enqueue.go:79] Try to enqueue PodGroup to 0 Queues
I0714 09:18:44.924375       1 allocate.go:64] Try to allocate resource to 0 Queues
I0714 09:18:44.924593       1 session.go:244] Close Session 2c652586-a83d-4a10-a4c2-e547e97d5eb1
I0714 09:18:45.927018       1 cache.go:1363] There are <0> Jobs, <1> Queues and <5> Nodes in total for scheduling.
I0714 09:18:45.927195       1 session.go:190] Open Session fa033bcb-2dd9-4c0d-a45e-2c9a16631193 with <0> Job and <1> Queues
I0714 09:18:45.929215       1 enqueue.go:79] Try to enqueue PodGroup to 0 Queues
I0714 09:18:45.929287       1 allocate.go:64] Try to allocate resource to 0 Queues
I0714 09:18:45.929510       1 session.go:244] Close Session fa033bcb-2dd9-4c0d-a45e-2c9a16631193
I0714 09:18:46.932412       1 cache.go:1363] There are <0> Jobs, <1> Queues and <5> Nodes in total for scheduling.
I0714 09:18:46.932590       1 session.go:190] Open Session 4826ea5f-a935-494c-b762-8b3fbedefb1b with <0> Job and <1> Queues
I0714 09:18:46.934496       1 enqueue.go:79] Try to enqueue PodGroup to 0 Queues
I0714 09:18:46.934577       1 allocate.go:64] Try to allocate resource to 0 Queues
I0714 09:18:46.934800       1 session.go:244] Close Session 4826ea5f-a935-494c-b762-8b3fbedefb1b
I0714 09:18:47.937903       1 cache.go:1363] There are <0> Jobs, <1> Queues and <5> Nodes in total for scheduling.
I0714 09:18:47.938106       1 session.go:190] Open Session 8753e053-b08c-4be0-87a2-2e67ae1a2acc with <0> Job and <1> Queues
I0714 09:18:47.939863       1 enqueue.go:79] Try to enqueue PodGroup to 0 Queues
I0714 09:18:47.939937       1 allocate.go:64] Try to allocate resource to 0 Queues
I0714 09:18:47.940177       1 session.go:244] Close Session 8753e053-b08c-4be0-87a2-2e67ae1a2acc
I0714 09:18:48.942410       1 cache.go:1363] There are <0> Jobs, <1> Queues and <5> Nodes in total for scheduling.
I0714 09:18:48.942585       1 session.go:190] Open Session c44c1f10-e330-4643-8d63-88423322b9c2 with <0> Job and <1> Queues
I0714 09:18:48.944429       1 enqueue.go:79] Try to enqueue PodGroup to 0 Queues
I0714 09:18:48.944499       1 allocate.go:64] Try to allocate resource to 0 Queues
I0714 09:18:48.944724       1 session.go:244] Close Session c44c1f10-e330-4643-8d63-88423322b9c2
I0714 09:18:49.946744       1 cache.go:1363] There are <0> Jobs, <1> Queues and <5> Nodes in total for scheduling.
I0714 09:18:49.946914       1 session.go:190] Open Session d4c2f592-287b-4828-84a5-246e153b438d with <0> Job and <1> Queues
I0714 09:18:49.948943       1 enqueue.go:79] Try to enqueue PodGroup to 0 Queues
I0714 09:18:49.949020       1 allocate.go:64] Try to allocate resource to 0 Queues
I0714 09:18:49.949238       1 session.go:244] Close Session d4c2f592-287b-4828-84a5-246e153b438d
I0714 09:18:50.951888       1 cache.go:1363] There are <0> Jobs, <1> Queues and <5> Nodes in total for scheduling.
I0714 09:18:50.952052       1 session.go:190] Open Session d4cc7916-6d61-4bde-ba78-ea30c4ee00fe with <0> Job and <1> Queues
I0714 09:18:50.953853       1 enqueue.go:79] Try to enqueue PodGroup to 0 Queues
I0714 09:18:50.953926       1 allocate.go:64] Try to allocate resource to 0 Queues
I0714 09:18:50.954146       1 session.go:244] Close Session d4cc7916-6d61-4bde-ba78-ea30c4ee00fe
I0714 09:18:51.956874       1 cache.go:1363] There are <0> Jobs, <1> Queues and <5> Nodes in total for scheduling.
I0714 09:18:51.957060       1 session.go:190] Open Session d46a7c2c-1f71-4253-843e-7883dbf0ae93 with <0> Job and <1> Queues
I0714 09:18:51.958774       1 enqueue.go:79] Try to enqueue PodGroup to 0 Queues
I0714 09:18:51.958846       1 allocate.go:64] Try to allocate resource to 0 Queues
I0714 09:18:51.959056       1 session.go:244] Close Session d46a7c2c-1f71-4253-843e-7883dbf0ae93
I0714 09:18:52.961749       1 cache.go:1363] There are <0> Jobs, <1> Queues and <5> Nodes in total for scheduling.
I0714 09:18:52.961930       1 session.go:190] Open Session 4c87d36c-7e9d-4261-8c9d-6eedcec39166 with <0> Job and <1> Queues
I0714 09:18:52.963820       1 enqueue.go:79] Try to enqueue PodGroup to 0 Queues
I0714 09:18:52.963896       1 allocate.go:64] Try to allocate resource to 0 Queues
I0714 09:18:52.964134       1 session.go:244] Close Session 4c87d36c-7e9d-4261-8c9d-6eedcec39166
I0714 09:18:53.967216       1 cache.go:1363] There are <0> Jobs, <1> Queues and <5> Nodes in total for scheduling.
I0714 09:18:53.967392       1 session.go:190] Open Session d7443534-3977-4176-a0c0-3dfc9604c7ca with <0> Job and <1> Queues
I0714 09:18:53.969125       1 enqueue.go:79] Try to enqueue PodGroup to 0 Queues
I0714 09:18:53.969199       1 allocate.go:64] Try to allocate resource to 0 Queues
I0714 09:18:53.969450       1 session.go:244] Close Session d7443534-3977-4176-a0c0-3dfc9604c7ca
I0714 09:18:54.972461       1 cache.go:1363] There are <0> Jobs, <1> Queues and <5> Nodes in total for scheduling.
I0714 09:18:54.972632       1 session.go:190] Open Session 5a4fcd63-5ca6-429d-bc77-97b2f27b8696 with <0> Job and <1> Queues
I0714 09:18:54.974456       1 enqueue.go:79] Try to enqueue PodGroup to 0 Queues
I0714 09:18:54.974531       1 allocate.go:64] Try to allocate resource to 0 Queues
I0714 09:18:54.974754       1 session.go:244] Close Session 5a4fcd63-5ca6-429d-bc77-97b2f27b8696
I0714 09:18:55.976817       1 cache.go:1363] There are <0> Jobs, <1> Queues and <5> Nodes in total for scheduling.
I0714 09:18:55.977092       1 session.go:190] Open Session 178d4a14-7516-4695-b683-39ba74f2a2d0 with <0> Job and <1> Queues
I0714 09:18:55.978842       1 enqueue.go:79] Try to enqueue PodGroup to 0 Queues
I0714 09:18:55.978913       1 allocate.go:64] Try to allocate resource to 0 Queues
I0714 09:18:55.979124       1 session.go:244] Close Session 178d4a14-7516-4695-b683-39ba74f2a2d0
I0714 09:18:56.981758       1 cache.go:1363] There are <0> Jobs, <1> Queues and <5> Nodes in total for scheduling.
I0714 09:18:56.981917       1 session.go:190] Open Session 0660df27-0460-4101-ab98-41bc6e45a1f0 with <0> Job and <1> Queues
I0714 09:18:56.983631       1 enqueue.go:79] Try to enqueue PodGroup to 0 Queues
I0714 09:18:56.983700       1 allocate.go:64] Try to allocate resource to 0 Queues
I0714 09:18:56.983919       1 session.go:244] Close Session 0660df27-0460-4101-ab98-41bc6e45a1f0
I0714 09:18:57.986101       1 cache.go:1363] There are <0> Jobs, <1> Queues and <5> Nodes in total for scheduling.
I0714 09:18:57.986312       1 session.go:190] Open Session 509b29b6-35a1-4f45-9ce3-69cfaa4fce15 with <0> Job and <1> Queues
I0714 09:18:57.988101       1 enqueue.go:79] Try to enqueue PodGroup to 0 Queues
I0714 09:18:57.988172       1 allocate.go:64] Try to allocate resource to 0 Queues
I0714 09:18:57.988421       1 session.go:244] Close Session 509b29b6-35a1-4f45-9ce3-69cfaa4fce15
I0714 09:18:58.991312       1 cache.go:1363] There are <0> Jobs, <1> Queues and <5> Nodes in total for scheduling.
I0714 09:18:58.991490       1 session.go:190] Open Session 75e6dd37-350c-4aee-91dd-4d942759bf61 with <0> Job and <1> Queues
I0714 09:18:58.993435       1 enqueue.go:79] Try to enqueue PodGroup to 0 Queues
I0714 09:18:58.993511       1 allocate.go:64] Try to allocate resource to 0 Queues
I0714 09:18:58.993732       1 session.go:244] Close Session 75e6dd37-350c-4aee-91dd-4d942759bf61
I0714 09:18:59.996282       1 cache.go:1363] There are <0> Jobs, <1> Queues and <5> Nodes in total for scheduling.
I0714 09:18:59.996484       1 session.go:190] Open Session 44d8be21-29fb-4b53-8016-a74e4cd95c2a with <0> Job and <1> Queues
I0714 09:18:59.998270       1 enqueue.go:79] Try to enqueue PodGroup to 0 Queues
I0714 09:18:59.998346       1 allocate.go:64] Try to allocate resource to 0 Queues
I0714 09:18:59.998560       1 session.go:244] Close Session 44d8be21-29fb-4b53-8016-a74e4cd95c2a
I0714 09:19:01.000847       1 cache.go:1363] There are <0> Jobs, <1> Queues and <5> Nodes in total for scheduling.
I0714 09:19:01.001013       1 session.go:190] Open Session 6082d382-9c4a-40c6-bc03-f2ea3c9a12c8 with <0> Job and <1> Queues
I0714 09:19:01.002886       1 enqueue.go:79] Try to enqueue PodGroup to 0 Queues
I0714 09:19:01.002957       1 allocate.go:64] Try to allocate resource to 0 Queues
I0714 09:19:01.003159       1 session.go:244] Close Session 6082d382-9c4a-40c6-bc03-f2ea3c9a12c8
I0714 09:19:02.005286       1 cache.go:1363] There are <0> Jobs, <1> Queues and <5> Nodes in total for scheduling.
I0714 09:19:02.005433       1 session.go:190] Open Session 647a860d-fa7c-43ce-a916-45f63f7e98ea with <0> Job and <1> Queues
I0714 09:19:02.007091       1 enqueue.go:79] Try to enqueue PodGroup to 0 Queues
I0714 09:19:02.007158       1 allocate.go:64] Try to allocate resource to 0 Queues
I0714 09:19:02.007371       1 session.go:244] Close Session 647a860d-fa7c-43ce-a916-45f63f7e98ea
I0714 09:19:03.009225       1 cache.go:1363] There are <0> Jobs, <1> Queues and <5> Nodes in total for scheduling.
I0714 09:19:03.009380       1 session.go:190] Open Session 71c146c4-482d-4e33-bef2-b318b021eaad with <0> Job and <1> Queues
I0714 09:19:03.011013       1 enqueue.go:79] Try to enqueue PodGroup to 0 Queues
I0714 09:19:03.011083       1 allocate.go:64] Try to allocate resource to 0 Queues
I0714 09:19:03.011283       1 session.go:244] Close Session 71c146c4-482d-4e33-bef2-b318b021eaad
I0714 09:19:04.014114       1 cache.go:1363] There are <0> Jobs, <1> Queues and <5> Nodes in total for scheduling.
I0714 09:19:04.014285       1 session.go:190] Open Session e76b3e95-54ee-438d-ad79-b56cc47be592 with <0> Job and <1> Queues
I0714 09:19:04.016060       1 enqueue.go:79] Try to enqueue PodGroup to 0 Queues
I0714 09:19:04.016141       1 allocate.go:64] Try to allocate resource to 0 Queues
I0714 09:19:04.016397       1 session.go:244] Close Session e76b3e95-54ee-438d-ad79-b56cc47be592
I0714 09:19:05.018815       1 cache.go:1363] There are <0> Jobs, <1> Queues and <5> Nodes in total for scheduling.
I0714 09:19:05.018994       1 session.go:190] Open Session 5a674dbb-360c-46bc-ab73-6b2c9e5c0814 with <0> Job and <1> Queues
I0714 09:19:05.020904       1 enqueue.go:79] Try to enqueue PodGroup to 0 Queues
I0714 09:19:05.020996       1 allocate.go:64] Try to allocate resource to 0 Queues
I0714 09:19:05.021232       1 session.go:244] Close Session 5a674dbb-360c-46bc-ab73-6b2c9e5c0814
I0714 09:19:06.024493       1 cache.go:1363] There are <0> Jobs, <1> Queues and <5> Nodes in total for scheduling.
I0714 09:19:06.024657       1 session.go:190] Open Session d85d288f-1b99-4b9f-9bf9-fe3fed157669 with <0> Job and <1> Queues
I0714 09:19:06.026375       1 enqueue.go:79] Try to enqueue PodGroup to 0 Queues
I0714 09:19:06.026452       1 allocate.go:64] Try to allocate resource to 0 Queues
I0714 09:19:06.026685       1 session.go:244] Close Session d85d288f-1b99-4b9f-9bf9-fe3fed157669
I0714 09:19:06.654937       1 cache.go:1489] The metrics type is not set in the volcano scheduler configmap file. As a result, the CPU and memory load information of the node is not collected.
I0714 09:19:07.029247       1 cache.go:1363] There are <0> Jobs, <1> Queues and <5> Nodes in total for scheduling.
I0714 09:19:07.029407       1 session.go:190] Open Session 799db198-939b-4b78-80b0-f3f5aafc2b08 with <0> Job and <1> Queues
I0714 09:19:07.031177       1 enqueue.go:79] Try to enqueue PodGroup to 0 Queues
I0714 09:19:07.031248       1 allocate.go:64] Try to allocate resource to 0 Queues
I0714 09:19:07.031475       1 session.go:244] Close Session 799db198-939b-4b78-80b0-f3f5aafc2b08
I0714 09:19:08.033870       1 cache.go:1363] There are <0> Jobs, <1> Queues and <5> Nodes in total for scheduling.
I0714 09:19:08.034079       1 session.go:190] Open Session 2b2b5109-e56c-4463-b61b-fd749d2002a4 with <0> Job and <1> Queues
I0714 09:19:08.035924       1 enqueue.go:79] Try to enqueue PodGroup to 0 Queues
I0714 09:19:08.036006       1 allocate.go:64] Try to allocate resource to 0 Queues
I0714 09:19:08.036223       1 session.go:244] Close Session 2b2b5109-e56c-4463-b61b-fd749d2002a4
I0714 09:19:09.039267       1 cache.go:1363] There are <0> Jobs, <1> Queues and <5> Nodes in total for scheduling.
I0714 09:19:09.039441       1 session.go:190] Open Session 68ed5690-345a-4c8c-a044-9cc9c119ef78 with <0> Job and <1> Queues
I0714 09:19:09.041432       1 enqueue.go:79] Try to enqueue PodGroup to 0 Queues
I0714 09:19:09.041508       1 allocate.go:64] Try to allocate resource to 0 Queues
I0714 09:19:09.041740       1 session.go:244] Close Session 68ed5690-345a-4c8c-a044-9cc9c119ef78
I0714 09:19:10.044325       1 cache.go:1363] There are <0> Jobs, <1> Queues and <5> Nodes in total for scheduling.
I0714 09:19:10.044515       1 session.go:190] Open Session 41a625f6-9912-46a6-ac92-cf21072fa2cf with <0> Job and <1> Queues
I0714 09:19:10.046666       1 enqueue.go:79] Try to enqueue PodGroup to 0 Queues
I0714 09:19:10.046746       1 allocate.go:64] Try to allocate resource to 0 Queues
I0714 09:19:10.047036       1 session.go:244] Close Session 41a625f6-9912-46a6-ac92-cf21072fa2cf
I0714 09:19:11.049324       1 cache.go:1363] There are <0> Jobs, <1> Queues and <5> Nodes in total for scheduling.
I0714 09:19:11.049495       1 session.go:190] Open Session ad234493-a73c-43fa-ba68-1d1103e4673d with <0> Job and <1> Queues
I0714 09:19:11.051576       1 enqueue.go:79] Try to enqueue PodGroup to 0 Queues
I0714 09:19:11.051655       1 allocate.go:64] Try to allocate resource to 0 Queues
I0714 09:19:11.051895       1 session.go:244] Close Session ad234493-a73c-43fa-ba68-1d1103e4673d
I0714 09:19:12.054503       1 cache.go:1363] There are <0> Jobs, <1> Queues and <5> Nodes in total for scheduling.
I0714 09:19:12.054644       1 session.go:190] Open Session ac17ccc1-4de2-4419-819b-d3ffe3fb4fbc with <0> Job and <1> Queues
I0714 09:19:12.056496       1 enqueue.go:79] Try to enqueue PodGroup to 0 Queues
I0714 09:19:12.056566       1 allocate.go:64] Try to allocate resource to 0 Queues
I0714 09:19:12.056789       1 session.go:244] Close Session ac17ccc1-4de2-4419-819b-d3ffe3fb4fbc
I0714 09:19:13.058853       1 cache.go:1363] There are <0> Jobs, <1> Queues and <5> Nodes in total for scheduling.
I0714 09:19:13.059028       1 session.go:190] Open Session ad433c4b-93ee-43e0-b992-e5720781cd00 with <0> Job and <1> Queues
I0714 09:19:13.060915       1 enqueue.go:79] Try to enqueue PodGroup to 0 Queues
I0714 09:19:13.060990       1 allocate.go:64] Try to allocate resource to 0 Queues
I0714 09:19:13.061211       1 session.go:244] Close Session ad433c4b-93ee-43e0-b992-e5720781cd00
I0714 09:19:14.063528       1 cache.go:1363] There are <0> Jobs, <1> Queues and <5> Nodes in total for scheduling.
I0714 09:19:14.063697       1 session.go:190] Open Session b8a0be67-a9fc-4dfd-9afd-a98372cd0bdc with <0> Job and <1> Queues
I0714 09:19:14.065560       1 enqueue.go:79] Try to enqueue PodGroup to 0 Queues
I0714 09:19:14.065641       1 allocate.go:64] Try to allocate resource to 0 Queues
I0714 09:19:14.065857       1 session.go:244] Close Session b8a0be67-a9fc-4dfd-9afd-a98372cd0bdc
I0714 09:19:15.068515       1 cache.go:1363] There are <0> Jobs, <1> Queues and <5> Nodes in total for scheduling.
I0714 09:19:15.068690       1 session.go:190] Open Session 96bb1a2f-49a1-4b0f-8a39-814a0272f3a9 with <0> Job and <1> Queues
I0714 09:19:15.070435       1 enqueue.go:79] Try to enqueue PodGroup to 0 Queues
I0714 09:19:15.070509       1 allocate.go:64] Try to allocate resource to 0 Queues
I0714 09:19:15.070732       1 session.go:244] Close Session 96bb1a2f-49a1-4b0f-8a39-814a0272f3a9
I0714 09:19:16.072868       1 cache.go:1363] There are <0> Jobs, <1> Queues and <5> Nodes in total for scheduling.
I0714 09:19:16.073016       1 session.go:190] Open Session 10d458f3-3129-4be7-9e6c-481ca3c19e06 with <0> Job and <1> Queues
I0714 09:19:16.075061       1 enqueue.go:79] Try to enqueue PodGroup to 0 Queues
I0714 09:19:16.075151       1 allocate.go:64] Try to allocate resource to 0 Queues
I0714 09:19:16.075391       1 session.go:244] Close Session 10d458f3-3129-4be7-9e6c-481ca3c19e06
I0714 09:19:17.077358       1 cache.go:1363] There are <0> Jobs, <1> Queues and <5> Nodes in total for scheduling.
I0714 09:19:17.077532       1 session.go:190] Open Session 1af1de08-6d4d-4585-bf86-13344dfff2c9 with <0> Job and <1> Queues
I0714 09:19:17.079226       1 enqueue.go:79] Try to enqueue PodGroup to 0 Queues
I0714 09:19:17.079295       1 allocate.go:64] Try to allocate resource to 0 Queues
I0714 09:19:17.079546       1 session.go:244] Close Session 1af1de08-6d4d-4585-bf86-13344dfff2c9
W0714 09:19:17.950864       1 event_handlers.go:181] Not support non-csi pvc.
I0714 09:19:17.951000       1 event_handlers.go:387] Added pod <default/yolo-cls> into cache.
W0714 09:19:17.975137       1 event_handlers.go:181] Not support non-csi pvc.
I0714 09:19:18.081967       1 cache.go:1363] There are <1> Jobs, <1> Queues and <5> Nodes in total for scheduling.
I0714 09:19:18.082112       1 session.go:190] Open Session 9a5eefba-ac74-47b2-b4b6-f050c387990e with <1> Job and <1> Queues
I0714 09:19:18.084193       1 enqueue.go:79] Try to enqueue PodGroup to 1 Queues
I0714 09:19:18.084538       1 allocate.go:64] Try to allocate resource to 1 Queues
I0714 09:19:18.084597       1 allocate.go:129] Try to allocate resource to Jobs in Queue <default>
I0714 09:19:18.084631       1 allocate.go:161] Try to allocate resource to 1 tasks of Job <default/podgroup-87b6bed1-3e6c-4a65-b82d-ecb21fcd712d>
I0714 09:19:18.084673       1 allocate.go:181] There are <5> nodes for Job <default/podgroup-87b6bed1-3e6c-4a65-b82d-ecb21fcd712d>
I0714 09:19:18.085013       1 predicate_helper.go:75] Predicates failed: task default/yolo-cls on node gpu-master fit failed: Insufficient nvidia.com/gpu
I0714 09:19:18.085318       1 predicate_helper.go:75] Predicates failed: task default/yolo-cls on node gpuorin4-desktop fit failed: plugin NodeAffinity predicates failed node(s) didn't match Pod's node affinity/selector
I0714 09:19:18.085376       1 predicate_helper.go:75] Predicates failed: task default/yolo-cls on node gpuorin5-desktop fit failed: plugin NodeAffinity predicates failed node(s) didn't match Pod's node affinity/selector
I0714 09:19:18.086364       1 allocate.go:249] Binding Task <default/yolo-cls> to node <gpu-orin2>
I0714 09:19:18.086571       1 statement.go:266] After allocated Task <default/yolo-cls> to Node <gpu-orin2>: idle <cpu 5900.00, memory 7832690688.00, nvidia.com/gpu 4000.00, pods 105.00, ephemeral-storage 225118140453000.00, hugepages-1Gi 0.00, hugepages-2Mi 0.00, hugepages-32Mi 0.00, hugepages-64Ki 0.00>, used <cpu 100.00, memory 52428800.00, pods 5.00, nvidia.com/gpu 1000.00>, releasing <cpu 0.00, memory 0.00>
I0714 09:19:18.087077       1 statement.go:284] Allocating operations ...
I0714 09:19:18.087199       1 statement.go:378] Committing operations ...
I0714 09:19:18.087331       1 proportion.go:302] Queue <default>: deserved <cpu 0.00, memory 0.00, nvidia.com/gpu 1000.00, pods 1.00>, allocated <cpu 0.00, memory 0.00, pods 1.00, nvidia.com/gpu 1000.00>, share <1>
I0714 09:19:18.087398       1 allocate.go:125] Queue <default> is overused, ignore it.
I0714 09:19:18.104772       1 session.go:244] Close Session 9a5eefba-ac74-47b2-b4b6-f050c387990e
I0714 09:19:18.121732       1 cache.go:900] bind ok, latency 17.565492ms
W0714 09:19:18.124229       1 event_handlers.go:181] Not support non-csi pvc.
W0714 09:19:18.162489       1 event_handlers.go:181] Not support non-csi pvc.
W0714 09:19:18.606794       1 event_handlers.go:181] Not support non-csi pvc.
I0714 09:19:18.611502       1 event_handlers.go:442] Deleted pod <default/yolo-cls> from cache.
I0714 09:19:18.628228       1 cache.go:1013] Try to delete Job <default/podgroup-87b6bed1-3e6c-4a65-b82d-ecb21fcd712d:default/podgroup-87b6bed1-3e6c-4a65-b82d-ecb21fcd712d>
I0714 09:19:18.628547       1 cache.go:1054] Job <default/podgroup-87b6bed1-3e6c-4a65-b82d-ecb21fcd712d:default/podgroup-87b6bed1-3e6c-4a65-b82d-ecb21fcd712d> was deleted.
W0714 09:19:18.791482       1 event_handlers.go:181] Not support non-csi pvc.
I0714 09:19:18.791622       1 event_handlers.go:387] Added pod <default/yolo-cls> into cache.
W0714 09:19:18.821959       1 event_handlers.go:181] Not support non-csi pvc.
I0714 09:19:19.107286       1 cache.go:1363] There are <0> Jobs, <1> Queues and <5> Nodes in total for scheduling.
I0714 09:19:19.107390       1 session.go:190] Open Session 9a329404-6f81-4c03-aae7-ce37227e1052 with <0> Job and <1> Queues
I0714 09:19:19.109376       1 enqueue.go:79] Try to enqueue PodGroup to 0 Queues
I0714 09:19:19.109453       1 allocate.go:64] Try to allocate resource to 0 Queues
I0714 09:19:19.109674       1 session.go:244] Close Session 9a329404-6f81-4c03-aae7-ce37227e1052
I0714 09:19:20.112208       1 cache.go:1363] There are <0> Jobs, <1> Queues and <5> Nodes in total for scheduling.
I0714 09:19:20.112418       1 session.go:190] Open Session 41e5ba67-0ee7-4677-97be-0e7cf413d2f6 with <0> Job and <1> Queues
I0714 09:19:20.114240       1 enqueue.go:79] Try to enqueue PodGroup to 0 Queues
I0714 09:19:20.114310       1 allocate.go:64] Try to allocate resource to 0 Queues
I0714 09:19:20.114518       1 session.go:244] Close Session 41e5ba67-0ee7-4677-97be-0e7cf413d2f6
W0714 09:19:20.843918       1 event_handlers.go:181] Not support non-csi pvc.
I0714 09:19:21.117001       1 cache.go:1363] There are <0> Jobs, <1> Queues and <5> Nodes in total for scheduling.
I0714 09:19:21.117129       1 session.go:190] Open Session 50d4ec6f-c0db-45e2-a219-70b657b01243 with <0> Job and <1> Queues
I0714 09:19:21.119104       1 enqueue.go:79] Try to enqueue PodGroup to 0 Queues
I0714 09:19:21.119187       1 allocate.go:64] Try to allocate resource to 0 Queues
I0714 09:19:21.119395       1 session.go:244] Close Session 50d4ec6f-c0db-45e2-a219-70b657b01243
I0714 09:19:22.121897       1 cache.go:1363] There are <0> Jobs, <1> Queues and <5> Nodes in total for scheduling.
I0714 09:19:22.122077       1 session.go:190] Open Session 2f18ebb8-6862-4aa5-90ef-0001922f0b90 with <0> Job and <1> Queues
I0714 09:19:22.123875       1 enqueue.go:79] Try to enqueue PodGroup to 0 Queues
I0714 09:19:22.123950       1 allocate.go:64] Try to allocate resource to 0 Queues
I0714 09:19:22.124167       1 session.go:244] Close Session 2f18ebb8-6862-4aa5-90ef-0001922f0b90
I0714 09:19:23.126449       1 cache.go:1363] There are <0> Jobs, <1> Queues and <5> Nodes in total for scheduling.
I0714 09:19:23.126618       1 session.go:190] Open Session 6f416d77-76ff-46ff-933e-47cd6c43ac32 with <0> Job and <1> Queues
I0714 09:19:23.128514       1 enqueue.go:79] Try to enqueue PodGroup to 0 Queues
I0714 09:19:23.128581       1 allocate.go:64] Try to allocate resource to 0 Queues
I0714 09:19:23.128819       1 session.go:244] Close Session 6f416d77-76ff-46ff-933e-47cd6c43ac32
I0714 09:19:24.131771       1 cache.go:1363] There are <0> Jobs, <1> Queues and <5> Nodes in total for scheduling.
I0714 09:19:24.131918       1 session.go:190] Open Session dd665486-8c4b-4512-aded-5fe80b8abf3d with <0> Job and <1> Queues
I0714 09:19:24.133764       1 enqueue.go:79] Try to enqueue PodGroup to 0 Queues
I0714 09:19:24.133841       1 allocate.go:64] Try to allocate resource to 0 Queues
I0714 09:19:24.134051       1 session.go:244] Close Session dd665486-8c4b-4512-aded-5fe80b8abf3d
W0714 09:19:24.958357       1 event_handlers.go:181] Not support non-csi pvc.
I0714 09:19:24.958475       1 event_handlers.go:387] Added pod <default/yolo-det> into cache.
W0714 09:19:24.983860       1 event_handlers.go:181] Not support non-csi pvc.
I0714 09:19:25.136646       1 cache.go:1363] There are <1> Jobs, <1> Queues and <5> Nodes in total for scheduling.
I0714 09:19:25.136784       1 session.go:190] Open Session 68f4fc1a-da45-4e72-a0b4-71f41430b5ba with <1> Job and <1> Queues
I0714 09:19:25.138881       1 enqueue.go:79] Try to enqueue PodGroup to 1 Queues
I0714 09:19:25.139134       1 allocate.go:64] Try to allocate resource to 1 Queues
I0714 09:19:25.139196       1 allocate.go:129] Try to allocate resource to Jobs in Queue <default>
I0714 09:19:25.139229       1 allocate.go:161] Try to allocate resource to 1 tasks of Job <default/podgroup-26fef88c-d788-4185-8218-531d7a66a8e7>
I0714 09:19:25.139269       1 allocate.go:181] There are <5> nodes for Job <default/podgroup-26fef88c-d788-4185-8218-531d7a66a8e7>
I0714 09:19:25.139580       1 predicate_helper.go:75] Predicates failed: task default/yolo-det on node gpu-master fit failed: Insufficient nvidia.com/gpu
I0714 09:19:25.139932       1 predicate_helper.go:75] Predicates failed: task default/yolo-det on node gpuorin4-desktop fit failed: plugin NodeAffinity predicates failed node(s) didn't match Pod's node affinity/selector
I0714 09:19:25.139954       1 predicate_helper.go:75] Predicates failed: task default/yolo-det on node gpuorin5-desktop fit failed: plugin NodeAffinity predicates failed node(s) didn't match Pod's node affinity/selector
I0714 09:19:25.141126       1 allocate.go:249] Binding Task <default/yolo-det> to node <gpu-orin3>
I0714 09:19:25.141357       1 statement.go:266] After allocated Task <default/yolo-det> to Node <gpu-orin3>: idle <cpu 5900.00, memory 7832723456.00, hugepages-64Ki 0.00, pods 105.00, hugepages-32Mi 0.00, nvidia.com/gpu 4000.00, ephemeral-storage 111715275387000.00, hugepages-2Mi 0.00, hugepages-1Gi 0.00>, used <cpu 100.00, memory 52428800.00, pods 5.00, nvidia.com/gpu 1000.00>, releasing <cpu 0.00, memory 0.00>
I0714 09:19:25.141797       1 statement.go:284] Allocating operations ...
I0714 09:19:25.141923       1 statement.go:378] Committing operations ...
I0714 09:19:25.142037       1 proportion.go:302] Queue <default>: deserved <cpu 0.00, memory 0.00, pods 1.00, nvidia.com/gpu 1000.00>, allocated <cpu 0.00, memory 0.00, nvidia.com/gpu 1000.00, pods 1.00>, share <1>
I0714 09:19:25.142100       1 allocate.go:125] Queue <default> is overused, ignore it.
I0714 09:19:25.159202       1 session.go:244] Close Session 68f4fc1a-da45-4e72-a0b4-71f41430b5ba
I0714 09:19:25.163979       1 cache.go:900] bind ok, latency 12.940042ms
W0714 09:19:25.165722       1 event_handlers.go:181] Not support non-csi pvc.
W0714 09:19:25.660895       1 event_handlers.go:181] Not support non-csi pvc.
I0714 09:19:25.665342       1 event_handlers.go:442] Deleted pod <default/yolo-det> from cache.
I0714 09:19:25.674467       1 cache.go:1013] Try to delete Job <default/podgroup-26fef88c-d788-4185-8218-531d7a66a8e7:default/podgroup-26fef88c-d788-4185-8218-531d7a66a8e7>
I0714 09:19:25.674684       1 cache.go:1054] Job <default/podgroup-26fef88c-d788-4185-8218-531d7a66a8e7:default/podgroup-26fef88c-d788-4185-8218-531d7a66a8e7> was deleted.
W0714 09:19:25.789211       1 event_handlers.go:181] Not support non-csi pvc.
I0714 09:19:25.789341       1 event_handlers.go:387] Added pod <default/yolo-det> into cache.
I0714 09:19:26.161408       1 cache.go:1363] There are <0> Jobs, <1> Queues and <5> Nodes in total for scheduling.
I0714 09:19:26.161551       1 session.go:190] Open Session f9c1f710-007d-4707-99f9-0c214cec350e with <0> Job and <1> Queues
I0714 09:19:26.163256       1 enqueue.go:79] Try to enqueue PodGroup to 0 Queues
I0714 09:19:26.163329       1 allocate.go:64] Try to allocate resource to 0 Queues
I0714 09:19:26.163633       1 session.go:244] Close Session f9c1f710-007d-4707-99f9-0c214cec350e
I0714 09:19:27.166244       1 cache.go:1363] There are <0> Jobs, <1> Queues and <5> Nodes in total for scheduling.
I0714 09:19:27.166387       1 session.go:190] Open Session d64c48b7-6cd6-4d65-9181-bceac16ddad2 with <0> Job and <1> Queues
I0714 09:19:27.168030       1 enqueue.go:79] Try to enqueue PodGroup to 0 Queues
I0714 09:19:27.168090       1 allocate.go:64] Try to allocate resource to 0 Queues
I0714 09:19:27.168343       1 session.go:244] Close Session d64c48b7-6cd6-4d65-9181-bceac16ddad2
I0714 09:19:28.171064       1 cache.go:1363] There are <0> Jobs, <1> Queues and <5> Nodes in total for scheduling.
I0714 09:19:28.171250       1 session.go:190] Open Session ff32d212-6332-4f6d-83b7-c029ab9e00ed with <0> Job and <1> Queues
I0714 09:19:28.173473       1 enqueue.go:79] Try to enqueue PodGroup to 0 Queues
I0714 09:19:28.173559       1 allocate.go:64] Try to allocate resource to 0 Queues
I0714 09:19:28.173789       1 session.go:244] Close Session ff32d212-6332-4f6d-83b7-c029ab9e00ed
W0714 09:19:28.223797       1 event_handlers.go:181] Not support non-csi pvc.
I0714 09:19:29.175991       1 cache.go:1363] There are <0> Jobs, <1> Queues and <5> Nodes in total for scheduling.
I0714 09:19:29.176122       1 session.go:190] Open Session 69b7abbe-21a4-4ec9-969d-a14bb5b3b111 with <0> Job and <1> Queues
I0714 09:19:29.177965       1 enqueue.go:79] Try to enqueue PodGroup to 0 Queues
I0714 09:19:29.178048       1 allocate.go:64] Try to allocate resource to 0 Queues
I0714 09:19:29.178236       1 session.go:244] Close Session 69b7abbe-21a4-4ec9-969d-a14bb5b3b111
I0714 09:19:30.180630       1 cache.go:1363] There are <0> Jobs, <1> Queues and <5> Nodes in total for scheduling.
I0714 09:19:30.180780       1 session.go:190] Open Session 417ce8cf-2f7f-4770-9089-fb147ed3aabd with <0> Job and <1> Queues
I0714 09:19:30.183376       1 enqueue.go:79] Try to enqueue PodGroup to 0 Queues
I0714 09:19:30.183491       1 allocate.go:64] Try to allocate resource to 0 Queues
I0714 09:19:30.183728       1 session.go:244] Close Session 417ce8cf-2f7f-4770-9089-fb147ed3aabd
W0714 09:19:31.115169       1 event_handlers.go:181] Not support non-csi pvc.
I0714 09:19:31.185728       1 cache.go:1363] There are <0> Jobs, <1> Queues and <5> Nodes in total for scheduling.
I0714 09:19:31.185848       1 session.go:190] Open Session e4717bfe-4cae-4ebb-90fe-3429ad37d444 with <0> Job and <1> Queues
I0714 09:19:31.187830       1 enqueue.go:79] Try to enqueue PodGroup to 0 Queues
I0714 09:19:31.187918       1 allocate.go:64] Try to allocate resource to 0 Queues
I0714 09:19:31.188132       1 session.go:244] Close Session e4717bfe-4cae-4ebb-90fe-3429ad37d444
I0714 09:19:32.190661       1 cache.go:1363] There are <0> Jobs, <1> Queues and <5> Nodes in total for scheduling.
I0714 09:19:32.190806       1 session.go:190] Open Session 1261437c-95ed-4a12-96fd-9d053f97eb70 with <0> Job and <1> Queues
I0714 09:19:32.192565       1 enqueue.go:79] Try to enqueue PodGroup to 0 Queues
I0714 09:19:32.192632       1 allocate.go:64] Try to allocate resource to 0 Queues
I0714 09:19:32.192860       1 session.go:244] Close Session 1261437c-95ed-4a12-96fd-9d053f97eb70
I0714 09:19:33.195164       1 cache.go:1363] There are <0> Jobs, <1> Queues and <5> Nodes in total for scheduling.
I0714 09:19:33.195346       1 session.go:190] Open Session 29f00184-7d92-4106-8def-fd06df77488c with <0> Job and <1> Queues
I0714 09:19:33.197295       1 enqueue.go:79] Try to enqueue PodGroup to 0 Queues
I0714 09:19:33.197369       1 allocate.go:64] Try to allocate resource to 0 Queues
I0714 09:19:33.197601       1 session.go:244] Close Session 29f00184-7d92-4106-8def-fd06df77488c
I0714 09:19:34.200798       1 cache.go:1363] There are <0> Jobs, <1> Queues and <5> Nodes in total for scheduling.
I0714 09:19:34.200960       1 session.go:190] Open Session 88a302c0-e24d-446d-bb0e-38e692bb7f7c with <0> Job and <1> Queues
I0714 09:19:34.202750       1 enqueue.go:79] Try to enqueue PodGroup to 0 Queues
I0714 09:19:34.202818       1 allocate.go:64] Try to allocate resource to 0 Queues
I0714 09:19:34.203052       1 session.go:244] Close Session 88a302c0-e24d-446d-bb0e-38e692bb7f7c
W0714 09:19:35.067945       1 event_handlers.go:181] Not support non-csi pvc.
I0714 09:19:35.068073       1 event_handlers.go:387] Added pod <default/yolo-seg> into cache.
W0714 09:19:35.096977       1 event_handlers.go:181] Not support non-csi pvc.
I0714 09:19:35.206084       1 cache.go:1363] There are <1> Jobs, <1> Queues and <5> Nodes in total for scheduling.
I0714 09:19:35.206230       1 session.go:190] Open Session a62d8bae-0460-4257-a11f-0a38e4c1daf2 with <1> Job and <1> Queues
I0714 09:19:35.208350       1 enqueue.go:79] Try to enqueue PodGroup to 1 Queues
I0714 09:19:35.208624       1 allocate.go:64] Try to allocate resource to 1 Queues
I0714 09:19:35.208686       1 allocate.go:129] Try to allocate resource to Jobs in Queue <default>
I0714 09:19:35.208725       1 allocate.go:161] Try to allocate resource to 1 tasks of Job <default/podgroup-b29c7405-17e5-4f45-9424-38bc54f52767>
I0714 09:19:35.208774       1 allocate.go:181] There are <5> nodes for Job <default/podgroup-b29c7405-17e5-4f45-9424-38bc54f52767>
I0714 09:19:35.209099       1 predicate_helper.go:75] Predicates failed: task default/yolo-seg on node gpu-master fit failed: Insufficient nvidia.com/gpu
I0714 09:19:35.209619       1 predicate_helper.go:75] Predicates failed: task default/yolo-seg on node gpuorin5-desktop fit failed: plugin NodeAffinity predicates failed node(s) didn't match Pod's node affinity/selector
I0714 09:19:35.209698       1 predicate_helper.go:75] Predicates failed: task default/yolo-seg on node gpuorin4-desktop fit failed: plugin NodeAffinity predicates failed node(s) didn't match Pod's node affinity/selector
I0714 09:19:35.210619       1 allocate.go:249] Binding Task <default/yolo-seg> to node <gpu-orin2>
I0714 09:19:35.210898       1 statement.go:266] After allocated Task <default/yolo-seg> to Node <gpu-orin2>: idle <cpu 5900.00, memory 7832690688.00, ephemeral-storage 225118140453000.00, hugepages-1Gi 0.00, hugepages-2Mi 0.00, hugepages-32Mi 0.00, hugepages-64Ki 0.00, nvidia.com/gpu 3000.00, pods 104.00>, used <cpu 100.00, memory 52428800.00, pods 6.00, nvidia.com/gpu 2000.00>, releasing <cpu 0.00, memory 0.00>
I0714 09:19:35.211366       1 statement.go:284] Allocating operations ...
I0714 09:19:35.211507       1 statement.go:378] Committing operations ...
I0714 09:19:35.211632       1 proportion.go:302] Queue <default>: deserved <cpu 0.00, memory 0.00, nvidia.com/gpu 1000.00, pods 1.00>, allocated <cpu 0.00, memory 0.00, nvidia.com/gpu 1000.00, pods 1.00>, share <1>
I0714 09:19:35.211695       1 allocate.go:125] Queue <default> is overused, ignore it.
I0714 09:19:35.224282       1 session.go:244] Close Session a62d8bae-0460-4257-a11f-0a38e4c1daf2
I0714 09:19:35.235488       1 cache.go:900] bind ok, latency 13.076973ms
W0714 09:19:35.237136       1 event_handlers.go:181] Not support non-csi pvc.
W0714 09:19:35.296383       1 event_handlers.go:181] Not support non-csi pvc.
W0714 09:19:35.742874       1 event_handlers.go:181] Not support non-csi pvc.
I0714 09:19:35.745262       1 event_handlers.go:442] Deleted pod <default/yolo-seg> from cache.
I0714 09:19:35.752008       1 cache.go:1013] Try to delete Job <default/podgroup-b29c7405-17e5-4f45-9424-38bc54f52767:default/podgroup-b29c7405-17e5-4f45-9424-38bc54f52767>
I0714 09:19:35.752224       1 cache.go:1054] Job <default/podgroup-b29c7405-17e5-4f45-9424-38bc54f52767:default/podgroup-b29c7405-17e5-4f45-9424-38bc54f52767> was deleted.
W0714 09:19:35.895052       1 event_handlers.go:181] Not support non-csi pvc.
I0714 09:19:35.895388       1 event_handlers.go:387] Added pod <default/yolo-seg> into cache.
W0714 09:19:35.923398       1 event_handlers.go:181] Not support non-csi pvc.
I0714 09:19:36.227477       1 cache.go:1363] There are <0> Jobs, <1> Queues and <5> Nodes in total for scheduling.
I0714 09:19:36.227695       1 session.go:190] Open Session cd52d8d4-5075-44ac-880c-d4e844acbc16 with <0> Job and <1> Queues
I0714 09:19:36.229598       1 enqueue.go:79] Try to enqueue PodGroup to 0 Queues
I0714 09:19:36.229687       1 allocate.go:64] Try to allocate resource to 0 Queues
I0714 09:19:36.229931       1 session.go:244] Close Session cd52d8d4-5075-44ac-880c-d4e844acbc16
I0714 09:19:36.655612       1 cache.go:1489] The metrics type is not set in the volcano scheduler configmap file. As a result, the CPU and memory load information of the node is not collected.
I0714 09:19:37.232249       1 cache.go:1363] There are <0> Jobs, <1> Queues and <5> Nodes in total for scheduling.
I0714 09:19:37.232461       1 session.go:190] Open Session bc951fb7-48a1-45c0-b7f0-0b8cb0561fe8 with <0> Job and <1> Queues
I0714 09:19:37.234276       1 enqueue.go:79] Try to enqueue PodGroup to 0 Queues
I0714 09:19:37.234354       1 allocate.go:64] Try to allocate resource to 0 Queues
I0714 09:19:37.234569       1 session.go:244] Close Session bc951fb7-48a1-45c0-b7f0-0b8cb0561fe8
W0714 09:19:37.956952       1 event_handlers.go:181] Not support non-csi pvc.
I0714 09:19:38.236572       1 cache.go:1363] There are <0> Jobs, <1> Queues and <5> Nodes in total for scheduling.
I0714 09:19:38.236721       1 session.go:190] Open Session 86fd28ab-52f6-4ffd-9eb0-d62cd6de9733 with <0> Job and <1> Queues
I0714 09:19:38.238509       1 enqueue.go:79] Try to enqueue PodGroup to 0 Queues
I0714 09:19:38.238586       1 allocate.go:64] Try to allocate resource to 0 Queues
I0714 09:19:38.238804       1 session.go:244] Close Session 86fd28ab-52f6-4ffd-9eb0-d62cd6de9733
I0714 09:19:39.241340       1 cache.go:1363] There are <0> Jobs, <1> Queues and <5> Nodes in total for scheduling.
I0714 09:19:39.241500       1 session.go:190] Open Session 865fea84-8ea1-4e9e-9dad-6b6cbbda9b5f with <0> Job and <1> Queues
I0714 09:19:39.243455       1 enqueue.go:79] Try to enqueue PodGroup to 0 Queues
I0714 09:19:39.243537       1 allocate.go:64] Try to allocate resource to 0 Queues
I0714 09:19:39.243752       1 session.go:244] Close Session 865fea84-8ea1-4e9e-9dad-6b6cbbda9b5f
I0714 09:19:40.245948       1 cache.go:1363] There are <0> Jobs, <1> Queues and <5> Nodes in total for scheduling.
I0714 09:19:40.246119       1 session.go:190] Open Session 25e20479-7d31-42d0-a7c6-52c30990de5b with <0> Job and <1> Queues
I0714 09:19:40.247990       1 enqueue.go:79] Try to enqueue PodGroup to 0 Queues
I0714 09:19:40.248063       1 allocate.go:64] Try to allocate resource to 0 Queues
I0714 09:19:40.248315       1 session.go:244] Close Session 25e20479-7d31-42d0-a7c6-52c30990de5b
I0714 09:19:41.251081       1 cache.go:1363] There are <0> Jobs, <1> Queues and <5> Nodes in total for scheduling.
I0714 09:19:41.251223       1 session.go:190] Open Session 68754d2c-9688-4f29-8e02-7837f4df714d with <0> Job and <1> Queues
I0714 09:19:41.253018       1 enqueue.go:79] Try to enqueue PodGroup to 0 Queues
I0714 09:19:41.253107       1 allocate.go:64] Try to allocate resource to 0 Queues
I0714 09:19:41.253303       1 session.go:244] Close Session 68754d2c-9688-4f29-8e02-7837f4df714d
W0714 09:19:41.987356       1 event_handlers.go:181] Not support non-csi pvc.
I0714 09:19:41.987466       1 event_handlers.go:387] Added pod <default/yolo-obb> into cache.
W0714 09:19:42.022201       1 event_handlers.go:181] Not support non-csi pvc.
I0714 09:19:42.256159       1 cache.go:1363] There are <1> Jobs, <1> Queues and <5> Nodes in total for scheduling.
I0714 09:19:42.256381       1 session.go:190] Open Session 8181df49-44cc-4854-9200-248ca5569224 with <1> Job and <1> Queues
I0714 09:19:42.258552       1 enqueue.go:79] Try to enqueue PodGroup to 1 Queues
I0714 09:19:42.258905       1 allocate.go:64] Try to allocate resource to 1 Queues
I0714 09:19:42.258966       1 allocate.go:129] Try to allocate resource to Jobs in Queue <default>
I0714 09:19:42.259001       1 allocate.go:161] Try to allocate resource to 1 tasks of Job <default/podgroup-986097e9-c361-4775-9a31-764dd57ae912>
I0714 09:19:42.259042       1 allocate.go:181] There are <5> nodes for Job <default/podgroup-986097e9-c361-4775-9a31-764dd57ae912>
I0714 09:19:42.259356       1 predicate_helper.go:75] Predicates failed: task default/yolo-obb on node gpu-master fit failed: Insufficient nvidia.com/gpu
I0714 09:19:42.259659       1 predicate_helper.go:75] Predicates failed: task default/yolo-obb on node gpuorin4-desktop fit failed: plugin NodeAffinity predicates failed node(s) didn't match Pod's node affinity/selector
I0714 09:19:42.259825       1 predicate_helper.go:75] Predicates failed: task default/yolo-obb on node gpuorin5-desktop fit failed: plugin NodeAffinity predicates failed node(s) didn't match Pod's node affinity/selector
I0714 09:19:42.260640       1 allocate.go:249] Binding Task <default/yolo-obb> to node <gpu-orin3>
I0714 09:19:42.260850       1 statement.go:266] After allocated Task <default/yolo-obb> to Node <gpu-orin3>: idle <cpu 5900.00, memory 7832723456.00, pods 104.00, nvidia.com/gpu 3000.00, ephemeral-storage 111715275387000.00, hugepages-2Mi 0.00, hugepages-32Mi 0.00, hugepages-1Gi 0.00, hugepages-64Ki 0.00>, used <cpu 100.00, memory 52428800.00, nvidia.com/gpu 2000.00, pods 6.00>, releasing <cpu 0.00, memory 0.00>
I0714 09:19:42.261309       1 statement.go:284] Allocating operations ...
I0714 09:19:42.261454       1 statement.go:378] Committing operations ...
I0714 09:19:42.261578       1 proportion.go:302] Queue <default>: deserved <cpu 0.00, memory 0.00, pods 1.00, nvidia.com/gpu 1000.00>, allocated <cpu 0.00, memory 0.00, nvidia.com/gpu 1000.00, pods 1.00>, share <1>
I0714 09:19:42.261637       1 allocate.go:125] Queue <default> is overused, ignore it.
I0714 09:19:42.273810       1 session.go:244] Close Session 8181df49-44cc-4854-9200-248ca5569224
I0714 09:19:42.285807       1 cache.go:900] bind ok, latency 7.453483ms
W0714 09:19:42.288584       1 event_handlers.go:181] Not support non-csi pvc.
W0714 09:19:42.324471       1 event_handlers.go:181] Not support non-csi pvc.
W0714 09:19:42.638240       1 event_handlers.go:181] Not support non-csi pvc.
I0714 09:19:42.643544       1 event_handlers.go:442] Deleted pod <default/yolo-obb> from cache.
I0714 09:19:42.661098       1 cache.go:1013] Try to delete Job <default/podgroup-986097e9-c361-4775-9a31-764dd57ae912:default/podgroup-986097e9-c361-4775-9a31-764dd57ae912>
I0714 09:19:42.661320       1 cache.go:1054] Job <default/podgroup-986097e9-c361-4775-9a31-764dd57ae912:default/podgroup-986097e9-c361-4775-9a31-764dd57ae912> was deleted.
W0714 09:19:42.773702       1 event_handlers.go:181] Not support non-csi pvc.
I0714 09:19:42.773845       1 event_handlers.go:387] Added pod <default/yolo-obb> into cache.
W0714 09:19:42.807951       1 event_handlers.go:181] Not support non-csi pvc.
I0714 09:19:43.277320       1 cache.go:1363] There are <0> Jobs, <1> Queues and <5> Nodes in total for scheduling.
I0714 09:19:43.277522       1 session.go:190] Open Session 81fba774-19e7-498f-80da-a7d3baec0180 with <0> Job and <1> Queues
I0714 09:19:43.279416       1 enqueue.go:79] Try to enqueue PodGroup to 0 Queues
I0714 09:19:43.279492       1 allocate.go:64] Try to allocate resource to 0 Queues
I0714 09:19:43.279719       1 session.go:244] Close Session 81fba774-19e7-498f-80da-a7d3baec0180
I0714 09:19:44.282517       1 cache.go:1363] There are <0> Jobs, <1> Queues and <5> Nodes in total for scheduling.
I0714 09:19:44.282689       1 session.go:190] Open Session 8b5d08a8-4e01-443f-82ba-d1e14c7f6b86 with <0> Job and <1> Queues
I0714 09:19:44.284599       1 enqueue.go:79] Try to enqueue PodGroup to 0 Queues
I0714 09:19:44.284681       1 allocate.go:64] Try to allocate resource to 0 Queues
I0714 09:19:44.284938       1 session.go:244] Close Session 8b5d08a8-4e01-443f-82ba-d1e14c7f6b86
W0714 09:19:45.172528       1 event_handlers.go:181] Not support non-csi pvc.
I0714 09:19:45.287372       1 cache.go:1363] There are <0> Jobs, <1> Queues and <5> Nodes in total for scheduling.
I0714 09:19:45.287510       1 session.go:190] Open Session 7490e7f9-393e-4924-bf5f-382b8231182a with <0> Job and <1> Queues
I0714 09:19:45.289587       1 enqueue.go:79] Try to enqueue PodGroup to 0 Queues
I0714 09:19:45.289686       1 allocate.go:64] Try to allocate resource to 0 Queues
I0714 09:19:45.289936       1 session.go:244] Close Session 7490e7f9-393e-4924-bf5f-382b8231182a
I0714 09:19:46.292131       1 cache.go:1363] There are <0> Jobs, <1> Queues and <5> Nodes in total for scheduling.
I0714 09:19:46.292263       1 session.go:190] Open Session afdcea20-c5b7-4462-a4c7-3b8f6683f3ab with <0> Job and <1> Queues
I0714 09:19:46.294095       1 enqueue.go:79] Try to enqueue PodGroup to 0 Queues
I0714 09:19:46.294180       1 allocate.go:64] Try to allocate resource to 0 Queues
I0714 09:19:46.294389       1 session.go:244] Close Session afdcea20-c5b7-4462-a4c7-3b8f6683f3ab
I0714 09:19:47.296324       1 cache.go:1363] There are <0> Jobs, <1> Queues and <5> Nodes in total for scheduling.
I0714 09:19:47.296413       1 session.go:190] Open Session 0600235f-550d-4f2d-9436-35289eebbe8b with <0> Job and <1> Queues
I0714 09:19:47.297393       1 enqueue.go:79] Try to enqueue PodGroup to 0 Queues
I0714 09:19:47.297443       1 allocate.go:64] Try to allocate resource to 0 Queues
I0714 09:19:47.297554       1 session.go:244] Close Session 0600235f-550d-4f2d-9436-35289eebbe8b
I0714 09:19:48.299998       1 cache.go:1363] There are <0> Jobs, <1> Queues and <5> Nodes in total for scheduling.
I0714 09:19:48.300170       1 session.go:190] Open Session 5d6c7656-39df-42c0-8b4f-960c87984e2f with <0> Job and <1> Queues
I0714 09:19:48.302156       1 enqueue.go:79] Try to enqueue PodGroup to 0 Queues
I0714 09:19:48.302238       1 allocate.go:64] Try to allocate resource to 0 Queues
I0714 09:19:48.302454       1 session.go:244] Close Session 5d6c7656-39df-42c0-8b4f-960c87984e2f
W0714 09:19:48.741601       1 event_handlers.go:181] Not support non-csi pvc.
I0714 09:19:48.741709       1 event_handlers.go:387] Added pod <default/yolo-pos> into cache.
W0714 09:19:48.768436       1 event_handlers.go:181] Not support non-csi pvc.
I0714 09:19:49.307524       1 cache.go:1363] There are <1> Jobs, <1> Queues and <5> Nodes in total for scheduling.
I0714 09:19:49.307735       1 session.go:190] Open Session c0192ac0-f282-430a-8dc2-43df117ce23b with <1> Job and <1> Queues
I0714 09:19:49.311063       1 enqueue.go:79] Try to enqueue PodGroup to 1 Queues
I0714 09:19:49.311388       1 allocate.go:64] Try to allocate resource to 1 Queues
I0714 09:19:49.311435       1 allocate.go:129] Try to allocate resource to Jobs in Queue <default>
I0714 09:19:49.311482       1 allocate.go:161] Try to allocate resource to 1 tasks of Job <default/podgroup-130837e2-b95d-4949-a3e7-1733bd1cfe6b>
I0714 09:19:49.311517       1 allocate.go:181] There are <5> nodes for Job <default/podgroup-130837e2-b95d-4949-a3e7-1733bd1cfe6b>
I0714 09:19:49.314860       1 predicate_helper.go:75] Predicates failed: task default/yolo-pos on node gpu-master fit failed: Insufficient nvidia.com/gpu
I0714 09:19:49.315508       1 predicate_helper.go:75] Predicates failed: task default/yolo-pos on node gpuorin4-desktop fit failed: plugin NodeAffinity predicates failed node(s) didn't match Pod's node affinity/selector
I0714 09:19:49.315597       1 predicate_helper.go:75] Predicates failed: task default/yolo-pos on node gpuorin5-desktop fit failed: plugin NodeAffinity predicates failed node(s) didn't match Pod's node affinity/selector
I0714 09:19:49.316846       1 allocate.go:249] Binding Task <default/yolo-pos> to node <gpu-orin2>
I0714 09:19:49.317077       1 statement.go:266] After allocated Task <default/yolo-pos> to Node <gpu-orin2>: idle <cpu 5900.00, memory 7832690688.00, ephemeral-storage 225118140453000.00, hugepages-1Gi 0.00, hugepages-2Mi 0.00, hugepages-32Mi 0.00, hugepages-64Ki 0.00, nvidia.com/gpu 2000.00, pods 103.00>, used <cpu 100.00, memory 52428800.00, pods 7.00, nvidia.com/gpu 3000.00>, releasing <cpu 0.00, memory 0.00>
I0714 09:19:49.317592       1 statement.go:284] Allocating operations ...
I0714 09:19:49.317737       1 statement.go:378] Committing operations ...
I0714 09:19:49.317872       1 proportion.go:302] Queue <default>: deserved <cpu 0.00, memory 0.00, nvidia.com/gpu 1000.00, pods 1.00>, allocated <cpu 0.00, memory 0.00, nvidia.com/gpu 1000.00, pods 1.00>, share <1>
I0714 09:19:49.317933       1 allocate.go:125] Queue <default> is overused, ignore it.
I0714 09:19:49.328827       1 session.go:244] Close Session c0192ac0-f282-430a-8dc2-43df117ce23b
I0714 09:19:49.337117       1 cache.go:900] bind ok, latency 10.881082ms
W0714 09:19:49.338769       1 event_handlers.go:181] Not support non-csi pvc.
W0714 09:19:49.380168       1 event_handlers.go:181] Not support non-csi pvc.
W0714 09:19:49.409697       1 event_handlers.go:181] Not support non-csi pvc.
I0714 09:19:49.412991       1 event_handlers.go:442] Deleted pod <default/yolo-pos> from cache.
I0714 09:19:49.415700       1 cache.go:1013] Try to delete Job <default/podgroup-130837e2-b95d-4949-a3e7-1733bd1cfe6b:default/podgroup-130837e2-b95d-4949-a3e7-1733bd1cfe6b>
I0714 09:19:49.415939       1 cache.go:1054] Job <default/podgroup-130837e2-b95d-4949-a3e7-1733bd1cfe6b:default/podgroup-130837e2-b95d-4949-a3e7-1733bd1cfe6b> was deleted.
W0714 09:19:49.542073       1 event_handlers.go:181] Not support non-csi pvc.
I0714 09:19:49.542236       1 event_handlers.go:387] Added pod <default/yolo-pos> into cache.
W0714 09:19:49.581533       1 event_handlers.go:181] Not support non-csi pvc.
I0714 09:19:50.331373       1 cache.go:1363] There are <0> Jobs, <1> Queues and <5> Nodes in total for scheduling.
I0714 09:19:50.331500       1 session.go:190] Open Session 0df785f6-d63d-435b-a69d-7bbe59dde95c with <0> Job and <1> Queues
I0714 09:19:50.333462       1 enqueue.go:79] Try to enqueue PodGroup to 0 Queues
I0714 09:19:50.333543       1 allocate.go:64] Try to allocate resource to 0 Queues
I0714 09:19:50.333776       1 session.go:244] Close Session 0df785f6-d63d-435b-a69d-7bbe59dde95c
I0714 09:19:51.336752       1 cache.go:1363] There are <0> Jobs, <1> Queues and <5> Nodes in total for scheduling.
I0714 09:19:51.336922       1 session.go:190] Open Session 1da47b5a-7523-4966-912e-e9210a23c99c with <0> Job and <1> Queues
I0714 09:19:51.338780       1 enqueue.go:79] Try to enqueue PodGroup to 0 Queues
I0714 09:19:51.338855       1 allocate.go:64] Try to allocate resource to 0 Queues
I0714 09:19:51.339095       1 session.go:244] Close Session 1da47b5a-7523-4966-912e-e9210a23c99c
I0714 09:19:52.341557       1 cache.go:1363] There are <0> Jobs, <1> Queues and <5> Nodes in total for scheduling.
I0714 09:19:52.341724       1 session.go:190] Open Session 88585e13-c281-4cbc-b33e-edc68136f6fc with <0> Job and <1> Queues
I0714 09:19:52.343739       1 enqueue.go:79] Try to enqueue PodGroup to 0 Queues
I0714 09:19:52.343812       1 allocate.go:64] Try to allocate resource to 0 Queues
I0714 09:19:52.344032       1 session.go:244] Close Session 88585e13-c281-4cbc-b33e-edc68136f6fc
W0714 09:19:53.068135       1 event_handlers.go:181] Not support non-csi pvc.
I0714 09:19:53.346558       1 cache.go:1363] There are <0> Jobs, <1> Queues and <5> Nodes in total for scheduling.
I0714 09:19:53.346709       1 session.go:190] Open Session 909a7a66-3a74-442a-a240-2abe70bb2e28 with <0> Job and <1> Queues
I0714 09:19:53.349067       1 enqueue.go:79] Try to enqueue PodGroup to 0 Queues
I0714 09:19:53.349147       1 allocate.go:64] Try to allocate resource to 0 Queues
I0714 09:19:53.349387       1 session.go:244] Close Session 909a7a66-3a74-442a-a240-2abe70bb2e28
I0714 09:19:54.351899       1 cache.go:1363] There are <0> Jobs, <1> Queues and <5> Nodes in total for scheduling.
I0714 09:19:54.352112       1 session.go:190] Open Session 28866e6d-6231-4f6a-bbdd-60b17cacafb2 with <0> Job and <1> Queues
I0714 09:19:54.354380       1 enqueue.go:79] Try to enqueue PodGroup to 0 Queues
I0714 09:19:54.354457       1 allocate.go:64] Try to allocate resource to 0 Queues
I0714 09:19:54.354669       1 session.go:244] Close Session 28866e6d-6231-4f6a-bbdd-60b17cacafb2
I0714 09:19:55.357802       1 cache.go:1363] There are <0> Jobs, <1> Queues and <5> Nodes in total for scheduling.
I0714 09:19:55.357969       1 session.go:190] Open Session fcfe63ac-a020-408d-ba9c-88aa8b6f84c7 with <0> Job and <1> Queues
I0714 09:19:55.359899       1 enqueue.go:79] Try to enqueue PodGroup to 0 Queues
I0714 09:19:55.359972       1 allocate.go:64] Try to allocate resource to 0 Queues
I0714 09:19:55.360192       1 session.go:244] Close Session fcfe63ac-a020-408d-ba9c-88aa8b6f84c7
I0714 09:19:56.362809       1 cache.go:1363] There are <0> Jobs, <1> Queues and <5> Nodes in total for scheduling.
I0714 09:19:56.362969       1 session.go:190] Open Session 428620da-037a-46fa-8d38-aa3bc650be5f with <0> Job and <1> Queues
I0714 09:19:56.365219       1 enqueue.go:79] Try to enqueue PodGroup to 0 Queues
I0714 09:19:56.365296       1 allocate.go:64] Try to allocate resource to 0 Queues
I0714 09:19:56.365528       1 session.go:244] Close Session 428620da-037a-46fa-8d38-aa3bc650be5f
I0714 09:19:57.368016       1 cache.go:1363] There are <0> Jobs, <1> Queues and <5> Nodes in total for scheduling.
I0714 09:19:57.368176       1 session.go:190] Open Session 44117627-a806-4182-b3e6-9f693d1c10c3 with <0> Job and <1> Queues
I0714 09:19:57.370187       1 enqueue.go:79] Try to enqueue PodGroup to 0 Queues
I0714 09:19:57.370263       1 allocate.go:64] Try to allocate resource to 0 Queues
I0714 09:19:57.370480       1 session.go:244] Close Session 44117627-a806-4182-b3e6-9f693d1c10c3
I0714 09:19:58.373256       1 cache.go:1363] There are <0> Jobs, <1> Queues and <5> Nodes in total for scheduling.
I0714 09:19:58.373449       1 session.go:190] Open Session f647903d-ee53-4a9b-ba53-fe8eabc6df3e with <0> Job and <1> Queues
I0714 09:19:58.375366       1 enqueue.go:79] Try to enqueue PodGroup to 0 Queues
I0714 09:19:58.375432       1 allocate.go:64] Try to allocate resource to 0 Queues
I0714 09:19:58.375650       1 session.go:244] Close Session f647903d-ee53-4a9b-ba53-fe8eabc6df3e
I0714 09:19:59.378876       1 cache.go:1363] There are <0> Jobs, <1> Queues and <5> Nodes in total for scheduling.
I0714 09:19:59.379056       1 session.go:190] Open Session f765884b-36e6-4467-acec-e8d4674795ed with <0> Job and <1> Queues
I0714 09:19:59.380990       1 enqueue.go:79] Try to enqueue PodGroup to 0 Queues
I0714 09:19:59.381061       1 allocate.go:64] Try to allocate resource to 0 Queues
I0714 09:19:59.381294       1 session.go:244] Close Session f765884b-36e6-4467-acec-e8d4674795ed
I0714 09:20:00.383850       1 cache.go:1363] There are <0> Jobs, <1> Queues and <5> Nodes in total for scheduling.
I0714 09:20:00.384007       1 session.go:190] Open Session 586dc829-7dbb-4951-9ce9-f5d56003d483 with <0> Job and <1> Queues
I0714 09:20:00.386446       1 enqueue.go:79] Try to enqueue PodGroup to 0 Queues
I0714 09:20:00.386533       1 allocate.go:64] Try to allocate resource to 0 Queues
I0714 09:20:00.386761       1 session.go:244] Close Session 586dc829-7dbb-4951-9ce9-f5d56003d483
I0714 09:20:01.389280       1 cache.go:1363] There are <0> Jobs, <1> Queues and <5> Nodes in total for scheduling.
I0714 09:20:01.389427       1 session.go:190] Open Session 10f30bb2-22a4-4494-acfe-5128ebcf1c1c with <0> Job and <1> Queues
I0714 09:20:01.391223       1 enqueue.go:79] Try to enqueue PodGroup to 0 Queues
I0714 09:20:01.391299       1 allocate.go:64] Try to allocate resource to 0 Queues
I0714 09:20:01.391517       1 session.go:244] Close Session 10f30bb2-22a4-4494-acfe-5128ebcf1c1c
I0714 09:20:02.394229       1 cache.go:1363] There are <0> Jobs, <1> Queues and <5> Nodes in total for scheduling.
I0714 09:20:02.394387       1 session.go:190] Open Session cf5e9300-d09f-4efa-9430-779283d59e1a with <0> Job and <1> Queues
I0714 09:20:02.396772       1 enqueue.go:79] Try to enqueue PodGroup to 0 Queues
I0714 09:20:02.396857       1 allocate.go:64] Try to allocate resource to 0 Queues
I0714 09:20:02.397101       1 session.go:244] Close Session cf5e9300-d09f-4efa-9430-779283d59e1a
I0714 09:20:03.399826       1 cache.go:1363] There are <0> Jobs, <1> Queues and <5> Nodes in total for scheduling.
I0714 09:20:03.400016       1 session.go:190] Open Session 344b7a8e-bfcd-472f-a73c-8acd0632db15 with <0> Job and <1> Queues
I0714 09:20:03.402000       1 enqueue.go:79] Try to enqueue PodGroup to 0 Queues
I0714 09:20:03.402083       1 allocate.go:64] Try to allocate resource to 0 Queues
I0714 09:20:03.402288       1 session.go:244] Close Session 344b7a8e-bfcd-472f-a73c-8acd0632db15
I0714 09:20:04.405210       1 cache.go:1363] There are <0> Jobs, <1> Queues and <5> Nodes in total for scheduling.
I0714 09:20:04.405394       1 session.go:190] Open Session f2ebd3d1-b449-4942-84ff-8ccfd2457d7d with <0> Job and <1> Queues
I0714 09:20:04.407263       1 enqueue.go:79] Try to enqueue PodGroup to 0 Queues
I0714 09:20:04.407347       1 allocate.go:64] Try to allocate resource to 0 Queues
I0714 09:20:04.407584       1 session.go:244] Close Session f2ebd3d1-b449-4942-84ff-8ccfd2457d7d
I0714 09:20:05.409819       1 cache.go:1363] There are <0> Jobs, <1> Queues and <5> Nodes in total for scheduling.
I0714 09:20:05.409925       1 session.go:190] Open Session 7ed7fcbb-6a4d-4a04-a831-0f1009fbc256 with <0> Job and <1> Queues
I0714 09:20:05.412475       1 enqueue.go:79] Try to enqueue PodGroup to 0 Queues
I0714 09:20:05.412552       1 allocate.go:64] Try to allocate resource to 0 Queues
I0714 09:20:05.412755       1 session.go:244] Close Session 7ed7fcbb-6a4d-4a04-a831-0f1009fbc256
I0714 09:20:06.415259       1 cache.go:1363] There are <0> Jobs, <1> Queues and <5> Nodes in total for scheduling.
I0714 09:20:06.415438       1 session.go:190] Open Session d275dd26-9980-4d63-b2a7-620195414052 with <0> Job and <1> Queues
I0714 09:20:06.417532       1 enqueue.go:79] Try to enqueue PodGroup to 0 Queues
I0714 09:20:06.417608       1 allocate.go:64] Try to allocate resource to 0 Queues
I0714 09:20:06.417848       1 session.go:244] Close Session d275dd26-9980-4d63-b2a7-620195414052
I0714 09:20:06.656396       1 cache.go:1489] The metrics type is not set in the volcano scheduler configmap file. As a result, the CPU and memory load information of the node is not collected.
I0714 09:20:07.420094       1 cache.go:1363] There are <0> Jobs, <1> Queues and <5> Nodes in total for scheduling.
I0714 09:20:07.420252       1 session.go:190] Open Session e52b2d5c-2aee-4316-b06e-9594783250a6 with <0> Job and <1> Queues
I0714 09:20:07.422212       1 enqueue.go:79] Try to enqueue PodGroup to 0 Queues
I0714 09:20:07.422289       1 allocate.go:64] Try to allocate resource to 0 Queues
I0714 09:20:07.422506       1 session.go:244] Close Session e52b2d5c-2aee-4316-b06e-9594783250a6
I0714 09:20:08.424996       1 cache.go:1363] There are <0> Jobs, <1> Queues and <5> Nodes in total for scheduling.
I0714 09:20:08.425182       1 session.go:190] Open Session 295417d3-f1c9-467b-8e8b-7af148129854 with <0> Job and <1> Queues
I0714 09:20:08.427006       1 enqueue.go:79] Try to enqueue PodGroup to 0 Queues
I0714 09:20:08.427077       1 allocate.go:64] Try to allocate resource to 0 Queues
I0714 09:20:08.427342       1 session.go:244] Close Session 295417d3-f1c9-467b-8e8b-7af148129854
I0714 09:20:09.430345       1 cache.go:1363] There are <0> Jobs, <1> Queues and <5> Nodes in total for scheduling.
I0714 09:20:09.430517       1 session.go:190] Open Session 59d70cc1-265f-4e31-b03c-e9977dd4ce88 with <0> Job and <1> Queues
I0714 09:20:09.432440       1 enqueue.go:79] Try to enqueue PodGroup to 0 Queues
I0714 09:20:09.432516       1 allocate.go:64] Try to allocate resource to 0 Queues
I0714 09:20:09.432752       1 session.go:244] Close Session 59d70cc1-265f-4e31-b03c-e9977dd4ce88
I0714 09:20:10.435355       1 cache.go:1363] There are <0> Jobs, <1> Queues and <5> Nodes in total for scheduling.
I0714 09:20:10.435514       1 session.go:190] Open Session 7dac8746-4cfa-4771-9499-9d76425f806f with <0> Job and <1> Queues
I0714 09:20:10.437708       1 enqueue.go:79] Try to enqueue PodGroup to 0 Queues
I0714 09:20:10.437784       1 allocate.go:64] Try to allocate resource to 0 Queues
I0714 09:20:10.438004       1 session.go:244] Close Session 7dac8746-4cfa-4771-9499-9d76425f806f
I0714 09:20:11.440499       1 cache.go:1363] There are <0> Jobs, <1> Queues and <5> Nodes in total for scheduling.
I0714 09:20:11.440671       1 session.go:190] Open Session 7d7eb506-b89c-42d7-8d29-7abc5bc3de52 with <0> Job and <1> Queues
I0714 09:20:11.442651       1 enqueue.go:79] Try to enqueue PodGroup to 0 Queues
I0714 09:20:11.442726       1 allocate.go:64] Try to allocate resource to 0 Queues
I0714 09:20:11.442958       1 session.go:244] Close Session 7d7eb506-b89c-42d7-8d29-7abc5bc3de52
I0714 09:20:12.445391       1 cache.go:1363] There are <0> Jobs, <1> Queues and <5> Nodes in total for scheduling.
I0714 09:20:12.445566       1 session.go:190] Open Session be8f614a-4cd8-440f-9e3f-a12c15223d4b with <0> Job and <1> Queues
I0714 09:20:12.447883       1 enqueue.go:79] Try to enqueue PodGroup to 0 Queues
I0714 09:20:12.447967       1 allocate.go:64] Try to allocate resource to 0 Queues
I0714 09:20:12.448266       1 session.go:244] Close Session be8f614a-4cd8-440f-9e3f-a12c15223d4b
I0714 09:20:13.450893       1 cache.go:1363] There are <0> Jobs, <1> Queues and <5> Nodes in total for scheduling.
I0714 09:20:13.451072       1 session.go:190] Open Session e7e2cdaf-5ffa-4c23-a536-9085cc6e012f with <0> Job and <1> Queues
I0714 09:20:13.453095       1 enqueue.go:79] Try to enqueue PodGroup to 0 Queues
I0714 09:20:13.453175       1 allocate.go:64] Try to allocate resource to 0 Queues
I0714 09:20:13.453409       1 session.go:244] Close Session e7e2cdaf-5ffa-4c23-a536-9085cc6e012f
I0714 09:20:14.456066       1 cache.go:1363] There are <0> Jobs, <1> Queues and <5> Nodes in total for scheduling.
I0714 09:20:14.456223       1 session.go:190] Open Session fa5bcfb6-b723-44cc-bb7a-5272aa3ab912 with <0> Job and <1> Queues
I0714 09:20:14.458390       1 enqueue.go:79] Try to enqueue PodGroup to 0 Queues
I0714 09:20:14.458471       1 allocate.go:64] Try to allocate resource to 0 Queues
I0714 09:20:14.458683       1 session.go:244] Close Session fa5bcfb6-b723-44cc-bb7a-5272aa3ab912
I0714 09:20:15.460950       1 cache.go:1363] There are <0> Jobs, <1> Queues and <5> Nodes in total for scheduling.
I0714 09:20:15.461075       1 session.go:190] Open Session 02fda312-060a-4cc2-b35e-b451a9e2e5d6 with <0> Job and <1> Queues
I0714 09:20:15.462768       1 enqueue.go:79] Try to enqueue PodGroup to 0 Queues
I0714 09:20:15.462833       1 allocate.go:64] Try to allocate resource to 0 Queues
I0714 09:20:15.463227       1 session.go:244] Close Session 02fda312-060a-4cc2-b35e-b451a9e2e5d6
I0714 09:20:16.465053       1 cache.go:1363] There are <0> Jobs, <1> Queues and <5> Nodes in total for scheduling.
I0714 09:20:16.465169       1 session.go:190] Open Session 7d8e13cf-c368-46c6-950d-428b053bef9f with <0> Job and <1> Queues
I0714 09:20:16.466989       1 enqueue.go:79] Try to enqueue PodGroup to 0 Queues
I0714 09:20:16.467048       1 allocate.go:64] Try to allocate resource to 0 Queues
I0714 09:20:16.467244       1 session.go:244] Close Session 7d8e13cf-c368-46c6-950d-428b053bef9f
I0714 09:20:17.470308       1 cache.go:1363] There are <0> Jobs, <1> Queues and <5> Nodes in total for scheduling.
I0714 09:20:17.470497       1 session.go:190] Open Session 8ffdcb54-8e71-4e9e-80a0-be3e6e4dec91 with <0> Job and <1> Queues
I0714 09:20:17.472560       1 enqueue.go:79] Try to enqueue PodGroup to 0 Queues
I0714 09:20:17.472639       1 allocate.go:64] Try to allocate resource to 0 Queues
I0714 09:20:17.472874       1 session.go:244] Close Session 8ffdcb54-8e71-4e9e-80a0-be3e6e4dec91
I0714 09:20:18.475341       1 cache.go:1363] There are <0> Jobs, <1> Queues and <5> Nodes in total for scheduling.
I0714 09:20:18.475517       1 session.go:190] Open Session 92126ea5-ffaf-4104-8542-237da40dc052 with <0> Job and <1> Queues
I0714 09:20:18.477458       1 enqueue.go:79] Try to enqueue PodGroup to 0 Queues
I0714 09:20:18.477533       1 allocate.go:64] Try to allocate resource to 0 Queues
I0714 09:20:18.477769       1 session.go:244] Close Session 92126ea5-ffaf-4104-8542-237da40dc052
I0714 09:20:19.480241       1 cache.go:1363] There are <0> Jobs, <1> Queues and <5> Nodes in total for scheduling.
I0714 09:20:19.480448       1 session.go:190] Open Session bdf86a2a-24cc-4a3c-a77d-f6eb0ad498f4 with <0> Job and <1> Queues
I0714 09:20:19.482407       1 enqueue.go:79] Try to enqueue PodGroup to 0 Queues
I0714 09:20:19.482508       1 allocate.go:64] Try to allocate resource to 0 Queues
I0714 09:20:19.482750       1 session.go:244] Close Session bdf86a2a-24cc-4a3c-a77d-f6eb0ad498f4
I0714 09:20:20.485090       1 cache.go:1363] There are <0> Jobs, <1> Queues and <5> Nodes in total for scheduling.
I0714 09:20:20.485218       1 session.go:190] Open Session bded8cde-5111-4210-9c06-d11857957aef with <0> Job and <1> Queues
I0714 09:20:20.486975       1 enqueue.go:79] Try to enqueue PodGroup to 0 Queues
I0714 09:20:20.487067       1 allocate.go:64] Try to allocate resource to 0 Queues
I0714 09:20:20.487292       1 session.go:244] Close Session bded8cde-5111-4210-9c06-d11857957aef
I0714 09:20:21.490347       1 cache.go:1363] There are <0> Jobs, <1> Queues and <5> Nodes in total for scheduling.
I0714 09:20:21.490519       1 session.go:190] Open Session 66f60626-673a-48df-8b69-3fb13a645a28 with <0> Job and <1> Queues
I0714 09:20:21.492589       1 enqueue.go:79] Try to enqueue PodGroup to 0 Queues
I0714 09:20:21.492667       1 allocate.go:64] Try to allocate resource to 0 Queues
I0714 09:20:21.492904       1 session.go:244] Close Session 66f60626-673a-48df-8b69-3fb13a645a28
I0714 09:20:22.495613       1 cache.go:1363] There are <0> Jobs, <1> Queues and <5> Nodes in total for scheduling.
I0714 09:20:22.495799       1 session.go:190] Open Session 1bb3f19f-5e3a-4159-95a2-e52c134a7190 with <0> Job and <1> Queues
I0714 09:20:22.498042       1 enqueue.go:79] Try to enqueue PodGroup to 0 Queues
I0714 09:20:22.498116       1 allocate.go:64] Try to allocate resource to 0 Queues
I0714 09:20:22.498337       1 session.go:244] Close Session 1bb3f19f-5e3a-4159-95a2-e52c134a7190
I0714 09:20:23.500985       1 cache.go:1363] There are <0> Jobs, <1> Queues and <5> Nodes in total for scheduling.
I0714 09:20:23.501155       1 session.go:190] Open Session 674170f5-6912-465c-b127-567e5edba474 with <0> Job and <1> Queues
I0714 09:20:23.503026       1 enqueue.go:79] Try to enqueue PodGroup to 0 Queues
I0714 09:20:23.503097       1 allocate.go:64] Try to allocate resource to 0 Queues
I0714 09:20:23.503326       1 session.go:244] Close Session 674170f5-6912-465c-b127-567e5edba474
I0714 09:20:24.506081       1 cache.go:1363] There are <0> Jobs, <1> Queues and <5> Nodes in total for scheduling.
I0714 09:20:24.506625       1 session.go:190] Open Session d22cfc2d-755f-43ac-8ea2-a72dd6fe819f with <0> Job and <1> Queues
I0714 09:20:24.508782       1 enqueue.go:79] Try to enqueue PodGroup to 0 Queues
I0714 09:20:24.508864       1 allocate.go:64] Try to allocate resource to 0 Queues
I0714 09:20:24.509100       1 session.go:244] Close Session d22cfc2d-755f-43ac-8ea2-a72dd6fe819f
I0714 09:20:25.512153       1 cache.go:1363] There are <0> Jobs, <1> Queues and <5> Nodes in total for scheduling.
I0714 09:20:25.512368       1 session.go:190] Open Session 71f35bb2-81ff-43bb-b320-050428af98a8 with <0> Job and <1> Queues
I0714 09:20:25.514336       1 enqueue.go:79] Try to enqueue PodGroup to 0 Queues
I0714 09:20:25.514406       1 allocate.go:64] Try to allocate resource to 0 Queues
I0714 09:20:25.514643       1 session.go:244] Close Session 71f35bb2-81ff-43bb-b320-050428af98a8
I0714 09:20:26.516895       1 cache.go:1363] There are <0> Jobs, <1> Queues and <5> Nodes in total for scheduling.
I0714 09:20:26.517059       1 session.go:190] Open Session c2ab0dc7-8eb1-47da-b4d9-824ec937e357 with <0> Job and <1> Queues
I0714 09:20:26.519195       1 enqueue.go:79] Try to enqueue PodGroup to 0 Queues
I0714 09:20:26.519277       1 allocate.go:64] Try to allocate resource to 0 Queues
I0714 09:20:26.519498       1 session.go:244] Close Session c2ab0dc7-8eb1-47da-b4d9-824ec937e357
I0714 09:20:27.522850       1 cache.go:1363] There are <0> Jobs, <1> Queues and <5> Nodes in total for scheduling.
I0714 09:20:27.523035       1 session.go:190] Open Session d3f32df2-4aa0-4fc4-9b9b-02bbf2380c06 with <0> Job and <1> Queues
I0714 09:20:27.525031       1 enqueue.go:79] Try to enqueue PodGroup to 0 Queues
I0714 09:20:27.525103       1 allocate.go:64] Try to allocate resource to 0 Queues
I0714 09:20:27.525352       1 session.go:244] Close Session d3f32df2-4aa0-4fc4-9b9b-02bbf2380c06
I0714 09:20:28.528113       1 cache.go:1363] There are <0> Jobs, <1> Queues and <5> Nodes in total for scheduling.
I0714 09:20:28.528322       1 session.go:190] Open Session 33413d30-cfb9-49fc-8c6a-84f26815418e with <0> Job and <1> Queues
I0714 09:20:28.530457       1 enqueue.go:79] Try to enqueue PodGroup to 0 Queues
I0714 09:20:28.530529       1 allocate.go:64] Try to allocate resource to 0 Queues
I0714 09:20:28.530771       1 session.go:244] Close Session 33413d30-cfb9-49fc-8c6a-84f26815418e
I0714 09:20:29.533231       1 cache.go:1363] There are <0> Jobs, <1> Queues and <5> Nodes in total for scheduling.
I0714 09:20:29.533397       1 session.go:190] Open Session 102deb54-2ed5-4a04-a38b-c4d5cd6726fa with <0> Job and <1> Queues
I0714 09:20:29.535580       1 enqueue.go:79] Try to enqueue PodGroup to 0 Queues
I0714 09:20:29.535656       1 allocate.go:64] Try to allocate resource to 0 Queues
I0714 09:20:29.535879       1 session.go:244] Close Session 102deb54-2ed5-4a04-a38b-c4d5cd6726fa
I0714 09:20:30.538138       1 cache.go:1363] There are <0> Jobs, <1> Queues and <5> Nodes in total for scheduling.
I0714 09:20:30.538327       1 session.go:190] Open Session fccdb990-746d-45ab-a7bb-3f7a434d1b21 with <0> Job and <1> Queues
I0714 09:20:30.540468       1 enqueue.go:79] Try to enqueue PodGroup to 0 Queues
I0714 09:20:30.540538       1 allocate.go:64] Try to allocate resource to 0 Queues
I0714 09:20:30.540783       1 session.go:244] Close Session fccdb990-746d-45ab-a7bb-3f7a434d1b21
I0714 09:20:31.543259       1 cache.go:1363] There are <0> Jobs, <1> Queues and <5> Nodes in total for scheduling.
I0714 09:20:31.543415       1 session.go:190] Open Session 87411f50-d02d-47ba-b4af-090f1de5f675 with <0> Job and <1> Queues
I0714 09:20:31.545349       1 enqueue.go:79] Try to enqueue PodGroup to 0 Queues
I0714 09:20:31.545429       1 allocate.go:64] Try to allocate resource to 0 Queues
I0714 09:20:31.545651       1 session.go:244] Close Session 87411f50-d02d-47ba-b4af-090f1de5f675
I0714 09:20:32.548163       1 cache.go:1363] There are <0> Jobs, <1> Queues and <5> Nodes in total for scheduling.
I0714 09:20:32.548388       1 session.go:190] Open Session ab3a6e64-3060-4696-9d92-c26b464a3bc5 with <0> Job and <1> Queues
I0714 09:20:32.550554       1 enqueue.go:79] Try to enqueue PodGroup to 0 Queues
I0714 09:20:32.550627       1 allocate.go:64] Try to allocate resource to 0 Queues
I0714 09:20:32.550858       1 session.go:244] Close Session ab3a6e64-3060-4696-9d92-c26b464a3bc5
I0714 09:20:33.553389       1 cache.go:1363] There are <0> Jobs, <1> Queues and <5> Nodes in total for scheduling.
I0714 09:20:33.553562       1 session.go:190] Open Session 4094e0df-1533-44e7-b5c3-12e9596aa2e7 with <0> Job and <1> Queues
I0714 09:20:33.556643       1 enqueue.go:79] Try to enqueue PodGroup to 0 Queues
I0714 09:20:33.556735       1 allocate.go:64] Try to allocate resource to 0 Queues
I0714 09:20:33.557041       1 session.go:244] Close Session 4094e0df-1533-44e7-b5c3-12e9596aa2e7
I0714 09:20:34.559552       1 cache.go:1363] There are <0> Jobs, <1> Queues and <5> Nodes in total for scheduling.
I0714 09:20:34.559723       1 session.go:190] Open Session 3907e041-c025-49ad-bce1-c42098a2a0c0 with <0> Job and <1> Queues
I0714 09:20:34.561691       1 enqueue.go:79] Try to enqueue PodGroup to 0 Queues
I0714 09:20:34.561776       1 allocate.go:64] Try to allocate resource to 0 Queues
I0714 09:20:34.561995       1 session.go:244] Close Session 3907e041-c025-49ad-bce1-c42098a2a0c0
I0714 09:20:35.564109       1 cache.go:1363] There are <0> Jobs, <1> Queues and <5> Nodes in total for scheduling.
I0714 09:20:35.564349       1 session.go:190] Open Session 0d21daeb-5d32-4003-8796-b75035475edc with <0> Job and <1> Queues
I0714 09:20:35.566257       1 enqueue.go:79] Try to enqueue PodGroup to 0 Queues
I0714 09:20:35.566351       1 allocate.go:64] Try to allocate resource to 0 Queues
I0714 09:20:35.566570       1 session.go:244] Close Session 0d21daeb-5d32-4003-8796-b75035475edc
I0714 09:20:36.568989       1 cache.go:1363] There are <0> Jobs, <1> Queues and <5> Nodes in total for scheduling.
I0714 09:20:36.569148       1 session.go:190] Open Session 8627c406-8699-4b40-98aa-c9d5425889d9 with <0> Job and <1> Queues
I0714 09:20:36.571033       1 enqueue.go:79] Try to enqueue PodGroup to 0 Queues
I0714 09:20:36.571104       1 allocate.go:64] Try to allocate resource to 0 Queues
I0714 09:20:36.571320       1 session.go:244] Close Session 8627c406-8699-4b40-98aa-c9d5425889d9
I0714 09:20:36.657015       1 cache.go:1489] The metrics type is not set in the volcano scheduler configmap file. As a result, the CPU and memory load information of the node is not collected.
I0714 09:20:37.573566       1 cache.go:1363] There are <0> Jobs, <1> Queues and <5> Nodes in total for scheduling.
I0714 09:20:37.573755       1 session.go:190] Open Session d61bfaf7-acc7-4c30-a7c2-a6481bd46427 with <0> Job and <1> Queues
I0714 09:20:37.575694       1 enqueue.go:79] Try to enqueue PodGroup to 0 Queues
I0714 09:20:37.575770       1 allocate.go:64] Try to allocate resource to 0 Queues
I0714 09:20:37.576017       1 session.go:244] Close Session d61bfaf7-acc7-4c30-a7c2-a6481bd46427
I0714 09:20:38.578947       1 cache.go:1363] There are <0> Jobs, <1> Queues and <5> Nodes in total for scheduling.
I0714 09:20:38.579125       1 session.go:190] Open Session 6f542196-ab8f-4360-89cb-4c530ee14c79 with <0> Job and <1> Queues
I0714 09:20:38.581047       1 enqueue.go:79] Try to enqueue PodGroup to 0 Queues
I0714 09:20:38.581126       1 allocate.go:64] Try to allocate resource to 0 Queues
I0714 09:20:38.581341       1 session.go:244] Close Session 6f542196-ab8f-4360-89cb-4c530ee14c79
I0714 09:20:39.583751       1 cache.go:1363] There are <0> Jobs, <1> Queues and <5> Nodes in total for scheduling.
I0714 09:20:39.583928       1 session.go:190] Open Session 2b69dc83-cbbd-4459-9042-9ec85d78892c with <0> Job and <1> Queues
I0714 09:20:39.585861       1 enqueue.go:79] Try to enqueue PodGroup to 0 Queues
I0714 09:20:39.585942       1 allocate.go:64] Try to allocate resource to 0 Queues
I0714 09:20:39.586171       1 session.go:244] Close Session 2b69dc83-cbbd-4459-9042-9ec85d78892c
I0714 09:20:40.589468       1 cache.go:1363] There are <0> Jobs, <1> Queues and <5> Nodes in total for scheduling.
I0714 09:20:40.589641       1 session.go:190] Open Session 49cd005e-488e-4944-90b2-9c53716e26f9 with <0> Job and <1> Queues
I0714 09:20:40.591593       1 enqueue.go:79] Try to enqueue PodGroup to 0 Queues
I0714 09:20:40.591671       1 allocate.go:64] Try to allocate resource to 0 Queues
I0714 09:20:40.591890       1 session.go:244] Close Session 49cd005e-488e-4944-90b2-9c53716e26f9
I0714 09:20:41.594574       1 cache.go:1363] There are <0> Jobs, <1> Queues and <5> Nodes in total for scheduling.
I0714 09:20:41.594749       1 session.go:190] Open Session d7fabd4d-d575-40fd-81eb-814a775d32af with <0> Job and <1> Queues
I0714 09:20:41.596708       1 enqueue.go:79] Try to enqueue PodGroup to 0 Queues
I0714 09:20:41.596781       1 allocate.go:64] Try to allocate resource to 0 Queues
I0714 09:20:41.596988       1 session.go:244] Close Session d7fabd4d-d575-40fd-81eb-814a775d32af
I0714 09:20:42.599647       1 cache.go:1363] There are <0> Jobs, <1> Queues and <5> Nodes in total for scheduling.
I0714 09:20:42.599819       1 session.go:190] Open Session 6bb43fda-76d7-4b3d-a53d-3cb2853520c8 with <0> Job and <1> Queues
I0714 09:20:42.601916       1 enqueue.go:79] Try to enqueue PodGroup to 0 Queues
I0714 09:20:42.601994       1 allocate.go:64] Try to allocate resource to 0 Queues
I0714 09:20:42.602205       1 session.go:244] Close Session 6bb43fda-76d7-4b3d-a53d-3cb2853520c8
I0714 09:20:43.604731       1 cache.go:1363] There are <0> Jobs, <1> Queues and <5> Nodes in total for scheduling.
I0714 09:20:43.604899       1 session.go:190] Open Session 3bd890d5-f639-498b-a4ac-9edd9631bdd0 with <0> Job and <1> Queues
I0714 09:20:43.606873       1 enqueue.go:79] Try to enqueue PodGroup to 0 Queues
I0714 09:20:43.606946       1 allocate.go:64] Try to allocate resource to 0 Queues
I0714 09:20:43.607174       1 session.go:244] Close Session 3bd890d5-f639-498b-a4ac-9edd9631bdd0
I0714 09:20:44.609867       1 cache.go:1363] There are <0> Jobs, <1> Queues and <5> Nodes in total for scheduling.
I0714 09:20:44.610045       1 session.go:190] Open Session 211f5ee2-4411-47f7-a5d4-a131d5dffdaa with <0> Job and <1> Queues
I0714 09:20:44.611947       1 enqueue.go:79] Try to enqueue PodGroup to 0 Queues
I0714 09:20:44.612124       1 allocate.go:64] Try to allocate resource to 0 Queues
I0714 09:20:44.612376       1 session.go:244] Close Session 211f5ee2-4411-47f7-a5d4-a131d5dffdaa
I0714 09:20:45.614618       1 cache.go:1363] There are <0> Jobs, <1> Queues and <5> Nodes in total for scheduling.
I0714 09:20:45.614765       1 session.go:190] Open Session 2729e29f-60af-4ed6-8102-ff3ea4a8491c with <0> Job and <1> Queues
I0714 09:20:45.616771       1 enqueue.go:79] Try to enqueue PodGroup to 0 Queues
I0714 09:20:45.616843       1 allocate.go:64] Try to allocate resource to 0 Queues
I0714 09:20:45.617047       1 session.go:244] Close Session 2729e29f-60af-4ed6-8102-ff3ea4a8491c
I0714 09:20:46.619318       1 cache.go:1363] There are <0> Jobs, <1> Queues and <5> Nodes in total for scheduling.
I0714 09:20:46.619405       1 session.go:190] Open Session 37f5a80b-784f-476c-aaaf-6bac4b9bcc97 with <0> Job and <1> Queues
I0714 09:20:46.620777       1 enqueue.go:79] Try to enqueue PodGroup to 0 Queues
I0714 09:20:46.620846       1 allocate.go:64] Try to allocate resource to 0 Queues
I0714 09:20:46.620989       1 session.go:244] Close Session 37f5a80b-784f-476c-aaaf-6bac4b9bcc97
I0714 09:20:47.623759       1 cache.go:1363] There are <0> Jobs, <1> Queues and <5> Nodes in total for scheduling.
I0714 09:20:47.623927       1 session.go:190] Open Session 74704213-f04e-44ac-9a8a-1d95f3f358b4 with <0> Job and <1> Queues
I0714 09:20:47.625857       1 enqueue.go:79] Try to enqueue PodGroup to 0 Queues
I0714 09:20:47.625931       1 allocate.go:64] Try to allocate resource to 0 Queues
I0714 09:20:47.626150       1 session.go:244] Close Session 74704213-f04e-44ac-9a8a-1d95f3f358b4
I0714 09:20:48.629438       1 cache.go:1363] There are <0> Jobs, <1> Queues and <5> Nodes in total for scheduling.
I0714 09:20:48.629619       1 session.go:190] Open Session 47ec4de6-069f-46a9-a005-43bec0383188 with <0> Job and <1> Queues
I0714 09:20:48.631460       1 enqueue.go:79] Try to enqueue PodGroup to 0 Queues
I0714 09:20:48.631529       1 allocate.go:64] Try to allocate resource to 0 Queues
I0714 09:20:48.631748       1 session.go:244] Close Session 47ec4de6-069f-46a9-a005-43bec0383188
I0714 09:20:49.634981       1 cache.go:1363] There are <0> Jobs, <1> Queues and <5> Nodes in total for scheduling.
I0714 09:20:49.635163       1 session.go:190] Open Session 59ab5767-c356-415b-876b-76294411f054 with <0> Job and <1> Queues
I0714 09:20:49.637211       1 enqueue.go:79] Try to enqueue PodGroup to 0 Queues
I0714 09:20:49.637279       1 allocate.go:64] Try to allocate resource to 0 Queues
I0714 09:20:49.637515       1 session.go:244] Close Session 59ab5767-c356-415b-876b-76294411f054
I0714 09:20:50.639068       1 cache.go:1363] There are <0> Jobs, <1> Queues and <5> Nodes in total for scheduling.
I0714 09:20:50.639184       1 session.go:190] Open Session 15bdbf6f-d9d2-4320-9c74-53222c446537 with <0> Job and <1> Queues
I0714 09:20:50.640731       1 enqueue.go:79] Try to enqueue PodGroup to 0 Queues
I0714 09:20:50.640803       1 allocate.go:64] Try to allocate resource to 0 Queues
I0714 09:20:50.640986       1 session.go:244] Close Session 15bdbf6f-d9d2-4320-9c74-53222c446537
I0714 09:20:51.643590       1 cache.go:1363] There are <0> Jobs, <1> Queues and <5> Nodes in total for scheduling.
I0714 09:20:51.643763       1 session.go:190] Open Session 28f78497-74e3-4df9-bfbd-7dbe2e56bcf5 with <0> Job and <1> Queues
I0714 09:20:51.645782       1 enqueue.go:79] Try to enqueue PodGroup to 0 Queues
I0714 09:20:51.645870       1 allocate.go:64] Try to allocate resource to 0 Queues
I0714 09:20:51.646859       1 session.go:244] Close Session 28f78497-74e3-4df9-bfbd-7dbe2e56bcf5
I0714 09:20:52.649895       1 cache.go:1363] There are <0> Jobs, <1> Queues and <5> Nodes in total for scheduling.
I0714 09:20:52.650077       1 session.go:190] Open Session 1d49209f-5b14-4aaa-b3db-ba17f83c0390 with <0> Job and <1> Queues
I0714 09:20:52.651975       1 enqueue.go:79] Try to enqueue PodGroup to 0 Queues
I0714 09:20:52.652057       1 allocate.go:64] Try to allocate resource to 0 Queues
I0714 09:20:52.652317       1 session.go:244] Close Session 1d49209f-5b14-4aaa-b3db-ba17f83c0390
I0714 09:20:53.654899       1 cache.go:1363] There are <0> Jobs, <1> Queues and <5> Nodes in total for scheduling.
I0714 09:20:53.655096       1 session.go:190] Open Session 7eb10e31-7b81-450e-a2ad-6174f9e9f05f with <0> Job and <1> Queues
I0714 09:20:53.657405       1 enqueue.go:79] Try to enqueue PodGroup to 0 Queues
I0714 09:20:53.657503       1 allocate.go:64] Try to allocate resource to 0 Queues
I0714 09:20:53.657730       1 session.go:244] Close Session 7eb10e31-7b81-450e-a2ad-6174f9e9f05f
I0714 09:20:54.659819       1 cache.go:1363] There are <0> Jobs, <1> Queues and <5> Nodes in total for scheduling.
I0714 09:20:54.659966       1 session.go:190] Open Session 37b41481-fc9b-4d4d-84ab-944953511088 with <0> Job and <1> Queues
I0714 09:20:54.661757       1 enqueue.go:79] Try to enqueue PodGroup to 0 Queues
I0714 09:20:54.661836       1 allocate.go:64] Try to allocate resource to 0 Queues
I0714 09:20:54.662111       1 session.go:244] Close Session 37b41481-fc9b-4d4d-84ab-944953511088
I0714 09:20:55.664493       1 cache.go:1363] There are <0> Jobs, <1> Queues and <5> Nodes in total for scheduling.
I0714 09:20:55.664659       1 session.go:190] Open Session dc4ba2f6-af12-4c1b-bc82-bba7b3eadeff with <0> Job and <1> Queues
I0714 09:20:55.666475       1 enqueue.go:79] Try to enqueue PodGroup to 0 Queues
I0714 09:20:55.666558       1 allocate.go:64] Try to allocate resource to 0 Queues
I0714 09:20:55.666774       1 session.go:244] Close Session dc4ba2f6-af12-4c1b-bc82-bba7b3eadeff
I0714 09:20:56.669005       1 cache.go:1363] There are <0> Jobs, <1> Queues and <5> Nodes in total for scheduling.
I0714 09:20:56.669169       1 session.go:190] Open Session 99be5dfb-6e73-4e05-a226-b2235058aeeb with <0> Job and <1> Queues
I0714 09:20:56.670993       1 enqueue.go:79] Try to enqueue PodGroup to 0 Queues
I0714 09:20:56.671070       1 allocate.go:64] Try to allocate resource to 0 Queues
I0714 09:20:56.671300       1 session.go:244] Close Session 99be5dfb-6e73-4e05-a226-b2235058aeeb
I0714 09:20:57.673582       1 cache.go:1363] There are <0> Jobs, <1> Queues and <5> Nodes in total for scheduling.
I0714 09:20:57.673765       1 session.go:190] Open Session 8511e07c-3fbf-4601-8796-84e5a0549336 with <0> Job and <1> Queues
I0714 09:20:57.675670       1 enqueue.go:79] Try to enqueue PodGroup to 0 Queues
I0714 09:20:57.675747       1 allocate.go:64] Try to allocate resource to 0 Queues
I0714 09:20:57.675945       1 session.go:244] Close Session 8511e07c-3fbf-4601-8796-84e5a0549336
I0714 09:20:58.678345       1 cache.go:1363] There are <0> Jobs, <1> Queues and <5> Nodes in total for scheduling.
I0714 09:20:58.678515       1 session.go:190] Open Session 88604f48-6083-42bf-8d27-d627bcf701a6 with <0> Job and <1> Queues
I0714 09:20:58.680488       1 enqueue.go:79] Try to enqueue PodGroup to 0 Queues
I0714 09:20:58.680569       1 allocate.go:64] Try to allocate resource to 0 Queues
I0714 09:20:58.680781       1 session.go:244] Close Session 88604f48-6083-42bf-8d27-d627bcf701a6
I0714 09:20:59.683620       1 cache.go:1363] There are <0> Jobs, <1> Queues and <5> Nodes in total for scheduling.
I0714 09:20:59.683786       1 session.go:190] Open Session 603d7787-4661-4f61-89c2-fabb64fcbe4c with <0> Job and <1> Queues
I0714 09:20:59.685719       1 enqueue.go:79] Try to enqueue PodGroup to 0 Queues
I0714 09:20:59.685798       1 allocate.go:64] Try to allocate resource to 0 Queues
I0714 09:20:59.686037       1 session.go:244] Close Session 603d7787-4661-4f61-89c2-fabb64fcbe4c
I0714 09:21:00.688858       1 cache.go:1363] There are <0> Jobs, <1> Queues and <5> Nodes in total for scheduling.
I0714 09:21:00.689038       1 session.go:190] Open Session e8e8a0ec-d381-410d-af9f-68507a901ee0 with <0> Job and <1> Queues
I0714 09:21:00.690863       1 enqueue.go:79] Try to enqueue PodGroup to 0 Queues
I0714 09:21:00.690949       1 allocate.go:64] Try to allocate resource to 0 Queues
I0714 09:21:00.691167       1 session.go:244] Close Session e8e8a0ec-d381-410d-af9f-68507a901ee0
I0714 09:21:01.693325       1 cache.go:1363] There are <0> Jobs, <1> Queues and <5> Nodes in total for scheduling.
I0714 09:21:01.693488       1 session.go:190] Open Session 8ab8348a-aa85-4b18-9784-eb18e5c4db41 with <0> Job and <1> Queues
I0714 09:21:01.695321       1 enqueue.go:79] Try to enqueue PodGroup to 0 Queues
I0714 09:21:01.695391       1 allocate.go:64] Try to allocate resource to 0 Queues
I0714 09:21:01.695600       1 session.go:244] Close Session 8ab8348a-aa85-4b18-9784-eb18e5c4db41
I0714 09:21:02.698467       1 cache.go:1363] There are <0> Jobs, <1> Queues and <5> Nodes in total for scheduling.
I0714 09:21:02.698652       1 session.go:190] Open Session 3b2ee950-9f45-4ec8-a197-3d27160d3f72 with <0> Job and <1> Queues
I0714 09:21:02.700545       1 enqueue.go:79] Try to enqueue PodGroup to 0 Queues
I0714 09:21:02.700619       1 allocate.go:64] Try to allocate resource to 0 Queues
I0714 09:21:02.700850       1 session.go:244] Close Session 3b2ee950-9f45-4ec8-a197-3d27160d3f72
I0714 09:21:03.703951       1 cache.go:1363] There are <0> Jobs, <1> Queues and <5> Nodes in total for scheduling.
I0714 09:21:03.704131       1 session.go:190] Open Session 9bed8e8a-1f90-44de-9614-5819f604cf6b with <0> Job and <1> Queues
I0714 09:21:03.706033       1 enqueue.go:79] Try to enqueue PodGroup to 0 Queues
I0714 09:21:03.706113       1 allocate.go:64] Try to allocate resource to 0 Queues
I0714 09:21:03.706338       1 session.go:244] Close Session 9bed8e8a-1f90-44de-9614-5819f604cf6b
I0714 09:21:04.708945       1 cache.go:1363] There are <0> Jobs, <1> Queues and <5> Nodes in total for scheduling.
I0714 09:21:04.709113       1 session.go:190] Open Session d5eb119d-44f2-4d04-ab67-11602b85e96f with <0> Job and <1> Queues
I0714 09:21:04.711026       1 enqueue.go:79] Try to enqueue PodGroup to 0 Queues
I0714 09:21:04.711114       1 allocate.go:64] Try to allocate resource to 0 Queues
I0714 09:21:04.711332       1 session.go:244] Close Session d5eb119d-44f2-4d04-ab67-11602b85e96f
I0714 09:21:05.715177       1 cache.go:1363] There are <0> Jobs, <1> Queues and <5> Nodes in total for scheduling.
I0714 09:21:05.715368       1 session.go:190] Open Session e467089d-179f-4be7-b613-c74e35a1afcf with <0> Job and <1> Queues
I0714 09:21:05.717586       1 enqueue.go:79] Try to enqueue PodGroup to 0 Queues
I0714 09:21:05.717688       1 allocate.go:64] Try to allocate resource to 0 Queues
I0714 09:21:05.717921       1 session.go:244] Close Session e467089d-179f-4be7-b613-c74e35a1afcf
I0714 09:21:06.657313       1 cache.go:1489] The metrics type is not set in the volcano scheduler configmap file. As a result, the CPU and memory load information of the node is not collected.
I0714 09:21:06.721000       1 cache.go:1363] There are <0> Jobs, <1> Queues and <5> Nodes in total for scheduling.
I0714 09:21:06.721135       1 session.go:190] Open Session c4c8a4c2-ca79-4c52-a671-0a2b04b6b9f2 with <0> Job and <1> Queues
I0714 09:21:06.723184       1 enqueue.go:79] Try to enqueue PodGroup to 0 Queues
I0714 09:21:06.723273       1 allocate.go:64] Try to allocate resource to 0 Queues
I0714 09:21:06.723525       1 session.go:244] Close Session c4c8a4c2-ca79-4c52-a671-0a2b04b6b9f2
I0714 09:21:07.726153       1 cache.go:1363] There are <0> Jobs, <1> Queues and <5> Nodes in total for scheduling.
I0714 09:21:07.726327       1 session.go:190] Open Session 9dbfc02b-30a9-4981-a5b8-deb304edafa3 with <0> Job and <1> Queues
I0714 09:21:07.728571       1 enqueue.go:79] Try to enqueue PodGroup to 0 Queues
I0714 09:21:07.728648       1 allocate.go:64] Try to allocate resource to 0 Queues
I0714 09:21:07.728867       1 session.go:244] Close Session 9dbfc02b-30a9-4981-a5b8-deb304edafa3
I0714 09:21:08.731410       1 cache.go:1363] There are <0> Jobs, <1> Queues and <5> Nodes in total for scheduling.
I0714 09:21:08.731580       1 session.go:190] Open Session eb996fb1-a8eb-4929-aa87-298bf71bb3dc with <0> Job and <1> Queues
I0714 09:21:08.733905       1 enqueue.go:79] Try to enqueue PodGroup to 0 Queues
I0714 09:21:08.733981       1 allocate.go:64] Try to allocate resource to 0 Queues
I0714 09:21:08.734201       1 session.go:244] Close Session eb996fb1-a8eb-4929-aa87-298bf71bb3dc
I0714 09:21:09.736573       1 cache.go:1363] There are <0> Jobs, <1> Queues and <5> Nodes in total for scheduling.
I0714 09:21:09.736755       1 session.go:190] Open Session a7df3d28-5785-4070-8240-6bd8047e7a09 with <0> Job and <1> Queues
I0714 09:21:09.738955       1 enqueue.go:79] Try to enqueue PodGroup to 0 Queues
I0714 09:21:09.739038       1 allocate.go:64] Try to allocate resource to 0 Queues
I0714 09:21:09.739260       1 session.go:244] Close Session a7df3d28-5785-4070-8240-6bd8047e7a09
I0714 09:21:10.742016       1 cache.go:1363] There are <0> Jobs, <1> Queues and <5> Nodes in total for scheduling.
I0714 09:21:10.742209       1 session.go:190] Open Session 5a0829b4-3ada-4e43-a8e8-370400dd57b9 with <0> Job and <1> Queues
I0714 09:21:10.744147       1 enqueue.go:79] Try to enqueue PodGroup to 0 Queues
I0714 09:21:10.744218       1 allocate.go:64] Try to allocate resource to 0 Queues
I0714 09:21:10.744499       1 session.go:244] Close Session 5a0829b4-3ada-4e43-a8e8-370400dd57b9
I0714 09:21:11.747574       1 cache.go:1363] There are <0> Jobs, <1> Queues and <5> Nodes in total for scheduling.
I0714 09:21:11.747744       1 session.go:190] Open Session 92f0ffbf-5e12-4c3d-8562-a9aa9251ff62 with <0> Job and <1> Queues
I0714 09:21:11.749663       1 enqueue.go:79] Try to enqueue PodGroup to 0 Queues
I0714 09:21:11.749730       1 allocate.go:64] Try to allocate resource to 0 Queues
I0714 09:21:11.749937       1 session.go:244] Close Session 92f0ffbf-5e12-4c3d-8562-a9aa9251ff62
