Creating new Ultralytics Settings v0.0.6 file ✅ 
View Ultralytics Settings with 'yolo settings' or at '/root/.config/Ultralytics/settings.json'
Update Settings with 'yolo settings key=value', i.e. 'yolo settings runs_dir=path/to/dir'. For help see https://docs.ultralytics.com/quickstart/#ultralytics-settings.
Loading models/yolo11n-cls_640.engine for TensorRT inference...
[07/14/2026-09:57:23] [TRT] [I] Loaded engine size: 11 MiB
[07/14/2026-09:57:23] [TRT] [I] [MemUsageChange] TensorRT-managed allocation in IExecutionContext creation: CPU +0, GPU +16, now: CPU 0, GPU 26 (MiB)

image 1/100 /mnt/yolo/data/classify_src/ILSVRC2012_val_00006561.jpg: 640x640 parachute 0.99, balloon 0.00, umbrella 0.00, quill 0.00, airship 0.00, 28.6ms
image 2/100 /mnt/yolo/data/classify_src/ILSVRC2012_val_00010460.jpg: 640x640 balloon 0.49, parachute 0.11, punching_bag 0.06, volleyball 0.06, space_heater 0.02, 11.8ms
image 3/100 /mnt/yolo/data/classify_src/n01440764_10852.jpg: 640x640 tench 0.93, barracouta 0.03, coho 0.00, terrapin 0.00, platypus 0.00, 11.8ms
image 4/100 /mnt/yolo/data/classify_src/n01440764_11400.jpg: 640x640 tench 0.91, barracouta 0.07, gar 0.01, coho 0.01, reel 0.00, 11.9ms
image 5/100 /mnt/yolo/data/classify_src/n01440764_11972.jpg: 640x640 tench 0.98, barracouta 0.01, platypus 0.00, patas 0.00, fox_squirrel 0.00, 11.7ms
image 6/100 /mnt/yolo/data/classify_src/n01440764_12100.jpg: 640x640 tench 0.99, barracouta 0.01, eel 0.00, coho 0.00, gar 0.00, 12.1ms
image 7/100 /mnt/yolo/data/classify_src/n01440764_12291.jpg: 640x640 tench 0.40, eel 0.16, electric_ray 0.08, fox_squirrel 0.05, axolotl 0.03, 11.7ms
image 8/100 /mnt/yolo/data/classify_src/n01440764_13581.jpg: 640x640 tench 0.89, barracouta 0.08, coho 0.01, sturgeon 0.00, gar 0.00, 13.4ms
image 9/100 /mnt/yolo/data/classify_src/n01440764_3070.jpg: 640x640 tench 0.58, dugong 0.11, bulletproof_vest 0.02, eel 0.02, pick 0.02, 21.7ms
image 10/100 /mnt/yolo/data/classify_src/n01440764_4490.jpg: 640x640 sweatshirt 0.15, tench 0.10, cowboy_boot 0.06, jersey 0.03, sarong 0.02, 11.9ms
image 11/100 /mnt/yolo/data/classify_src/n01440764_7272.jpg: 640x640 barracouta 0.36, tench 0.35, sturgeon 0.06, gar 0.03, coho 0.01, 12.0ms
image 12/100 /mnt/yolo/data/classify_src/n01440764_7411.jpg: 640x640 tench 0.92, gar 0.02, armadillo 0.01, barracouta 0.01, eel 0.01, 11.8ms
image 13/100 /mnt/yolo/data/classify_src/n01440764_7772.jpg: 640x640 tench 0.63, barracouta 0.18, bulletproof_vest 0.01, sweatshirt 0.01, frilled_lizard 0.01, 11.8ms
image 14/100 /mnt/yolo/data/classify_src/n01440764_7982.jpg: 640x640 tench 1.00, barracouta 0.00, eel 0.00, coho 0.00, gar 0.00, 11.8ms
image 15/100 /mnt/yolo/data/classify_src/n01440764_8302.jpg: 640x640 tench 0.86, barracouta 0.04, fox_squirrel 0.01, milk_can 0.01, croquet_ball 0.01, 25.9ms
image 16/100 /mnt/yolo/data/classify_src/n01440764_8601.jpg: 640x640 tench 0.53, barracouta 0.20, gar 0.11, eel 0.01, armadillo 0.01, 11.7ms
image 17/100 /mnt/yolo/data/classify_src/n01440764_8610.jpg: 640x640 tench 0.26, gar 0.20, barracouta 0.07, whiptail 0.04, African_chameleon 0.02, 11.7ms
image 18/100 /mnt/yolo/data/classify_src/n01440764_9890.jpg: 640x640 tench 0.85, barracouta 0.06, coho 0.02, axolotl 0.01, sturgeon 0.01, 11.8ms
image 19/100 /mnt/yolo/data/classify_src/n02979186_10232.jpg: 640x640 tape_player 0.42, cassette_player 0.35, radio 0.10, CD_player 0.05, modem 0.02, 11.7ms
image 20/100 /mnt/yolo/data/classify_src/n02979186_10612.jpg: 640x640 modem 0.21, space_heater 0.07, oil_filter 0.05, safe 0.05, hand_blower 0.04, 11.8ms
image 21/100 /mnt/yolo/data/classify_src/n02979186_1171.jpg: 640x640 cassette_player 0.13, pick 0.12, can_opener 0.09, loupe 0.07, barometer 0.05, 25.7ms
image 22/100 /mnt/yolo/data/classify_src/n02979186_13740.jpg: 640x640 jersey 0.38, miniskirt 0.04, abaya 0.03, bulletproof_vest 0.02, punching_bag 0.02, 28.4ms
image 23/100 /mnt/yolo/data/classify_src/n02979186_14771.jpg: 640x640 tape_player 0.22, radio 0.19, cassette_player 0.19, CD_player 0.11, microwave 0.10, 13.0ms
image 24/100 /mnt/yolo/data/classify_src/n02979186_15511.jpg: 640x640 modem 0.58, tape_player 0.10, cassette_player 0.07, CD_player 0.02, switch 0.02, 18.6ms
image 25/100 /mnt/yolo/data/classify_src/n02979186_18572.jpg: 640x640 iron 0.20, modem 0.06, switch 0.06, can_opener 0.05, cleaver 0.04, 28.2ms
image 26/100 /mnt/yolo/data/classify_src/n02979186_1932.jpg: 640x640 modem 0.53, switch 0.06, lighter 0.04, hard_disc 0.03, iPod 0.03, 28.4ms
image 27/100 /mnt/yolo/data/classify_src/n02979186_22882.jpg: 640x640 cassette_player 0.28, harmonica 0.19, tape_player 0.19, CD_player 0.05, space_bar 0.02, 27.8ms
image 28/100 /mnt/yolo/data/classify_src/n02979186_280.jpg: 640x640 cassette_player 0.41, rotisserie 0.11, space_heater 0.04, trombone 0.03, spatula 0.03, 28.1ms
image 29/100 /mnt/yolo/data/classify_src/n02979186_4230.jpg: 640x640 tape_player 0.18, CD_player 0.17, oscilloscope 0.10, cellular_telephone 0.06, radio 0.06, 15.1ms
image 30/100 /mnt/yolo/data/classify_src/n02979186_5460.jpg: 640x640 modem 0.27, space_heater 0.15, hand-held_computer 0.09, cassette_player 0.08, space_bar 0.07, 11.9ms
image 31/100 /mnt/yolo/data/classify_src/n02979186_5781.jpg: 640x640 modem 0.60, space_heater 0.16, projector 0.06, cassette_player 0.05, radio 0.02, 11.7ms
image 32/100 /mnt/yolo/data/classify_src/n02979186_7531.jpg: 640x640 CD_player 0.57, tape_player 0.13, stove 0.10, cassette_player 0.04, digital_clock 0.03, 11.8ms
image 33/100 /mnt/yolo/data/classify_src/n02979186_7820.jpg: 640x640 cassette_player 0.19, loupe 0.12, combination_lock 0.08, cassette 0.08, frying_pan 0.06, 12.1ms
image 34/100 /mnt/yolo/data/classify_src/n03000684_10860.jpg: 640x640 chain_saw 0.59, power_drill 0.28, joystick 0.03, carpenter's_kit 0.01, mousetrap 0.01, 12.0ms
image 35/100 /mnt/yolo/data/classify_src/n03000684_11861.jpg: 640x640 chain_saw 0.78, can_opener 0.11, power_drill 0.02, plunger 0.01, moving_van 0.01, 18.6ms
image 36/100 /mnt/yolo/data/classify_src/n03000684_14502.jpg: 640x640 chain_saw 0.74, lumbermill 0.04, cowboy_boot 0.02, frilled_lizard 0.01, ox 0.01, 19.1ms
image 37/100 /mnt/yolo/data/classify_src/n03000684_15202.jpg: 640x640 chain_saw 0.27, assault_rifle 0.07, barrow 0.06, cowboy_boot 0.05, lumbermill 0.03, 12.8ms
image 38/100 /mnt/yolo/data/classify_src/n03000684_15300.jpg: 640x640 chain_saw 0.41, rotisserie 0.12, panpipe 0.04, thresher 0.03, chain_mail 0.02, 16.2ms
image 39/100 /mnt/yolo/data/classify_src/n03000684_16481.jpg: 640x640 cleaver 0.31, can_opener 0.09, spatula 0.05, dishwasher 0.05, milk_can 0.04, 25.1ms
image 40/100 /mnt/yolo/data/classify_src/n03000684_17140.jpg: 640x640 chain_saw 0.95, lawn_mower 0.02, croquet_ball 0.01, tractor 0.00, harvester 0.00, 16.2ms
image 41/100 /mnt/yolo/data/classify_src/n03000684_18521.jpg: 640x640 rock_beauty 0.43, tennis_ball 0.06, pill_bottle 0.06, power_drill 0.06, whistle 0.04, 19.2ms
image 42/100 /mnt/yolo/data/classify_src/n03000684_18590.jpg: 640x640 chain_saw 0.76, power_drill 0.08, can_opener 0.04, goldfish 0.02, cleaver 0.01, 15.1ms
image 43/100 /mnt/yolo/data/classify_src/n03000684_2060.jpg: 640x640 goldfish 0.15, chain_saw 0.13, milk_can 0.12, power_drill 0.08, oil_filter 0.06, 29.1ms
image 44/100 /mnt/yolo/data/classify_src/n03000684_272.jpg: 640x640 chain_saw 0.53, mailbag 0.03, hand-held_computer 0.02, harmonica 0.02, holster 0.02, 28.6ms
image 45/100 /mnt/yolo/data/classify_src/n03000684_2820.jpg: 640x640 chain_saw 0.71, hatchet 0.04, milk_can 0.03, cleaver 0.01, shovel 0.01, 12.0ms
image 46/100 /mnt/yolo/data/classify_src/n03000684_28702.jpg: 640x640 chain_saw 0.40, power_drill 0.09, hatchet 0.03, hammer 0.02, horizontal_bar 0.02, 11.9ms
image 47/100 /mnt/yolo/data/classify_src/n03000684_6142.jpg: 640x640 chain_saw 0.98, lawn_mower 0.00, reel 0.00, shovel 0.00, hatchet 0.00, 11.9ms
image 48/100 /mnt/yolo/data/classify_src/n03000684_6992.jpg: 640x640 jersey 0.42, sweatshirt 0.08, neck_brace 0.07, bulletproof_vest 0.05, power_drill 0.04, 11.9ms
image 49/100 /mnt/yolo/data/classify_src/n03000684_8831.jpg: 640x640 chain_saw 0.98, hatchet 0.00, cowboy_boot 0.00, shovel 0.00, power_drill 0.00, 12.0ms
image 50/100 /mnt/yolo/data/classify_src/n03028079_1.jpg: 640x640 bell_cote 0.22, airship 0.17, beacon 0.12, church 0.08, barn 0.06, 12.0ms
image 51/100 /mnt/yolo/data/classify_src/n03028079_10020.jpg: 640x640 church 0.21, barn 0.14, castle 0.11, suspension_bridge 0.08, bell_cote 0.05, 11.9ms
image 52/100 /mnt/yolo/data/classify_src/n03028079_10241.jpg: 640x640 chime 0.11, bannister 0.06, radiator 0.06, fire_screen 0.05, binder 0.05, 11.9ms
image 53/100 /mnt/yolo/data/classify_src/n03028079_10511.jpg: 640x640 drilling_platform 0.31, monastery 0.18, steel_arch_bridge 0.09, bell_cote 0.04, space_shuttle 0.04, 11.9ms
image 54/100 /mnt/yolo/data/classify_src/n03028079_13331.jpg: 640x640 vault 0.62, altar 0.10, monastery 0.07, fire_screen 0.05, dome 0.02, 11.7ms
image 55/100 /mnt/yolo/data/classify_src/n03028079_14310.jpg: 640x640 bell_cote 0.85, monastery 0.07, chime 0.01, beacon 0.01, guillotine 0.01, 11.7ms
image 56/100 /mnt/yolo/data/classify_src/n03028079_15102.jpg: 640x640 golf_ball 0.50, rugby_ball 0.11, soccer_ball 0.09, tennis_ball 0.04, croquet_ball 0.03, 11.8ms
image 57/100 /mnt/yolo/data/classify_src/n03028079_15961.jpg: 640x640 monastery 0.33, altar 0.21, vault 0.21, theater_curtain 0.08, organ 0.05, 12.1ms
image 58/100 /mnt/yolo/data/classify_src/n03028079_16660.jpg: 640x640 bell_cote 0.19, beacon 0.18, monastery 0.16, solar_dish 0.10, mobile_home 0.03, 28.6ms
image 59/100 /mnt/yolo/data/classify_src/n03028079_17351.jpg: 640x640 altar 0.57, vault 0.27, organ 0.05, monastery 0.04, throne 0.01, 13.1ms
image 60/100 /mnt/yolo/data/classify_src/n03028079_17432.jpg: 640x640 binder 0.22, space_shuttle 0.17, guillotine 0.07, solar_dish 0.04, printer 0.03, 18.5ms
image 61/100 /mnt/yolo/data/classify_src/n03028079_26390.jpg: 640x640 monastery 0.86, bell_cote 0.08, church 0.04, palace 0.01, dome 0.01, 12.1ms
image 62/100 /mnt/yolo/data/classify_src/n03028079_3600.jpg: 640x640 bell_cote 0.27, monastery 0.13, castle 0.04, church 0.03, vault 0.02, 24.9ms
image 63/100 /mnt/yolo/data/classify_src/n03028079_39321.jpg: 640x640 solar_dish 0.25, prison 0.13, fire_screen 0.12, bannister 0.06, window_screen 0.05, 15.6ms
image 64/100 /mnt/yolo/data/classify_src/n03028079_6292.jpg: 640x640 window_screen 0.09, toaster 0.06, wallet 0.04, bannister 0.03, fire_screen 0.03, 26.2ms
image 65/100 /mnt/yolo/data/classify_src/n03425413_10251.jpg: 640x640 stopwatch 0.08, whistle 0.06, whiskey_jug 0.06, barometer 0.06, gas_pump 0.04, 22.1ms
image 66/100 /mnt/yolo/data/classify_src/n03425413_1242.jpg: 640x640 gas_pump 0.13, window_screen 0.13, space_heater 0.06, fire_screen 0.05, turnstile 0.05, 12.0ms
image 67/100 /mnt/yolo/data/classify_src/n03425413_13581.jpg: 640x640 ashcan 0.29, mailbox 0.24, gas_pump 0.10, safe 0.07, pay-phone 0.03, 11.9ms
image 68/100 /mnt/yolo/data/classify_src/n03425413_14650.jpg: 640x640 gas_pump 0.96, pay-phone 0.00, tape_player 0.00, modem 0.00, vacuum 0.00, 11.8ms
image 69/100 /mnt/yolo/data/classify_src/n03425413_17072.jpg: 640x640 modem 0.09, space_heater 0.08, pole 0.03, screwdriver 0.03, shovel 0.03, 12.1ms
image 70/100 /mnt/yolo/data/classify_src/n03425413_17980.jpg: 640x640 gas_pump 0.86, pay-phone 0.01, vacuum 0.01, parking_meter 0.01, mailbox 0.01, 11.8ms
image 71/100 /mnt/yolo/data/classify_src/n03425413_19282.jpg: 640x640 chain_saw 0.11, hammer 0.10, screwdriver 0.07, hook 0.07, switch 0.06, 6.7ms
image 72/100 /mnt/yolo/data/classify_src/n03425413_19580.jpg: 640x640 fire_screen 0.11, guillotine 0.07, gas_pump 0.07, space_heater 0.06, bannister 0.05, 13.2ms
image 73/100 /mnt/yolo/data/classify_src/n03425413_20711.jpg: 640x640 hand-held_computer 0.13, combination_lock 0.11, modem 0.08, cash_machine 0.05, binder 0.04, 22.3ms
image 74/100 /mnt/yolo/data/classify_src/n03425413_27010.jpg: 640x640 gas_pump 0.86, pay-phone 0.06, parking_meter 0.05, cash_machine 0.00, sliding_door 0.00, 11.9ms
image 75/100 /mnt/yolo/data/classify_src/n03425413_4792.jpg: 640x640 space_heater 0.19, modem 0.11, gas_pump 0.08, cash_machine 0.05, tape_player 0.03, 12.0ms
image 76/100 /mnt/yolo/data/classify_src/n03425413_732.jpg: 640x640 shovel 0.11, guillotine 0.09, gas_pump 0.06, solar_dish 0.04, hook 0.03, 11.9ms
image 77/100 /mnt/yolo/data/classify_src/n03425413_8801.jpg: 640x640 gas_pump 0.13, punching_bag 0.13, bow 0.11, vacuum 0.08, modem 0.04, 5.7ms
image 78/100 /mnt/yolo/data/classify_src/n03888257_11081.jpg: 640x640 parachute 0.95, balloon 0.01, mountain_tent 0.01, seashore 0.01, umbrella 0.00, 8.5ms
image 79/100 /mnt/yolo/data/classify_src/n03888257_11580.jpg: 640x640 parachute 0.99, airship 0.00, balloon 0.00, space_shuttle 0.00, rock_beauty 0.00, 11.7ms
image 80/100 /mnt/yolo/data/classify_src/n03888257_15382.jpg: 640x640 parachute 0.94, balloon 0.04, umbrella 0.01, airship 0.00, mountain_tent 0.00, 11.8ms
image 81/100 /mnt/yolo/data/classify_src/n03888257_16081.jpg: 640x640 parachute 0.98, quill 0.01, plastic_bag 0.00, envelope 0.00, punching_bag 0.00, 21.8ms
image 82/100 /mnt/yolo/data/classify_src/n03888257_17421.jpg: 640x640 parachute 0.79, whistle 0.02, paintbrush 0.02, quill 0.02, umbrella 0.02, 17.6ms
image 83/100 /mnt/yolo/data/classify_src/n03888257_17641.jpg: 640x640 parachute 0.47, pick 0.05, spotlight 0.04, punching_bag 0.03, panpipe 0.02, 25.1ms
image 84/100 /mnt/yolo/data/classify_src/n03888257_18031.jpg: 640x640 sandbar 0.24, seashore 0.18, swimming_trunks 0.12, maillot_(tank_suit) 0.04, drilling_platform 0.04, 12.2ms
image 85/100 /mnt/yolo/data/classify_src/n03888257_18360.jpg: 640x640 screwdriver 0.33, quill 0.09, power_drill 0.07, plunger 0.06, horizontal_bar 0.05, 11.9ms
image 86/100 /mnt/yolo/data/classify_src/n03888257_19702.jpg: 640x640 parachute 0.76, airship 0.16, space_shuttle 0.01, quill 0.01, kite 0.01, 11.8ms
image 87/100 /mnt/yolo/data/classify_src/n03888257_19830.jpg: 640x640 parachute 0.90, airship 0.04, quill 0.01, kite 0.01, black_grouse 0.00, 11.8ms
image 88/100 /mnt/yolo/data/classify_src/n03888257_20151.jpg: 640x640 parachute 0.88, speedboat 0.03, airliner 0.03, plastic_bag 0.01, seashore 0.01, 12.1ms
image 89/100 /mnt/yolo/data/classify_src/n03888257_20572.jpg: 640x640 parachute 0.37, quill 0.06, golf_ball 0.05, spatula 0.04, ping-pong_ball 0.04, 11.9ms
image 90/100 /mnt/yolo/data/classify_src/n03888257_22972.jpg: 640x640 parachute 0.72, quill 0.03, screwdriver 0.03, airship 0.02, whistle 0.02, 12.0ms
image 91/100 /mnt/yolo/data/classify_src/n03888257_33931.jpg: 640x640 parachute 0.97, airship 0.02, balloon 0.00, flagpole 0.00, airliner 0.00, 11.8ms
image 92/100 /mnt/yolo/data/classify_src/n03888257_35621.jpg: 640x640 parachute 0.99, airship 0.00, space_shuttle 0.00, balloon 0.00, projectile 0.00, 11.9ms
image 93/100 /mnt/yolo/data/classify_src/n03888257_35800.jpg: 640x640 parachute 0.98, airship 0.00, balloon 0.00, flagpole 0.00, umbrella 0.00, 12.2ms
image 94/100 /mnt/yolo/data/classify_src/n03888257_38501.jpg: 640x640 airliner 0.45, speedboat 0.12, parachute 0.08, plastic_bag 0.05, trailer_truck 0.05, 28.6ms
image 95/100 /mnt/yolo/data/classify_src/n03888257_3932.jpg: 640x640 parachute 0.99, airship 0.00, airliner 0.00, space_shuttle 0.00, balloon 0.00, 27.9ms
image 96/100 /mnt/yolo/data/classify_src/n03888257_41260.jpg: 640x640 parachute 0.96, balloon 0.04, quill 0.00, mountain_tent 0.00, whistle 0.00, 21.6ms
image 97/100 /mnt/yolo/data/classify_src/n03888257_4561.jpg: 640x640 parachute 0.93, balloon 0.07, airship 0.00, mountain_tent 0.00, umbrella 0.00, 12.6ms
image 98/100 /mnt/yolo/data/classify_src/n03888257_50622.jpg: 640x640 parachute 0.99, balloon 0.01, airship 0.00, umbrella 0.00, quill 0.00, 12.0ms
image 99/100 /mnt/yolo/data/classify_src/n03888257_5722.jpg: 640x640 parachute 0.76, airship 0.04, plastic_bag 0.03, airliner 0.03, croquet_ball 0.03, 11.9ms
image 100/100 /mnt/yolo/data/classify_src/n03888257_6541.jpg: 640x640 parachute 0.69, mountain_tent 0.03, speedboat 0.02, tennis_ball 0.02, solar_dish 0.01, 12.0ms
Speed: 22.3ms preprocess, 15.5ms inference, 0.3ms postprocess per image at shape (1, 3, 640, 640)
Results saved to [1m/mnt/yolo/runs/cls555[0m
