Creating new Ultralytics Settings v0.0.6 file ✅ 
View Ultralytics Settings with 'yolo settings' or at '/root/.config/Ultralytics/settings.json'
Update Settings with 'yolo settings key=value', i.e. 'yolo settings runs_dir=path/to/dir'. For help see https://docs.ultralytics.com/quickstart/#ultralytics-settings.
Loading models/yolo11n-obb.engine for TensorRT inference...
[07/01/2026-08:15:35] [TRT] [I] Loaded engine size: 12 MiB
[07/01/2026-08:15:36] [TRT] [I] [MemUsageChange] TensorRT-managed allocation in IExecutionContext creation: CPU +0, GPU +51, now: CPU 0, GPU 61 (MiB)

image 1/100 /mnt/yolo/data/dota_src/images/P0027.jpg: 1024x1024 29 harbors, 35.4ms
image 2/100 /mnt/yolo/data/dota_src/images/P0047.jpg: 1024x1024 3 baseball diamonds, 1 ground track field, 1 soccer ball field, 43.3ms
image 3/100 /mnt/yolo/data/dota_src/images/P0056.jpg: 1024x1024 7 large vehicles, 8 small vehicles, 74.3ms
image 4/100 /mnt/yolo/data/dota_src/images/P0060.jpg: 1024x1024 145 swimming pools, 45.6ms
image 5/100 /mnt/yolo/data/dota_src/images/P0075.jpg: 1024x1024 1 roundabout, 1 swimming pool, 49.0ms
image 6/100 /mnt/yolo/data/dota_src/images/P0079.jpg: 1024x1024 2 small vehicles, 1 roundabout, 1 swimming pool, 39.9ms
image 7/100 /mnt/yolo/data/dota_src/images/P0168.jpg: 1024x1024 33 planes, 8 helicopters, 1 roundabout, 42.1ms
image 8/100 /mnt/yolo/data/dota_src/images/P0170.jpg: 1024x1024 27 planes, 4 large vehicles, 26 small vehicles, 47.4ms
image 9/100 /mnt/yolo/data/dota_src/images/P0175.jpg: 1024x1024 10 tennis courts, 2 small vehicles, 43.2ms
image 10/100 /mnt/yolo/data/dota_src/images/P0206.jpg: 1024x1024 10 tennis courts, 1 small vehicle, 42.2ms
image 11/100 /mnt/yolo/data/dota_src/images/P0237.jpg: 1024x1024 8 tennis courts, 12 small vehicles, 50.3ms
image 12/100 /mnt/yolo/data/dota_src/images/P0246.jpg: 1024x1024 25 large vehicles, 9 small vehicles, 43.8ms
image 13/100 /mnt/yolo/data/dota_src/images/P0257.jpg: 1024x1024 31 planes, 1 large vehicle, 49.3ms
image 14/100 /mnt/yolo/data/dota_src/images/P0261.jpg: 1024x1024 (no detections), 29.5ms
image 15/100 /mnt/yolo/data/dota_src/images/P0309.jpg: 1024x1024 7 harbors, 49.2ms
image 16/100 /mnt/yolo/data/dota_src/images/P0347.jpg: 1024x1024 1 ship, 8 harbors, 2 small vehicles, 49.0ms
image 17/100 /mnt/yolo/data/dota_src/images/P0348.jpg: 1024x1024 1 ship, 5 harbors, 48.9ms
image 18/100 /mnt/yolo/data/dota_src/images/P0352.jpg: 1024x1024 2 baseball diamonds, 5 tennis courts, 9 small vehicles, 49.0ms
image 19/100 /mnt/yolo/data/dota_src/images/P0396.jpg: 1024x1024 7 tennis courts, 55.3ms
image 20/100 /mnt/yolo/data/dota_src/images/P0414.jpg: 1024x1024 6 ships, 8 harbors, 12 small vehicles, 45.8ms
image 21/100 /mnt/yolo/data/dota_src/images/P0486.jpg: 1024x1024 26 large vehicles, 42 small vehicles, 39.6ms
image 22/100 /mnt/yolo/data/dota_src/images/P0499.jpg: 1024x1024 6 tennis courts, 6 small vehicles, 37.5ms
image 23/100 /mnt/yolo/data/dota_src/images/P0550.jpg: 1024x1024 6 ships, 11 harbors, 39.7ms
image 24/100 /mnt/yolo/data/dota_src/images/P0579.jpg: 1024x1024 1 ship, 8 harbors, 53.3ms
image 25/100 /mnt/yolo/data/dota_src/images/P0604.jpg: 1024x1024 11 harbors, 7 small vehicles, 1 swimming pool, 40.8ms
image 26/100 /mnt/yolo/data/dota_src/images/P0712.jpg: 1024x1024 36 large vehicles, 22 small vehicles, 48.9ms
image 27/100 /mnt/yolo/data/dota_src/images/P0795.jpg: 1024x1024 290 ships, 9 harbors, 1 swimming pool, 48.9ms
image 28/100 /mnt/yolo/data/dota_src/images/P0801.jpg: 1024x1024 291 ships, 9 harbors, 76.2ms
image 29/100 /mnt/yolo/data/dota_src/images/P0815.jpg: 1024x1024 1 baseball diamond, 6 tennis courts, 1 soccer ball field, 48.8ms
image 30/100 /mnt/yolo/data/dota_src/images/P0953.jpg: 1024x1024 11 harbors, 1 swimming pool, 80.0ms
image 31/100 /mnt/yolo/data/dota_src/images/P0964.jpg: 1024x1024 13 harbors, 1 small vehicle, 1 swimming pool, 75.2ms
image 32/100 /mnt/yolo/data/dota_src/images/P0977.jpg: 1024x1024 14 harbors, 4 small vehicles, 47.6ms
image 33/100 /mnt/yolo/data/dota_src/images/P1007.jpg: 1024x1024 50 harbors, 40.1ms
image 34/100 /mnt/yolo/data/dota_src/images/P1051.jpg: 1024x1024 8 tennis courts, 1 large vehicle, 99 small vehicles, 43.8ms
image 35/100 /mnt/yolo/data/dota_src/images/P1099.jpg: 1024x1024 7 tennis courts, 4 small vehicles, 2 swimming pools, 37.3ms
image 36/100 /mnt/yolo/data/dota_src/images/P1101.jpg: 1024x1024 6 tennis courts, 2 small vehicles, 23.6ms
image 37/100 /mnt/yolo/data/dota_src/images/P1134.jpg: 1024x1024 2 planes, 46.2ms
image 38/100 /mnt/yolo/data/dota_src/images/P1178.jpg: 1024x1024 11 planes, 2 storage tanks, 1 helicopter, 76.4ms
image 39/100 /mnt/yolo/data/dota_src/images/P1189.jpg: 1024x1024 9 tennis courts, 2 basketball courts, 41.8ms
image 40/100 /mnt/yolo/data/dota_src/images/P1212.jpg: 1024x1024 1 ship, 103.9ms
image 41/100 /mnt/yolo/data/dota_src/images/P1219.jpg: 1024x1024 (no detections), 39.4ms
image 42/100 /mnt/yolo/data/dota_src/images/P1234.jpg: 1024x1024 11 ships, 56 storage tanks, 3 bridges, 74.8ms
image 43/100 /mnt/yolo/data/dota_src/images/P1240.jpg: 1024x1024 5 ground track fields, 8 bridges, 1 roundabout, 24.4ms
image 44/100 /mnt/yolo/data/dota_src/images/P1246.jpg: 1024x1024 3 ships, 2 bridges, 43.0ms
image 45/100 /mnt/yolo/data/dota_src/images/P1257.jpg: 1024x1024 3 ground track fields, 2 bridges, 100.0ms
image 46/100 /mnt/yolo/data/dota_src/images/P1268.jpg: 1024x1024 5 ships, 6 bridges, 66.3ms
image 47/100 /mnt/yolo/data/dota_src/images/P1275.jpg: 1024x1024 29 ships, 1 harbor, 48.8ms
image 48/100 /mnt/yolo/data/dota_src/images/P1278.jpg: 1024x1024 1 ship, 1 harbor, 44.6ms
image 49/100 /mnt/yolo/data/dota_src/images/P1283.jpg: 1024x1024 1 harbor, 44.2ms
image 50/100 /mnt/yolo/data/dota_src/images/P1315.jpg: 1024x1024 7 bridges, 48.5ms
image 51/100 /mnt/yolo/data/dota_src/images/P1323.jpg: 1024x1024 10 bridges, 38.9ms
image 52/100 /mnt/yolo/data/dota_src/images/P1356.jpg: 1024x1024 5 ships, 4 bridges, 49.0ms
image 53/100 /mnt/yolo/data/dota_src/images/P1373.jpg: 1024x1024 42 planes, 15 storage tanks, 4 ground track fields, 1 soccer ball field, 47.5ms
image 54/100 /mnt/yolo/data/dota_src/images/P1376.jpg: 1024x1024 20 planes, 43.7ms
image 55/100 /mnt/yolo/data/dota_src/images/P1377.jpg: 1024x1024 1 tennis court, 1 roundabout, 2 soccer ball fields, 28 swimming pools, 49.3ms
image 56/100 /mnt/yolo/data/dota_src/images/P1432.jpg: 1024x1024 1 basketball court, 4 ground track fields, 2 soccer ball fields, 39.5ms
image 57/100 /mnt/yolo/data/dota_src/images/P1471.jpg: 1024x1024 3 basketball courts, 2 ground track fields, 1 soccer ball field, 49.2ms
image 58/100 /mnt/yolo/data/dota_src/images/P1474.jpg: 1024x1024 23 planes, 49.1ms
image 59/100 /mnt/yolo/data/dota_src/images/P1492.jpg: 1024x1024 5 planes, 45.9ms
image 60/100 /mnt/yolo/data/dota_src/images/P1541.jpg: 1024x1024 (no detections), 42.3ms
image 61/100 /mnt/yolo/data/dota_src/images/P1557.jpg: 1024x1024 (no detections), 46.2ms
image 62/100 /mnt/yolo/data/dota_src/images/P1584.jpg: 1024x1024 8 baseball diamonds, 3 ground track fields, 1 soccer ball field, 42.8ms
image 63/100 /mnt/yolo/data/dota_src/images/P1596.jpg: 1024x1024 1 ground track field, 47.3ms
image 64/100 /mnt/yolo/data/dota_src/images/P1610.jpg: 1024x1024 1 baseball diamond, 2 bridges, 46.6ms
image 65/100 /mnt/yolo/data/dota_src/images/P1623.jpg: 1024x1024 (no detections), 46.3ms
image 66/100 /mnt/yolo/data/dota_src/images/P1647.jpg: 1024x1024 9 storage tanks, 4 baseball diamonds, 1 ground track field, 3 bridges, 48.8ms
image 67/100 /mnt/yolo/data/dota_src/images/P1650.jpg: 1024x1024 6 baseball diamonds, 1 ground track field, 47.7ms
image 68/100 /mnt/yolo/data/dota_src/images/P1679.jpg: 1024x1024 (no detections), 42.1ms
image 69/100 /mnt/yolo/data/dota_src/images/P1700.jpg: 1024x1024 (no detections), 46.8ms
image 70/100 /mnt/yolo/data/dota_src/images/P1720.jpg: 1024x1024 2 roundabouts, 45.2ms
image 71/100 /mnt/yolo/data/dota_src/images/P1732.jpg: 1024x1024 4 baseball diamonds, 3 ground track fields, 1 bridge, 49.0ms
image 72/100 /mnt/yolo/data/dota_src/images/P1752.jpg: 1024x1024 1 ground track field, 2 bridges, 45.0ms
image 73/100 /mnt/yolo/data/dota_src/images/P1763.jpg: 1024x1024 (no detections), 48.8ms
image 74/100 /mnt/yolo/data/dota_src/images/P1786.jpg: 1024x1024 25 tennis courts, 1 ground track field, 4 harbors, 2 small vehicles, 1 soccer ball field, 48.7ms
image 75/100 /mnt/yolo/data/dota_src/images/P1787.jpg: 1024x1024 30 large vehicles, 14 small vehicles, 49.2ms
image 76/100 /mnt/yolo/data/dota_src/images/P1838.jpg: 1024x1024 26 large vehicles, 12 small vehicles, 45.3ms
image 77/100 /mnt/yolo/data/dota_src/images/P1860.jpg: 1024x1024 1 ship, 12 large vehicles, 14 small vehicles, 48.9ms
image 78/100 /mnt/yolo/data/dota_src/images/P1924.jpg: 1024x1024 30 large vehicles, 15 small vehicles, 41.5ms
image 79/100 /mnt/yolo/data/dota_src/images/P1958.jpg: 1024x1024 53 large vehicles, 10 small vehicles, 48.3ms
image 80/100 /mnt/yolo/data/dota_src/images/P1982.jpg: 1024x1024 94 large vehicles, 44 small vehicles, 48.6ms
image 81/100 /mnt/yolo/data/dota_src/images/P2003.jpg: 1024x1024 36 large vehicles, 58 small vehicles, 41.2ms
image 82/100 /mnt/yolo/data/dota_src/images/P2121.jpg: 1024x1024 1 baseball diamond, 8 tennis courts, 1 ground track field, 2 soccer ball fields, 44.5ms
image 83/100 /mnt/yolo/data/dota_src/images/P2124.jpg: 1024x1024 178 large vehicles, 3 small vehicles, 39.2ms
image 84/100 /mnt/yolo/data/dota_src/images/P2152.jpg: 1024x1024 1 large vehicle, 15 small vehicles, 1 swimming pool, 41.5ms
image 85/100 /mnt/yolo/data/dota_src/images/P2155.jpg: 1024x1024 60 large vehicles, 19 small vehicles, 39.9ms
image 86/100 /mnt/yolo/data/dota_src/images/P2194.jpg: 1024x1024 3 baseball diamonds, 9 tennis courts, 1 basketball court, 1 ground track field, 1 large vehicle, 3 soccer ball fields, 49.0ms
image 87/100 /mnt/yolo/data/dota_src/images/P2218.jpg: 1024x1024 12 planes, 41.9ms
image 88/100 /mnt/yolo/data/dota_src/images/P2220.jpg: 1024x1024 7 planes, 48.8ms
image 89/100 /mnt/yolo/data/dota_src/images/P2241.jpg: 1024x1024 3 baseball diamonds, 9 tennis courts, 3 large vehicles, 1 swimming pool, 43.1ms
image 90/100 /mnt/yolo/data/dota_src/images/P2285.jpg: 1024x1024 85 ships, 41.7ms
image 91/100 /mnt/yolo/data/dota_src/images/P2322.jpg: 1024x1024 5 ships, 39.8ms
image 92/100 /mnt/yolo/data/dota_src/images/P2337.jpg: 1024x1024 1 ship, 24 storage tanks, 2 bridges, 38.7ms
image 93/100 /mnt/yolo/data/dota_src/images/P2413.jpg: 1024x1024 2 roundabouts, 45.8ms
image 94/100 /mnt/yolo/data/dota_src/images/P2477.jpg: 1024x1024 2 roundabouts, 48.9ms
image 95/100 /mnt/yolo/data/dota_src/images/P2478.jpg: 1024x1024 2 roundabouts, 46.0ms
image 96/100 /mnt/yolo/data/dota_src/images/P2502.jpg: 1024x1024 5 ground track fields, 1 roundabout, 4 soccer ball fields, 47.0ms
image 97/100 /mnt/yolo/data/dota_src/images/P2539.jpg: 1024x1024 2 roundabouts, 1 soccer ball field, 49.1ms
image 98/100 /mnt/yolo/data/dota_src/images/P2577.jpg: 1024x1024 7 tennis courts, 48.8ms
image 99/100 /mnt/yolo/data/dota_src/images/P2689.jpg: 1024x1024 30 planes, 4 storage tanks, 1 bridge, 1 roundabout, 47.8ms
image 100/100 /mnt/yolo/data/dota_src/images/P2709.jpg: 1024x1024 7 ships, 94 storage tanks, 1 large vehicle, 43.7ms
Speed: 24.3ms preprocess, 47.9ms inference, 11.1ms postprocess per image at shape (1, 3, 1024, 1024)
Results saved to [1m/mnt/yolo/runs/obb_234[0m
