--- [Scoring for yolo-cls-1 (Model: yolo-cls)] ---
16:38:36.872 [Scored] gpu-orin2 -> Penalty: .770591 (P:5458, T:50, CS:27822, CurrentPods:0/5)
16:38:40.001 [Scored] gpu-orin3 -> Penalty: .632923 (P:4501, T:50, CS:21787, CurrentPods:0/5)
16:38:43.056 [Scored] gpuorin4-desktop -> Penalty: .373105 (P:3904, T:50, CS:6579, CurrentPods:0/5)
16:38:45.873 [Scored] gpuorin5-desktop -> Penalty: .363368 (P:5160, T:50, CS:1972, CurrentPods:0/5)
   -> [Candidate Pool In] gpu-orin3 (Diff: .269555)
   -> [Candidate Pool In] gpuorin4-desktop (Diff: .009737)
   -> [Candidate Pool In] gpuorin5-desktop (Diff: 0)
16:38:45.935 🎯 [Tie-Breaking] 후보군 3대 중 RR 인덱스 0 지정 -> Node [gpu-orin3] 선발!
>>> Final Decision: gpu-orin3
--- [Scoring for yolo-det-1 (Model: yolo-det)] ---
16:38:54.304 [Scored] gpu-orin2 -> Penalty: 1.779747 (P:5497, T:50, CS:26199, CurrentPods:0/5)
16:38:57.329 [Scored] gpu-orin3 -> Penalty: 1.609110 (P:5080, T:50, CS:22799, CurrentPods:1/5)
16:39:00.389 [Scored] gpuorin4-desktop -> Penalty: .763618 (P:3904, T:50, CS:3141, CurrentPods:0/5)
16:39:03.217 [Scored] gpuorin5-desktop -> Penalty: .867745 (P:5160, T:50, CS:2053, CurrentPods:0/5)
   -> [Candidate Pool In] gpuorin4-desktop (Diff: 0)
   -> [Candidate Pool In] gpuorin5-desktop (Diff: .104127)
16:39:03.276 🎯 [Tie-Breaking] 후보군 2대 중 RR 인덱스 0 지정 -> Node [gpuorin4-desktop] 선발!
>>> Final Decision: gpuorin4-desktop
--- [Scoring for yolo-seg-1 (Model: yolo-seg)] ---
16:39:10.936 [Scored] gpu-orin2 -> Penalty: 1.401607 (P:5546, T:50, CS:26962, CurrentPods:0/5)
16:39:13.953 [Scored] gpu-orin3 -> Penalty: 1.378480 (P:5160, T:50, CS:27354, CurrentPods:1/5)
16:39:16.946 [Scored] gpuorin4-desktop -> Penalty: .680211 (P:4687, T:50, CS:3881, CurrentPods:1/5)
16:39:19.819 [Scored] gpuorin5-desktop -> Penalty: .708394 (P:5280, T:50, CS:3016, CurrentPods:0/5)
   -> [Candidate Pool In] gpuorin4-desktop (Diff: 0)
   -> [Candidate Pool In] gpuorin5-desktop (Diff: .028183)
16:39:19.878 🎯 [Tie-Breaking] 후보군 2대 중 RR 인덱스 0 지정 -> Node [gpuorin4-desktop] 선발!
>>> Final Decision: gpuorin4-desktop
--- [Scoring for yolo-obb-1 (Model: yolo-obb)] ---
16:39:27.971 [Scored] gpu-orin2 -> Penalty: 2.392457 (P:5576, T:50, CS:26249, CurrentPods:0/5)
16:39:31.131 [Scored] gpu-orin3 -> Penalty: 2.241108 (P:4574, T:50, CS:26282, CurrentPods:1/5)
16:39:34.175 [Scored] gpuorin4-desktop -> Penalty: 1.302162 (P:5135, T:50, CS:5085, CurrentPods:2/5)
16:39:37.028 [Scored] gpuorin5-desktop -> Penalty: 1.428684 (P:5240, T:50, CS:7371, CurrentPods:0/5)
   -> [Candidate Pool In] gpuorin4-desktop (Diff: 0)
   -> [Candidate Pool In] gpuorin5-desktop (Diff: .126522)
16:39:37.086 🎯 [Tie-Breaking] 후보군 2대 중 RR 인덱스 0 지정 -> Node [gpuorin4-desktop] 선발!
>>> Final Decision: gpuorin4-desktop
--- [Scoring for yolo-pos-1 (Model: yolo-pos)] ---
16:39:45.254 [Scored] gpu-orin2 -> Penalty: 1.619831 (P:5427, T:50, CS:24798, CurrentPods:0/5)
16:39:48.290 [Scored] gpu-orin3 -> Penalty: 1.485964 (P:4574, T:50, CS:23560, CurrentPods:1/5)
16:39:51.197 [Scored] gpuorin4-desktop -> Penalty: 1.063556 (P:6966, T:50, CS:3600, CurrentPods:3/5)
16:39:54.084 [Scored] gpuorin5-desktop -> Penalty: .887147 (P:5160, T:50, CS:4122, CurrentPods:0/5)
   -> [Candidate Pool In] gpuorin4-desktop (Diff: .176409)
   -> [Candidate Pool In] gpuorin5-desktop (Diff: 0)
16:39:54.142 🎯 [Tie-Breaking] 후보군 2대 중 RR 인덱스 0 지정 -> Node [gpuorin4-desktop] 선발!
>>> Final Decision: gpuorin4-desktop
--- [Scoring for yolo-cls-2 (Model: yolo-cls)] ---
16:40:02.271 [Scored] gpu-orin2 -> Penalty: .739929 (P:5387, T:50, CS:26029, CurrentPods:0/5)
16:40:05.484 [Scored] gpu-orin3 -> Penalty: .689798 (P:4461, T:50, CS:25655, CurrentPods:1/5)
16:40:08.463 [Scored] gpuorin4-desktop -> Penalty: .450399 (P:5931, T:50, CS:5263, CurrentPods:4/5)
16:40:11.318 [Scored] gpuorin5-desktop -> Penalty: .383861 (P:5200, T:50, CS:3194, CurrentPods:0/5)
   -> [Candidate Pool In] gpu-orin3 (Diff: .305937)
   -> [Candidate Pool In] gpuorin4-desktop (Diff: .066538)
   -> [Candidate Pool In] gpuorin5-desktop (Diff: 0)
16:40:11.377 🎯 [Tie-Breaking] 후보군 3대 중 RR 인덱스 0 지정 -> Node [gpu-orin3] 선발!
>>> Final Decision: gpu-orin3
--- [Scoring for yolo-det-2 (Model: yolo-det)] ---
16:40:19.721 [Scored] gpu-orin2 -> Penalty: 1.800203 (P:5506, T:50, CS:26736, CurrentPods:0/5)
16:40:22.761 [Scored] gpu-orin3 -> Penalty: 1.592243 (P:5040, T:50, CS:22459, CurrentPods:2/5)
16:40:25.730 [Scored] gpuorin4-desktop -> Penalty: 1.166280 (P:6448, T:50, CS:6238, CurrentPods:4/5)
16:40:28.584 [Scored] gpuorin5-desktop -> Penalty: .923747 (P:5160, T:50, CS:3601, CurrentPods:0/5)
   -> [Candidate Pool In] gpuorin4-desktop (Diff: .242533)
   -> [Candidate Pool In] gpuorin5-desktop (Diff: 0)
16:40:28.642 🎯 [Tie-Breaking] 후보군 2대 중 RR 인덱스 0 지정 -> Node [gpuorin4-desktop] 선발!
>>> Final Decision: gpuorin4-desktop
--- [Scoring for yolo-seg-2 (Model: yolo-seg)] ---
16:40:36.282 [Scored] gpu-orin2 -> Penalty: 1.384750 (P:5427, T:50, CS:26735, CurrentPods:0/5)
16:40:39.285 [Scored] gpu-orin3 -> Penalty: 1.256940 (P:5080, T:50, CS:23261, CurrentPods:2/5)
[Filter] gpuorin4-desktop Skip (Capacity Saturated: 5/5 Pods)
16:40:42.213 [Scored] gpuorin5-desktop -> Penalty: .711695 (P:5160, T:50, CS:3513, CurrentPods:0/5)
   -> [Candidate Pool In] gpuorin5-desktop (Diff: 0)
16:40:42.259 🎯 [Tie-Breaking] 후보군 1대 중 RR 인덱스 0 지정 -> Node [gpuorin5-desktop] 선발!
>>> Final Decision: gpuorin5-desktop
--- [Scoring for yolo-obb-2 (Model: yolo-obb)] ---
16:40:49.853 [Scored] gpu-orin2 -> Penalty: 2.443858 (P:5458, T:50, CS:27685, CurrentPods:0/5)
16:40:52.989 [Scored] gpu-orin3 -> Penalty: 2.096052 (P:4574, T:50, CS:23281, CurrentPods:2/5)
[Filter] gpuorin4-desktop Skip (Capacity Saturated: 5/5 Pods)
16:40:55.863 [Scored] gpuorin5-desktop -> Penalty: 1.404936 (P:5960, T:50, CS:4606, CurrentPods:1/5)
   -> [Candidate Pool In] gpuorin5-desktop (Diff: 0)
16:40:55.879 🎯 [Tie-Breaking] 후보군 1대 중 RR 인덱스 0 지정 -> Node [gpuorin5-desktop] 선발!
>>> Final Decision: gpuorin5-desktop
--- [Scoring for yolo-pos-2 (Model: yolo-pos)] ---
16:41:03.938 [Scored] gpu-orin2 -> Penalty: 1.662510 (P:5576, T:50, CS:25581, CurrentPods:0/5)
16:41:07.129 [Scored] gpu-orin3 -> Penalty: 1.552315 (P:4541, T:50, CS:25613, CurrentPods:2/5)
[Filter] gpuorin4-desktop Skip (Capacity Saturated: 5/5 Pods)
16:41:10.057 [Scored] gpuorin5-desktop -> Penalty: 1.111756 (P:7775, T:50, CS:2461, CurrentPods:2/5)
   -> [Candidate Pool In] gpuorin5-desktop (Diff: 0)
16:41:10.102 🎯 [Tie-Breaking] 후보군 1대 중 RR 인덱스 0 지정 -> Node [gpuorin5-desktop] 선발!
>>> Final Decision: gpuorin5-desktop
